###############################################################################
#
# IAR ELF Linker V3.11.1.207 for STM8                     08/May/2026  15:02:24
# Copyright 2010-2019 IAR Systems AB.
#
#    Output file  =  
#        F:\Cubemx_Project\STM8XB\stm8s003f3p6_template_led_and_printf\EWSTM8\STM8S003F3\Exe\ek_stm8_template.out
#    Map file     =  
#        F:\Cubemx_Project\STM8XB\stm8s003f3p6_template_led_and_printf\EWSTM8\STM8S003F3\List\ek_stm8_template.map
#    Command line =  
#        -f C:\Users\AUSU\AppData\Local\Temp\EWE7B9.tmp
#        (F:\Cubemx_Project\STM8XB\stm8s003f3p6_template_led_and_printf\EWSTM8\STM8S003F3\Obj\ek_clk.o
#        F:\Cubemx_Project\STM8XB\stm8s003f3p6_template_led_and_printf\EWSTM8\STM8S003F3\Obj\ek_gpio.o
#        F:\Cubemx_Project\STM8XB\stm8s003f3p6_template_led_and_printf\EWSTM8\STM8S003F3\Obj\ek_tim.o
#        F:\Cubemx_Project\STM8XB\stm8s003f3p6_template_led_and_printf\EWSTM8\STM8S003F3\Obj\ek_uart.o
#        F:\Cubemx_Project\STM8XB\stm8s003f3p6_template_led_and_printf\EWSTM8\STM8S003F3\Obj\es1642.o
#        F:\Cubemx_Project\STM8XB\stm8s003f3p6_template_led_and_printf\EWSTM8\STM8S003F3\Obj\es1642_port_stm8.o
#        F:\Cubemx_Project\STM8XB\stm8s003f3p6_template_led_and_printf\EWSTM8\STM8S003F3\Obj\heater_ctrl.o
#        F:\Cubemx_Project\STM8XB\stm8s003f3p6_template_led_and_printf\EWSTM8\STM8S003F3\Obj\main.o
#        F:\Cubemx_Project\STM8XB\stm8s003f3p6_template_led_and_printf\EWSTM8\STM8S003F3\Obj\stm8s_adc1.o
#        F:\Cubemx_Project\STM8XB\stm8s003f3p6_template_led_and_printf\EWSTM8\STM8S003F3\Obj\stm8s_clk.o
#        F:\Cubemx_Project\STM8XB\stm8s003f3p6_template_led_and_printf\EWSTM8\STM8S003F3\Obj\stm8s_gpio.o
#        F:\Cubemx_Project\STM8XB\stm8s003f3p6_template_led_and_printf\EWSTM8\STM8S003F3\Obj\stm8s_it.o
#        F:\Cubemx_Project\STM8XB\stm8s003f3p6_template_led_and_printf\EWSTM8\STM8S003F3\Obj\stm8s_itc.o
#        F:\Cubemx_Project\STM8XB\stm8s003f3p6_template_led_and_printf\EWSTM8\STM8S003F3\Obj\stm8s_iwdg.o
#        F:\Cubemx_Project\STM8XB\stm8s003f3p6_template_led_and_printf\EWSTM8\STM8S003F3\Obj\stm8s_tim4.o
#        F:\Cubemx_Project\STM8XB\stm8s003f3p6_template_led_and_printf\EWSTM8\STM8S003F3\Obj\stm8s_uart1.o
#        --redirect _Printf=_PrintfSmall --redirect _Scanf=_ScanfSmall
#        --no_out_extension -o
#        F:\Cubemx_Project\STM8XB\stm8s003f3p6_template_led_and_printf\EWSTM8\STM8S003F3\Exe\ek_stm8_template.out
#        --map
#        F:\Cubemx_Project\STM8XB\stm8s003f3p6_template_led_and_printf\EWSTM8\STM8S003F3\List\ek_stm8_template.map
#        --config E:\IARSTM8\stm8\config\lnkstm8s003f3.icf --config_def
#        _CSTACK_SIZE=0x100 --config_def _HEAP_SIZE=0x100 --entry
#        __iar_program_start --debug_lib)
#
###############################################################################

*******************************************************************************
*** RUNTIME MODEL ATTRIBUTES
***

__SystemLibrary            = DLib
__code_model               = small
__core                     = stm8
__data_model               = medium
__dlib_file_descriptor     = 0
__dlib_full_locale_support = 0
__rt_version               = 4


*******************************************************************************
*** PLACEMENT SUMMARY
***

"A0":  place at start of [0x000000-0x0000ff] { rw section .vregs };
"A1":  place at end of [0x000000-0x0003ff] { block CSTACK };
"P2":  place in [from 0x000000 to 0x0003ff] {
          block HEAP, rw section __DLIB_PERTHREAD, rw section .far.bss,
          rw section .far.data, rw section .far.noinit,
          rw section .far_func.textrw, rw section .huge.bss,
          rw section .huge.data, rw section .huge.noinit,
          rw section .huge_func.textrw, rw section .iar.dynexit,
          rw section .near.bss, rw section .near.data, rw section .near.noinit,
          rw section .near_func.textrw };
"A2":  place at start of [0x008000-0x009fff] { block INTVEC };
"P3":  place in [from 0x008000 to 0x009fff] {
          ro section __DLIB_PERTHREAD_init, ro section .far.data_init,
          ro section .far_func.textrw_init, ro section .huge.data_init,
          ro section .huge_func.textrw_init, ro section .iar.init_table,
          ro section .init_array, ro section .near.data_init,
          ro section .near.rodata, ro section .near_func.text,
          ro section .near_func.textrw_init, ro section .tiny.data_init,
          ro section .tiny.rodata_init };
"P4":  place in [from 0x008000 to 0x009fff] {
          ro section .far.rodata, ro section .far_func.text };
"P5":  place in [from 0x008000 to 0x009fff] {
          ro section .huge.rodata, ro section .huge_func.text };
do not initialize {
   rw section .eeprom.noinit, rw section .far.noinit, rw section .huge.noinit,
   rw section .near.noinit, rw section .tiny.noinit, rw section .vregs };

No sections matched the following patterns:

  ro section .far.data_init          in "P3-P5"
  ro section .far.rodata             in "P3-P5"
  ro section .far_func.text          in "P3-P5"
  ro section .far_func.textrw_init   in "P3-P5"
  ro section .huge.data_init         in "P3-P5"
  ro section .huge.rodata            in "P3-P5"
  ro section .huge_func.text         in "P3-P5"
  ro section .huge_func.textrw_init  in "P3-P5"
  ro section .iar.init_table         in "P3-P5"
  ro section .init_array             in "P3-P5"
  ro section .near.data_init         in "P3-P5"
  ro section .near_func.textrw_init  in "P3-P5"
  ro section .tiny.data_init         in "P3-P5"
  ro section .tiny.rodata_init       in "P3-P5"
  ro section __DLIB_PERTHREAD_init   in "P3-P5"
  rw section .far.bss                in "P2"
  rw section .far.data               in "P2"
  rw section .far.noinit             in "P2"
  rw section .far_func.textrw        in "P2"
  rw section .huge.bss               in "P2"
  rw section .huge.data              in "P2"
  rw section .huge.noinit            in "P2"
  rw section .huge_func.textrw       in "P2"
  rw section .iar.dynexit            in "P2"
  rw section .near.data              in "P2"
  rw section .near.noinit            in "P2"
  rw section .near_func.textrw       in "P2"
  rw section .tiny.bss               in "P1"
  rw section .tiny.data              in "P1"
  rw section .tiny.noinit            in "P1"
  rw section .tiny.rodata            in "P1"
  rw section __DLIB_PERTHREAD        in "P2"
  section .eeprom.data               in "P6-P8"
  section .eeprom.noinit             in "P6-P8"
  section .eeprom.rodata             in "P6-P8"


  Section          Kind      Address    Size  Object
  -------          ----      -------    ----  ------
"A0":                                   0x10
  .vregs           uninit   0x000000    0x10  vregs.o [4]
                          - 0x000010    0x10

"P2":                                   0xc1
  .near.bss        zero     0x000010    0x53  es1642_port_stm8.o [1]
  .near.bss        zero     0x000063    0x40  ek_uart.o [1]
  .near.bss        zero     0x0000a3    0x11  es1642_port_stm8.o [1]
  .near.bss        zero     0x0000b4     0xc  es1642_port_stm8.o [1]
  .near.bss        zero     0x0000c0     0x6  es1642_port_stm8.o [1]
  .near.bss        zero     0x0000c6     0x4  ek_tim.o [1]
  .near.bss        zero     0x0000ca     0x2  heater_ctrl.o [1]
  .near.bss        zero     0x0000cc     0x1  ek_uart.o [1]
  .near.bss        zero     0x0000cd     0x1  ek_uart.o [1]
  .near.bss        zero     0x0000ce     0x1  heater_ctrl.o [1]
  .near.bss        zero     0x0000cf     0x1  heater_ctrl.o [1]
  .near.bss        zero     0x0000d0     0x1  heater_ctrl.o [1]
                          - 0x0000d1    0xc1

"A1":                                  0x100
  CSTACK                    0x000300   0x100  <Block>
    CSTACK         uninit   0x000300   0x100  <Block tail>
                          - 0x000400   0x100

"A2":                                   0x80
  INTVEC                    0x008000    0x80  <Block>
    .intvec        const    0x008000    0x80  interrupt.o [4]
                          - 0x008080    0x80

"P3-P5":                              0x1765
  .near_func.text  ro code  0x008080   0x442  es1642.o [1]
  .near_func.text  ro code  0x0084c2   0x1b6  stm8s_uart1.o [1]
  .near_func.text  ro code  0x008678   0x183  long.o [4]
  .near_func.text  ro code  0x0087fb   0x162  vreg_util.o [4]
  .near_func.text  ro code  0x00895d   0x13b  es1642_port_stm8.o [1]
  .near_func.text  ro code  0x008a98    0xd1  es1642.o [1]
  .near_func.text  ro code  0x008b69    0xad  stm8s_gpio.o [1]
  .near_func.text  ro code  0x008c16    0xa9  es1642.o [1]
  .near_func.text  ro code  0x008cbf    0x95  stm8s_uart1.o [1]
  .near.rodata     const    0x008d54    0x71  stm8s_uart1.o [1]
  .near.rodata     const    0x008dc5    0x70  stm8s_gpio.o [1]
  .near.rodata     const    0x008e35    0x70  stm8s_iwdg.o [1]
  .near.rodata     const    0x008ea5    0x70  stm8s_tim4.o [1]
  .near.rodata     const    0x008f15    0x6f  stm8s_clk.o [1]
  .near_func.text  ro code  0x008f84    0x63  stm8s_uart1.o [1]
  .near_func.text  ro code  0x008fe7    0x55  long_util.o [4]
  .near_func.text  ro code  0x00903c    0x54  es1642.o [1]
  .near_func.text  ro code  0x009090    0x44  ek_gpio.o [1]
  .near_func.text  ro code  0x0090d4    0x3f  es1642.o [1]
  .near_func.text  ro code  0x009113    0x3b  stm8s_clk.o [1]
  .near_func.text  ro code  0x00914e    0x3a  stm8s_tim4.o [1]
  .near_func.text  ro code  0x009188    0x39  main.o [1]
  .near_func.text  ro code  0x0091c1    0x36  stm8s_clk.o [1]
  .near_func.text  ro code  0x0091f7    0x34  stm8s_tim4.o [1]
  .near_func.text  ro code  0x00922b    0x2f  stm8s_iwdg.o [1]
  .near_func.text  ro code  0x00925a    0x2e  es1642_port_stm8.o [1]
  .near_func.text  ro code  0x009288    0x2c  ek_uart.o [1]
  .near_func.text  ro code  0x0092b4    0x2c  dc_util.o [4]
  .near_func.text  ro code  0x0092e0    0x2b  ek_uart.o [1]
  .near_func.text  ro code  0x00930b    0x2b  stm8s_uart1.o [1]
  .near_func.text  ro code  0x009336    0x2a  ek_uart.o [1]
  .near_func.text  ro code  0x009360    0x28  stm8s_clk.o [1]
  .near_func.text  ro code  0x009388    0x24  ek_tim.o [1]
  .near_func.text  ro code  0x0093ac    0x24  es1642.o [1]
  .near_func.text  ro code  0x0093d0    0x23  ek_uart.o [1]
  .near_func.text  ro code  0x0093f3    0x22  es1642.o [1]
  .near_func.text  ro code  0x009415    0x21  es1642_port_stm8.o [1]
  .iar.init_table  const    0x009436     0x8  - Linker created -
  .near_func.text  ro code  0x00943e    0x1f  memcpy.o [4]
  .near_func.text  ro code  0x00945d    0x1e  stm8s_it.o [1]
  .near_func.text  ro code  0x00947b    0x1e  init_small.o [4]
  .near_func.text  ro code  0x009499    0x1c  stm8s_iwdg.o [1]
  .near_func.text  ro code  0x0094b5    0x1a  short.o [4]
  .near_func.text  ro code  0x0094cf    0x19  ek_tim.o [1]
  .near_func.text  ro code  0x0094e8    0x19  ek_tim.o [1]
  .near_func.text  ro code  0x009501    0x19  stm8s_tim4.o [1]
  .near_func.text  ro code  0x00951a    0x19  stm8s_tim4.o [1]
  .near_func.text  ro code  0x009533    0x19  stm8s_tim4.o [1]
  .near_func.text  ro code  0x00954c    0x18  es1642_port_stm8.o [1]
  .near_func.text  ro code  0x009564    0x17  ek_gpio.o [1]
  .near_func.text  ro code  0x00957b    0x17  es1642.o [1]
  .near_func.text  ro code  0x009592    0x17  es1642.o [1]
  .near_func.text  ro code  0x0095a9    0x16  stm8s_it.o [1]
  .near_func.text  ro code  0x0095bf    0x16  stm8s_tim4.o [1]
  .near_func.text  ro code  0x0095d5    0x16  stm8s_tim4.o [1]
  .near_func.text  ro code  0x0095eb    0x16  memset.o [4]
  .near_func.text  ro code  0x009601    0x15  es1642.o [1]
  .near_func.text  ro code  0x009616    0x14  init.o [4]
  .near_func.text  ro code  0x00962a    0x14  __dbg_xxexit.o [3]
  .near_func.text  ro code  0x00963e    0x13  cstartup.o [4]
  .near_func.text  ro code  0x009651    0x10  es1642.o [1]
  .near_func.text  ro code  0x009661     0xe  es1642_port_stm8.o [1]
  .near_func.text  ro code  0x00966f     0xd  move.o [4]
  .near_func.text  ro code  0x00967c     0xb  es1642.o [1]
  .near_func.text  ro code  0x009687     0xb  stm8s_clk.o [1]
  .near_func.text  ro code  0x009692     0xb  stm8s_gpio.o [1]
  .near_func.text  ro code  0x00969d     0xb  stm8s_iwdg.o [1]
  .near_func.text  ro code  0x0096a8     0xb  stm8s_tim4.o [1]
  .near_func.text  ro code  0x0096b3     0xb  stm8s_uart1.o [1]
  .near_func.text  ro code  0x0096be     0xa  es1642.o [1]
  .near_func.text  ro code  0x0096c8     0x9  ek_tim.o [1]
  .near_func.text  ro code  0x0096d1     0x9  ek_uart.o [1]
  .near_func.text  ro code  0x0096da     0x9  es1642.o [1]
  .near_func.text  ro code  0x0096e3     0x9  es1642.o [1]
  .near_func.text  ro code  0x0096ec     0x9  stm8s_clk.o [1]
  .near_func.text  ro code  0x0096f5     0x9  stm8s_uart1.o [1]
  .near_func.text  ro code  0x0096fe     0x8  ek_clk.o [1]
  .near_func.text  ro code  0x009706     0x8  ek_gpio.o [1]
  .near_func.text  ro code  0x00970e     0x8  es1642.o [1]
  .near_func.text  ro code  0x009716     0x8  stm8s_uart1.o [1]
  .near_func.text  ro code  0x00971e     0x8  stm8s_uart1.o [1]
  .near_func.text  ro code  0x009726     0x7  es1642.o [1]
  .near_func.text  ro code  0x00972d     0x7  es1642.o [1]
  .near_func.text  ro code  0x009734     0x7  es1642.o [1]
  .near_func.text  ro code  0x00973b     0x7  es1642.o [1]
  .near_func.text  ro code  0x009742     0x7  es1642.o [1]
  .near_func.text  ro code  0x009749     0x7  es1642.o [1]
  .near_func.text  ro code  0x009750     0x7  stm8s_gpio.o [1]
  .near_func.text  ro code  0x009757     0x6  ek_gpio.o [1]
  .near_func.text  ro code  0x00975d     0x6  ek_gpio.o [1]
  .near_func.text  ro code  0x009763     0x6  es1642.o [1]
  .near_func.text  ro code  0x009769     0x6  es1642.o [1]
  .near_func.text  ro code  0x00976f     0x6  es1642.o [1]
  .near_func.text  ro code  0x009775     0x6  es1642.o [1]
  .near_func.text  ro code  0x00977b     0x6  es1642.o [1]
  .near_func.text  ro code  0x009781     0x6  stm8s_uart1.o [1]
  .near_func.text  ro code  0x009787     0x5  es1642.o [1]
  .near_func.text  ro code  0x00978c     0x5  es1642.o [1]
  .near_func.text  ro code  0x009791     0x5  stm8s_iwdg.o [1]
  .near_func.text  ro code  0x009796     0x5  stm8s_iwdg.o [1]
  .near_func.text  ro code  0x00979b     0x5  cexit.o [4]
  .near.rodata     const    0x0097a0     0x4  stm8s_clk.o [1]
  .near_func.text  ro code  0x0097a4     0x4  es1642.o [1]
  .near_func.text  ro code  0x0097a8     0x4  stm8s_gpio.o [1]
  .near_func.text  ro code  0x0097ac     0x4  stm8s_iwdg.o [1]
  .near_func.text  ro code  0x0097b0     0x4  stm8s_uart1.o [1]
  .near.rodata     const    0x0097b4     0x3  es1642_port_stm8.o [1]
  .near.rodata     const    0x0097b7     0x3  es1642_port_stm8.o [1]
  .near.rodata     const    0x0097ba     0x3  es1642_port_stm8.o [1]
  .near.rodata     const    0x0097bd     0x3  es1642_port_stm8.o [1]
  .near_func.text  ro code  0x0097c0     0x3  es1642_port_stm8.o [1]
  .near_func.text  ro code  0x0097c3     0x3  interrupt.o [4]
  .near_func.text  ro code  0x0097c6     0x3  low_level_init.o [4]
  .near_func.text  ro code  0x0097c9     0x3  exit.o [4]
  .near_func.text  ro code  0x0097cc     0x3  unhandled_exception.o [4]
  .near_func.text  ro code  0x0097cf     0x2  main.o [1]
  .near_func.text  ro code  0x0097d1     0x1  ek_tim.o [1]
  .near_func.text  ro code  0x0097d2     0x1  stm8s_it.o [1]
  .near_func.text  ro code  0x0097d3     0x1  stm8s_it.o [1]
  .near_func.text  ro code  0x0097d4     0x1  stm8s_it.o [1]
  .near_func.text  ro code  0x0097d5     0x1  stm8s_it.o [1]
  .near_func.text  ro code  0x0097d6     0x1  stm8s_it.o [1]
  .near_func.text  ro code  0x0097d7     0x1  stm8s_it.o [1]
  .near_func.text  ro code  0x0097d8     0x1  stm8s_it.o [1]
  .near_func.text  ro code  0x0097d9     0x1  stm8s_it.o [1]
  .near_func.text  ro code  0x0097da     0x1  stm8s_it.o [1]
  .near_func.text  ro code  0x0097db     0x1  stm8s_it.o [1]
  .near_func.text  ro code  0x0097dc     0x1  stm8s_it.o [1]
  .near_func.text  ro code  0x0097dd     0x1  stm8s_it.o [1]
  .near_func.text  ro code  0x0097de     0x1  stm8s_it.o [1]
  .near_func.text  ro code  0x0097df     0x1  stm8s_it.o [1]
  .near_func.text  ro code  0x0097e0     0x1  stm8s_it.o [1]
  .near_func.text  ro code  0x0097e1     0x1  stm8s_it.o [1]
  .near_func.text  ro code  0x0097e2     0x1  stm8s_it.o [1]
  .near_func.text  ro code  0x0097e3     0x1  stm8s_it.o [1]
  .near_func.text  ro code  0x0097e4     0x1  __dbg_break.o [3]
                          - 0x0097e5  0x1765


*******************************************************************************
*** INIT TABLE
***

          Address   Size
          -------   ----
Zero (__iar_zero_init2)
    1 destination range, total size 0xc1:
          0x000010  0xc1



*******************************************************************************
*** MODULE SUMMARY
***

    Module                 ro code  ro data  rw data
    ------                 -------  -------  -------
F:\Cubemx_Project\STM8XB\stm8s003f3p6_template_led_and_printf\EWSTM8\STM8S003F3\Obj: [1]
    ek_clk.o                     8
    ek_gpio.o                  111
    ek_tim.o                    96                 4
    ek_uart.o                  173                66
    es1642.o                 1 901
    es1642_port_stm8.o         435       12      118
    heater_ctrl.o                                  5
    main.o                      59
    stm8s_clk.o                173      115
    stm8s_gpio.o               195      112
    stm8s_it.o                  70
    stm8s_iwdg.o               100      112
    stm8s_tim4.o               240      112
    stm8s_uart1.o              775      113
    ------------------------------------------------
    Total:                   4 336      576      193

command line: [2]
    ------------------------------------------------
    Total:

dbgstm8smd.a: [3]
    __dbg_break.o                1
    __dbg_xxexit.o              20
    ------------------------------------------------
    Total:                      21

dlstm8smn.a: [4]
    cexit.o                      5
    cstartup.o                  19
    dc_util.o                   44
    exit.o                       3
    init.o                      20
    init_small.o                30
    interrupt.o                  3      128
    long.o                     387
    long_util.o                 85
    low_level_init.o             3
    memcpy.o                    31
    memset.o                    22
    move.o                      13
    short.o                     26
    unhandled_exception.o        3
    vreg_util.o                354
    vregs.o                                       16
    ------------------------------------------------
    Total:                   1 048      128       16

    Linker created                        8      256
----------------------------------------------------
    Grand Total:             5 405      712      465


*******************************************************************************
*** ENTRY LIST
***

Entry                    Address   Size  Type      Object
-----                    -------   ----  ----      ------
.iar.init_table$$Base   0x009436          --   Gb  - Linker created -
.iar.init_table$$Limit  0x00943e          --   Gb  - Linker created -
?b0                     0x000000         Data  Gb  vregs.o [4]
?b1                     0x000001         Data  Gb  vregs.o [4]
?b10                    0x00000a         Data  Gb  vregs.o [4]
?b11                    0x00000b         Data  Gb  vregs.o [4]
?b12                    0x00000c         Data  Gb  vregs.o [4]
?b13                    0x00000d         Data  Gb  vregs.o [4]
?b14                    0x00000e         Data  Gb  vregs.o [4]
?b15                    0x00000f         Data  Gb  vregs.o [4]
?b2                     0x000002         Data  Gb  vregs.o [4]
?b3                     0x000003         Data  Gb  vregs.o [4]
?b4                     0x000004         Data  Gb  vregs.o [4]
?b5                     0x000005         Data  Gb  vregs.o [4]
?b6                     0x000006         Data  Gb  vregs.o [4]
?b7                     0x000007         Data  Gb  vregs.o [4]
?b8                     0x000008         Data  Gb  vregs.o [4]
?b9                     0x000009         Data  Gb  vregs.o [4]
?dc32_l0                0x0092bb         Code  Gb  dc_util.o [4]
?dc32_l1                0x0092c8         Code  Gb  dc_util.o [4]
?dc32_px                0x0092d5         Code  Gb  dc_util.o [4]
?dc8_px                 0x0092b4         Code  Gb  dc_util.o [4]
?dec32_0x_0x            0x00867d         Code  Gb  long.o [4]
?dec32_l0_l0            0x008678         Code  Gb  long.o [4]
?e0                     0x000001         Data  Gb  vregs.o [4]
?e1                     0x000005         Data  Gb  vregs.o [4]
?e2                     0x000009         Data  Gb  vregs.o [4]
?e3                     0x00000d         Data  Gb  vregs.o [4]
?epilogue_l2            0x0088a7         Code  Gb  vreg_util.o [4]
?epilogue_l2_l3         0x0088a4         Code  Gb  vreg_util.o [4]
?epilogue_l2_w6         0x0088ab         Code  Gb  vreg_util.o [4]
?epilogue_w4            0x0088b2         Code  Gb  vreg_util.o [4]
?l0                     0x000000         Data  Gb  vregs.o [4]
?l1                     0x000004         Data  Gb  vregs.o [4]
?l2                     0x000008         Data  Gb  vregs.o [4]
?l3                     0x00000c         Data  Gb  vregs.o [4]
?load32_0x_l0           0x009020         Code  Gb  long_util.o [4]
?load32_0x_l1           0x00902e         Code  Gb  long_util.o [4]
?load32_asp_l0          0x009014         Code  Gb  long_util.o [4]
?load32_dbsp_l0         0x00900f         Code  Gb  long_util.o [4]
?load32_l0_0x           0x008ff7         Code  Gb  long_util.o [4]
?load32_l0_asp          0x008fec         Code  Gb  long_util.o [4]
?load32_l0_dbsp         0x008fe7         Code  Gb  long_util.o [4]
?load32_l0_xsp          0x008fee         Code  Gb  long_util.o [4]
?load32_l1_0x           0x009003         Code  Gb  long_util.o [4]
?load32_xsp_l0          0x009016         Code  Gb  long_util.o [4]
?mov_e0_e1              0x0088f8         Code  Gb  vreg_util.o [4]
?mov_e0_e2              0x008905         Code  Gb  vreg_util.o [4]
?mov_e0_e3              0x008912         Code  Gb  vreg_util.o [4]
?mov_e1_e0              0x00891f         Code  Gb  vreg_util.o [4]
?mov_e1_e2              0x00892c         Code  Gb  vreg_util.o [4]
?mov_e1_e3              0x008939         Code  Gb  vreg_util.o [4]
?mov_e2_e0              0x008946         Code  Gb  vreg_util.o [4]
?mov_e3_e0              0x008953         Code  Gb  vreg_util.o [4]
?mov_l0_l1              0x0088f5         Code  Gb  vreg_util.o [4]
?mov_l0_l2              0x008902         Code  Gb  vreg_util.o [4]
?mov_l0_l3              0x00890f         Code  Gb  vreg_util.o [4]
?mov_l1_l0              0x00891c         Code  Gb  vreg_util.o [4]
?mov_l1_l2              0x008929         Code  Gb  vreg_util.o [4]
?mov_l1_l3              0x008936         Code  Gb  vreg_util.o [4]
?mov_l2_l0              0x008943         Code  Gb  vreg_util.o [4]
?mov_l3_l0              0x008950         Code  Gb  vreg_util.o [4]
?mov_w0_w4              0x0088b6         Code  Gb  vreg_util.o [4]
?mov_w0_w7              0x0088bd         Code  Gb  vreg_util.o [4]
?mov_w1_w3              0x0088fb         Code  Gb  vreg_util.o [4]
?mov_w1_w5              0x008908         Code  Gb  vreg_util.o [4]
?mov_w1_w6              0x0088c4         Code  Gb  vreg_util.o [4]
?mov_w1_w7              0x008915         Code  Gb  vreg_util.o [4]
?mov_w2_w1              0x0088cb         Code  Gb  vreg_util.o [4]
?mov_w2_w6              0x0088d2         Code  Gb  vreg_util.o [4]
?mov_w3_w1              0x008922         Code  Gb  vreg_util.o [4]
?mov_w3_w5              0x00892f         Code  Gb  vreg_util.o [4]
?mov_w3_w7              0x00893c         Code  Gb  vreg_util.o [4]
?mov_w4_w0              0x0088d9         Code  Gb  vreg_util.o [4]
?mov_w4_w1              0x0088e0         Code  Gb  vreg_util.o [4]
?mov_w5_w1              0x008949         Code  Gb  vreg_util.o [4]
?mov_w6_w5              0x0088e7         Code  Gb  vreg_util.o [4]
?mov_w7_w0              0x0088ee         Code  Gb  vreg_util.o [4]
?mov_w7_w1              0x008956         Code  Gb  vreg_util.o [4]
?move1616_v_x_y_a       0x00966f         Code  Gb  move.o [4]
?mul32_l0_l0_0x         0x0086af         Code  Gb  long.o [4]
?mul32_l0_l0_dl         0x0086ac         Code  Gb  long.o [4]
?mul32_l0_l0_l1         0x0086b8         Code  Gb  long.o [4]
?or32_l0_l0_0x          0x0087b9         Code  Gb  long.o [4]
?or32_l0_l0_l1          0x0087b6         Code  Gb  long.o [4]
?pop_l0                 0x008870         Code  Gb  vreg_util.o [4]
?pop_l1                 0x00887b         Code  Gb  vreg_util.o [4]
?pop_l2                 0x008886         Code  Gb  vreg_util.o [4]
?pop_l3                 0x008891         Code  Gb  vreg_util.o [4]
?pop_w4                 0x008822         Code  Gb  vreg_util.o [4]
?pop_w6                 0x008829         Code  Gb  vreg_util.o [4]
?pop_w7                 0x008830         Code  Gb  vreg_util.o [4]
?push_l0                0x00883f         Code  Gb  vreg_util.o [4]
?push_l1                0x008844         Code  Gb  vreg_util.o [4]
?push_l2                0x008849         Code  Gb  vreg_util.o [4]
?push_l3                0x00884e         Code  Gb  vreg_util.o [4]
?push_w3                0x0087fb         Code  Gb  vreg_util.o [4]
?push_w4                0x008800         Code  Gb  vreg_util.o [4]
?push_w6                0x008805         Code  Gb  vreg_util.o [4]
?push_w7                0x00880a         Code  Gb  vreg_util.o [4]
?sll16_x_x_10           0x0094bf         Code  Gb  short.o [4]
?sll16_x_x_11           0x0094be         Code  Gb  short.o [4]
?sll16_x_x_12           0x0094bd         Code  Gb  short.o [4]
?sll16_x_x_4            0x0094c5         Code  Gb  short.o [4]
?sll16_x_x_5            0x0094c4         Code  Gb  short.o [4]
?sll16_x_x_6            0x0094c3         Code  Gb  short.o [4]
?sll16_x_x_7            0x0094c2         Code  Gb  short.o [4]
?sll16_x_x_8            0x0094c1         Code  Gb  short.o [4]
?sll16_x_x_9            0x0094c0         Code  Gb  short.o [4]
?sll16_x_x_a            0x0094b5         Code  Gb  short.o [4]
?sll32_0x_0x_a          0x0087d8         Code  Gb  long.o [4]
?sll32_l0_l0_a          0x0087d5         Code  Gb  long.o [4]
?sll32_l0_l0_db         0x0087d1         Code  Gb  long.o [4]
?srl16_x_x_4            0x0094ca         Code  Gb  short.o [4]
?srl32_0x_0x_a          0x0087ed         Code  Gb  long.o [4]
?srl32_l0_l0_a          0x0087ea         Code  Gb  long.o [4]
?srl32_l0_l0_db         0x0087e6         Code  Gb  long.o [4]
?sub32_l0_l0_0x         0x008694         Code  Gb  long.o [4]
?sub32_l0_l0_l1         0x008691         Code  Gb  long.o [4]
?ucmp32_c_l0_l1         0x0087ab         Code  Gb  long.o [4]
?udiv32_l0_dl_l1        0x008736         Code  Gb  long.o [4]
?udiv32_l0_l0_dl        0x00873b         Code  Gb  long.o [4]
?udiv32_l0_l0_l1        0x00873e         Code  Gb  long.o [4]
?umod32_l1_l0_l1        0x00873e         Code  Gb  long.o [4]
?w0                     0x000000         Data  Gb  vregs.o [4]
?w1                     0x000002         Data  Gb  vregs.o [4]
?w2                     0x000004         Data  Gb  vregs.o [4]
?w3                     0x000006         Data  Gb  vregs.o [4]
?w4                     0x000008         Data  Gb  vregs.o [4]
?w5                     0x00000a         Data  Gb  vregs.o [4]
?w6                     0x00000c         Data  Gb  vregs.o [4]
?w7                     0x00000e         Data  Gb  vregs.o [4]
ADC1_IRQHandler         0x0097e2    0x1  Code  Gb  stm8s_it.o [1]
AWU_IRQHandler          0x0097d4    0x1  Code  Gb  stm8s_it.o [1]
CLK_DeInit              0x0091c1   0x36  Code  Gb  stm8s_clk.o [1]
CLK_GetClockFreq        0x009113   0x3b  Code  Gb  stm8s_clk.o [1]
CLK_HSIPrescalerConfig  0x009360   0x28  Code  Gb  stm8s_clk.o [1]
CLK_IRQHandler          0x0097d5    0x1  Code  Gb  stm8s_it.o [1]
CSTACK$$Base            0x000300          --   Gb  - Linker created -
CSTACK$$Limit           0x000400          --   Gb  - Linker created -
EEPROM_EEC_IRQHandler   0x0097e3    0x1  Code  Gb  stm8s_it.o [1]
ES1642_BuildFrame       0x008c16   0xa9  Code  Gb  es1642.o [1]
ES1642_DecodeEmptyResponse
                        0x00957b   0x17  Code  Gb  es1642.o [1]
ES1642_DecodeMac        0x0093f3   0x22  Code  Gb  es1642.o [1]
ES1642_DecodeRecvData   0x008a98   0xd1  Code  Gb  es1642.o [1]
ES1642_DecodeSearchNotify
                        0x00903c   0x54  Code  Gb  es1642.o [1]
ES1642_Init             0x0080f3   0x2a  Code  Gb  es1642.o [1]
ES1642_InputByte        0x008266   0xfd  Code  Gb  es1642.o [1]
ES1642_MakeSearchReplyCtrl
                        0x008134    0x9  Code  Gb  es1642.o [1]
ES1642_MakeSendDataCtrlByte
                        0x00812b    0x9  Code  Gb  es1642.o [1]
ES1642_ParseFrame       0x00813d  0x129  Code  Gb  es1642.o [1]
ES1642_ReadMac          0x009661    0xe  Code  Gb  es1642_port_stm8.o [1]
ES1642_ResetRx          0x00811d    0xe  Code  Gb  es1642.o [1]
ES1642_SendData         0x0083a6   0x7d  Code  Gb  es1642.o [1]
ES1642_SendFrame        0x008080   0x73  Code  Gb  es1642.o [1]
ES1642_SendReadMac      0x008379    0xc  Code  Gb  es1642.o [1]
ES1642_SendSearchReply  0x008423   0x82  Code  Gb  es1642.o [1]
ES1642_SendSetAddr      0x00838c   0x1a  Code  Gb  es1642.o [1]
EXTI_PORTA_IRQHandler   0x0097d6    0x1  Code  Gb  stm8s_it.o [1]
EXTI_PORTB_IRQHandler   0x0097d7    0x1  Code  Gb  stm8s_it.o [1]
EXTI_PORTC_IRQHandler   0x0097d8    0x1  Code  Gb  stm8s_it.o [1]
EXTI_PORTD_IRQHandler   0x0097d9    0x1  Code  Gb  stm8s_it.o [1]
EXTI_PORTE_IRQHandler   0x0097da    0x1  Code  Gb  stm8s_it.o [1]
GPIO_Init               0x008b69   0xad  Code  Gb  stm8s_gpio.o [1]
GPIO_WriteHigh          0x009750    0x7  Code  Gb  stm8s_gpio.o [1]
GPIO_WriteLow           0x0097a8    0x4  Code  Gb  stm8s_gpio.o [1]
HSIDivFactor            0x0097a0    0x4  Data  Gb  stm8s_clk.o [1]
I2C_IRQHandler          0x0097e1    0x1  Code  Gb  stm8s_it.o [1]
INTVEC$$Base            0x008000          --   Gb  - Linker created -
INTVEC$$Limit           0x008080          --   Gb  - Linker created -
IWDG_Enable             0x009796    0x5  Code  Gb  stm8s_iwdg.o [1]
IWDG_ReloadCounter      0x009791    0x5  Code  Gb  stm8s_iwdg.o [1]
IWDG_SetPrescaler       0x00922b   0x2f  Code  Gb  stm8s_iwdg.o [1]
IWDG_SetReload          0x0097ac    0x4  Code  Gb  stm8s_iwdg.o [1]
IWDG_WriteAccessCmd     0x009499   0x1c  Code  Gb  stm8s_iwdg.o [1]
Region$$Table$$Base     0x009436          --   Gb  - Linker created -
Region$$Table$$Limit    0x00943e          --   Gb  - Linker created -
SPI_IRQHandler          0x0097db    0x1  Code  Gb  stm8s_it.o [1]
TIM1_CAP_COM_IRQHandler
                        0x0097dd    0x1  Code  Gb  stm8s_it.o [1]
TIM1_UPD_OVF_TRG_BRK_IRQHandler
                        0x0097dc    0x1  Code  Gb  stm8s_it.o [1]
TIM2_CAP_COM_IRQHandler
                        0x0097df    0x1  Code  Gb  stm8s_it.o [1]
TIM2_UPD_OVF_BRK_IRQHandler
                        0x0097de    0x1  Code  Gb  stm8s_it.o [1]
TIM4_ARRPreloadConfig   0x0095d5   0x16  Code  Gb  stm8s_tim4.o [1]
TIM4_ClearFlag          0x00951a   0x19  Code  Gb  stm8s_tim4.o [1]
TIM4_ClearITPendingBit  0x009533   0x19  Code  Gb  stm8s_tim4.o [1]
TIM4_Cmd                0x0095bf   0x16  Code  Gb  stm8s_tim4.o [1]
TIM4_DeInit             0x009501   0x19  Code  Gb  stm8s_tim4.o [1]
TIM4_ITConfig           0x0091f7   0x34  Code  Gb  stm8s_tim4.o [1]
TIM4_TimeBaseInit       0x00914e   0x3a  Code  Gb  stm8s_tim4.o [1]
TIM4_UPD_OVF_IRQHandler
                        0x00945d   0x1e  Code  Gb  stm8s_it.o [1]
TLI_IRQHandler          0x0097d3    0x1  Code  Gb  stm8s_it.o [1]
TRAP_IRQHandler         0x0097d2    0x1  Code  Gb  stm8s_it.o [1]
UART1_DeInit            0x00930b   0x2b  Code  Gb  stm8s_uart1.o [1]
UART1_GetFlagStatus     0x008f84   0x63  Code  Gb  stm8s_uart1.o [1]
UART1_ITConfig          0x008cbf   0x95  Code  Gb  stm8s_uart1.o [1]
UART1_Init              0x0084c2  0x1b6  Code  Gb  stm8s_uart1.o [1]
UART1_RX_IRQHandler     0x0095a9   0x16  Code  Gb  stm8s_it.o [1]
UART1_SendData8         0x0097b0    0x4  Code  Gb  stm8s_uart1.o [1]
UART1_TX_IRQHandler     0x0097e0    0x1  Code  Gb  stm8s_it.o [1]
__DebugBreak            0x0097e4    0x1  Code  Gb  __dbg_break.o [3]
__exit                  0x00962a   0x14  Code  Gb  __dbg_xxexit.o [3]
__iar_data_init2        0x009616   0x14  Code  Gb  init.o [4]
__iar_program_start     0x00963e         Code  Gb  cstartup.o [4]
__iar_unhandled_exception
                        0x0097cc         Code  Gb  unhandled_exception.o [4]
__iar_zero_init2        0x00947b         Code  Gb  init_small.o [4]
__intvec                0x008000         Data  Gb  interrupt.o [4]
__low_level_init        0x0097c6    0x3  Code  Gb  low_level_init.o [4]
_exit                   0x00979b         Code  Gb  cexit.o [4]
_interrupt_1            0x0097d2         Code  Gb  stm8s_it.o [1]
_interrupt_12           0x0097db         Code  Gb  stm8s_it.o [1]
_interrupt_13           0x0097dc         Code  Gb  stm8s_it.o [1]
_interrupt_14           0x0097dd         Code  Gb  stm8s_it.o [1]
_interrupt_15           0x0097de         Code  Gb  stm8s_it.o [1]
_interrupt_16           0x0097df         Code  Gb  stm8s_it.o [1]
_interrupt_19           0x0097e0         Code  Gb  stm8s_it.o [1]
_interrupt_2            0x0097d3         Code  Gb  stm8s_it.o [1]
_interrupt_20           0x0095a9         Code  Gb  stm8s_it.o [1]
_interrupt_21           0x0097e1         Code  Gb  stm8s_it.o [1]
_interrupt_24           0x0097e2         Code  Gb  stm8s_it.o [1]
_interrupt_25           0x00945d         Code  Gb  stm8s_it.o [1]
_interrupt_26           0x0097e3         Code  Gb  stm8s_it.o [1]
_interrupt_3            0x0097d4         Code  Gb  stm8s_it.o [1]
_interrupt_4            0x0097d5         Code  Gb  stm8s_it.o [1]
_interrupt_5            0x0097d6         Code  Gb  stm8s_it.o [1]
_interrupt_6            0x0097d7         Code  Gb  stm8s_it.o [1]
_interrupt_7            0x0097d8         Code  Gb  stm8s_it.o [1]
_interrupt_8            0x0097d9         Code  Gb  stm8s_it.o [1]
_interrupt_9            0x0097da         Code  Gb  stm8s_it.o [1]
assert_failed           0x0097cf    0x2  Code  Gb  main.o [1]
board_outputs_all_off   0x009564   0x17  Code  Gb  ek_gpio.o [1]
ek_delay                0x0094cf   0x19  Code  Gb  ek_tim.o [1]
ek_delay_counter        0x0094e8   0x19  Code  Gb  ek_tim.o [1]
ek_delay_tick           0x0000c6    0x4  Data  Gb  ek_tim.o [1]
ek_gpio_init            0x009090   0x44  Code  Gb  ek_gpio.o [1]
ek_soft_timer           0x0097d1    0x1  Code  Gb  ek_tim.o [1]
ek_sys_clk_init         0x0096fe    0x8  Code  Gb  ek_clk.o [1]
ek_sys_tim_init         0x009388   0x24  Code  Gb  ek_tim.o [1]
ek_uart_init            0x0093d0   0x23  Code  Gb  ek_uart.o [1]
ek_uart_read_byte       0x009336   0x2a  Code  Gb  ek_uart.o [1]
ek_uart_rx_isr          0x0092e0   0x2b  Code  Gb  ek_uart.o [1]
ek_uart_send_bytes      0x009288   0x2c  Code  Gb  ek_uart.o [1]
es1642_app_init         0x00925a   0x2e  Code  Gb  es1642_port_stm8.o [1]
es1642_app_poll         0x00954c   0x18  Code  Gb  es1642_port_stm8.o [1]
es1642_calc_checksum    0x0090d4   0x3f  Code  Lc  es1642.o [1]
es1642_expect_normal_cmd
                        0x0093ac   0x24  Code  Lc  es1642.o [1]
es1642_get_le16         0x009601   0x15  Code  Lc  es1642.o [1]
es1642_on_frame         0x00895d  0x13b  Code  Lc  es1642_port_stm8.o [1]
es1642_put_le16         0x009726    0x7  Code  Lc  es1642.o [1]
es1642_uart_rx_irq_handler
                        0x0097c0    0x3  Code  Gb  es1642_port_stm8.o [1]
exit                    0x0097c9    0x3  Code  Gb  exit.o [4]
g_es1642                0x000010   0x53  Data  Lc  es1642_port_stm8.o [1]
g_input_vol             0x0000ca    0x2  Data  Gb  heater_ctrl.o [1]
g_master_cmd            0x0000cf    0x1  Data  Gb  heater_ctrl.o [1]
g_state                 0x0000d0    0x1  Data  Gb  heater_ctrl.o [1]
g_temperature           0x0000ce    0x1  Data  Gb  heater_ctrl.o [1]
mac_addr                0x0000c0    0x6  Data  Lc  es1642_port_stm8.o [1]
main                    0x009188   0x39  Code  Gb  main.o [1]
memcpy                  0x00943e   0x1f  Code  Gb  memcpy.o [4]
memset                  0x0095eb   0x16  Code  Gb  memset.o [4]
notify                  0x0000b4    0xc  Data  Lc  es1642_port_stm8.o [1]
recv_data               0x0000a3   0x11  Data  Lc  es1642_port_stm8.o [1]
s_rx_fifo               0x000063   0x40  Data  Lc  ek_uart.o [1]
s_rx_r                  0x0000cd    0x1  Data  Lc  ek_uart.o [1]
s_rx_w                  0x0000cc    0x1  Data  Lc  ek_uart.o [1]
stm8_es1642_write       0x009415   0x21  Code  Lc  es1642_port_stm8.o [1]


[1] = F:\Cubemx_Project\STM8XB\stm8s003f3p6_template_led_and_printf\EWSTM8\STM8S003F3\Obj
[2] = command line
[3] = dbgstm8smd.a
[4] = dlstm8smn.a

  5 405 bytes of readonly  code memory
    712 bytes of readonly  data memory
    465 bytes of readwrite data memory

Errors: none
Warnings: none
