###############################################################################
#
# IAR ELF Linker V3.11.1.207 for STM8                     29/Jun/2026  17:12:52
# Copyright 2010-2019 IAR Systems AB.
#
#    Output file  =  
#        F:\Cubemx_Project\STM8XB\stm8s003f3p6_template_led_and_printf\EWSTM8\STM8S003F3\Exe\ek_stm8_template.out
#    Map file     =  
#        F:\Cubemx_Project\STM8XB\stm8s003f3p6_template_led_and_printf\EWSTM8\STM8S003F3\List\ek_stm8_template.map
#    Command line =  
#        -f C:\Users\AUSU\AppData\Local\Temp\EW78E0.tmp
#        (F:\Cubemx_Project\STM8XB\stm8s003f3p6_template_led_and_printf\EWSTM8\STM8S003F3\Obj\ek_clk.o
#        F:\Cubemx_Project\STM8XB\stm8s003f3p6_template_led_and_printf\EWSTM8\STM8S003F3\Obj\ek_gpio.o
#        F:\Cubemx_Project\STM8XB\stm8s003f3p6_template_led_and_printf\EWSTM8\STM8S003F3\Obj\ek_tim.o
#        F:\Cubemx_Project\STM8XB\stm8s003f3p6_template_led_and_printf\EWSTM8\STM8S003F3\Obj\ek_uart.o
#        F:\Cubemx_Project\STM8XB\stm8s003f3p6_template_led_and_printf\EWSTM8\STM8S003F3\Obj\es1642.o
#        F:\Cubemx_Project\STM8XB\stm8s003f3p6_template_led_and_printf\EWSTM8\STM8S003F3\Obj\es1642_port_stm8.o
#        F:\Cubemx_Project\STM8XB\stm8s003f3p6_template_led_and_printf\EWSTM8\STM8S003F3\Obj\heater_ctrl.o
#        F:\Cubemx_Project\STM8XB\stm8s003f3p6_template_led_and_printf\EWSTM8\STM8S003F3\Obj\main.o
#        F:\Cubemx_Project\STM8XB\stm8s003f3p6_template_led_and_printf\EWSTM8\STM8S003F3\Obj\stm8s_adc1.o
#        F:\Cubemx_Project\STM8XB\stm8s003f3p6_template_led_and_printf\EWSTM8\STM8S003F3\Obj\stm8s_clk.o
#        F:\Cubemx_Project\STM8XB\stm8s003f3p6_template_led_and_printf\EWSTM8\STM8S003F3\Obj\stm8s_gpio.o
#        F:\Cubemx_Project\STM8XB\stm8s003f3p6_template_led_and_printf\EWSTM8\STM8S003F3\Obj\stm8s_it.o
#        F:\Cubemx_Project\STM8XB\stm8s003f3p6_template_led_and_printf\EWSTM8\STM8S003F3\Obj\stm8s_itc.o
#        F:\Cubemx_Project\STM8XB\stm8s003f3p6_template_led_and_printf\EWSTM8\STM8S003F3\Obj\stm8s_iwdg.o
#        F:\Cubemx_Project\STM8XB\stm8s003f3p6_template_led_and_printf\EWSTM8\STM8S003F3\Obj\stm8s_tim4.o
#        F:\Cubemx_Project\STM8XB\stm8s003f3p6_template_led_and_printf\EWSTM8\STM8S003F3\Obj\stm8s_uart1.o
#        --redirect _Printf=_PrintfSmall --redirect _Scanf=_ScanfSmall
#        --no_out_extension -o
#        F:\Cubemx_Project\STM8XB\stm8s003f3p6_template_led_and_printf\EWSTM8\STM8S003F3\Exe\ek_stm8_template.out
#        --map
#        F:\Cubemx_Project\STM8XB\stm8s003f3p6_template_led_and_printf\EWSTM8\STM8S003F3\List\ek_stm8_template.map
#        --config E:\IARSTM8\stm8\config\lnkstm8s003f3.icf --config_def
#        _CSTACK_SIZE=0x100 --config_def _HEAP_SIZE=0x100 --entry
#        __iar_program_start --debug_lib)
#
###############################################################################

*******************************************************************************
*** MESSAGES
***

Error[Lp011]: section placement failed
            unable to allocate space for sections/blocks with a total estimated
                      minimum size of 0x1fb7 bytes (max align 0x1) in
                      <[0x008000-0x009fff]> (total uncommitted space 0x1f80).


*******************************************************************************
*** RUNTIME MODEL ATTRIBUTES
***

__SystemLibrary            = DLib
__code_model               = small
__core                     = stm8
__data_model               = medium
__dlib_file_descriptor     = 0
__dlib_full_locale_support = 0
__rt_version               = 4


*******************************************************************************
*** PLACEMENT SUMMARY
***

"A0":  place at start of [0x000000-0x0000ff] { rw section .vregs };
"A1":  place at end of [0x000000-0x0003ff] { block CSTACK };
"P2":  place in [from 0x000000 to 0x0003ff] {
          block HEAP, rw section __DLIB_PERTHREAD, rw section .far.bss,
          rw section .far.data, rw section .far.noinit,
          rw section .far_func.textrw, rw section .huge.bss,
          rw section .huge.data, rw section .huge.noinit,
          rw section .huge_func.textrw, rw section .iar.dynexit,
          rw section .near.bss, rw section .near.data, rw section .near.noinit,
          rw section .near_func.textrw };
"A2":  place at start of [0x008000-0x009fff] { block INTVEC };
"P3":  place in [from 0x008000 to 0x009fff] {
          ro section __DLIB_PERTHREAD_init, ro section .far.data_init,
          ro section .far_func.textrw_init, ro section .huge.data_init,
          ro section .huge_func.textrw_init, ro section .iar.init_table,
          ro section .init_array, ro section .near.data_init,
          ro section .near.rodata, ro section .near_func.text,
          ro section .near_func.textrw_init, ro section .tiny.data_init,
          ro section .tiny.rodata_init };
"P4":  place in [from 0x008000 to 0x009fff] {
          ro section .far.rodata, ro section .far_func.text };
"P5":  place in [from 0x008000 to 0x009fff] {
          ro section .huge.rodata, ro section .huge_func.text };
do not initialize {
   rw section .eeprom.noinit, rw section .far.noinit, rw section .huge.noinit,
   rw section .near.noinit, rw section .tiny.noinit, rw section .vregs };
initialize by copy {
   rw section .far.bss, rw section .far.data, rw section .far_func.textrw,
   rw section .huge.bss, rw section .huge.data, rw section .huge_func.textrw,
   rw section .iar.dynexit, rw section .near.bss, rw section .near.data,
   rw section .near_func.textrw, rw section .tiny.bss, rw section .tiny.data,
   ro section .tiny.rodata };

No sections matched the following patterns:

  ro section .far.data_init          in "P3-P5"
  ro section .far.rodata             in "P3-P5"
  ro section .far_func.text          in "P3-P5"
  ro section .far_func.textrw_init   in "P3-P5"
  ro section .huge.data_init         in "P3-P5"
  ro section .huge.rodata            in "P3-P5"
  ro section .huge_func.text         in "P3-P5"
  ro section .huge_func.textrw_init  in "P3-P5"
  ro section .iar.init_table         in "P3-P5"
  ro section .init_array             in "P3-P5"
  ro section .near_func.textrw_init  in "P3-P5"
  ro section .tiny.data_init         in "P3-P5"
  ro section .tiny.rodata_init       in "P3-P5"
  ro section __DLIB_PERTHREAD_init   in "P3-P5"
  rw section .far.bss                in "P2"
  rw section .far.data               in "P2"
  rw section .far.noinit             in "P2"
  rw section .far_func.textrw        in "P2"
  rw section .huge.bss               in "P2"
  rw section .huge.data              in "P2"
  rw section .huge.noinit            in "P2"
  rw section .huge_func.textrw       in "P2"
  rw section .iar.dynexit            in "P2"
  rw section .near.noinit            in "P2"
  rw section .near_func.textrw       in "P2"
  rw section .tiny.bss               in "P1"
  rw section .tiny.data              in "P1"
  rw section .tiny.noinit            in "P1"
  rw section .tiny.rodata            in "P1"
  rw section __DLIB_PERTHREAD        in "P2"
  section .eeprom.data               in "P6-P8"
  section .eeprom.noinit             in "P6-P8"
  section .eeprom.rodata             in "P6-P8"


  Section            Kind      Address    Size  Object
  -------            ----      -------    ----  ------
"A0":                                     0x10
  .vregs             uninit   0x000000    0x10  vregs.o [4]
                            - 0x000010    0x10

"P2", part 1 of 2:                         0x2
  P2-1                        0x000010     0x2  <Init block>
    .near.data       inited   0x000010     0x1  heater_ctrl.o [1]
    .near.data       inited   0x000011     0x1  heater_ctrl.o [1]
                            - 0x000012     0x2

"P2", part 2 of 2:                        0xc6
  .near.bss          zero     0x000012    0x4b  es1642_port_stm8.o [1]
  .near.bss          zero     0x00005d    0x40  ek_uart.o [1]
  .near.bss          zero     0x00009d    0x11  es1642_port_stm8.o [1]
  .near.bss          zero     0x0000ae     0xc  es1642_port_stm8.o [1]
  .near.bss          zero     0x0000ba     0x6  es1642_port_stm8.o [1]
  .near.bss          zero     0x0000c0     0x4  ek_tim.o [1]
  .near.bss          zero     0x0000c4     0x4  ek_tim.o [1]
  .near.bss          zero     0x0000c8     0x4  ek_tim.o [1]
  .near.bss          zero     0x0000cc     0x4  heater_ctrl.o [1]
  .near.bss          zero     0x0000d0     0x2  heater_ctrl.o [1]
  .near.bss          zero     0x0000d2     0x2  heater_ctrl.o [1]
  .near.bss          zero     0x0000d4     0x1  ek_uart.o [1]
  .near.bss          zero     0x0000d5     0x1  ek_uart.o [1]
  .near.bss          zero     0x0000d6     0x1  heater_ctrl.o [1]
  .near.bss          zero     0x0000d7     0x1  heater_ctrl.o [1]
                            - 0x0000d8    0xc6

"A1":                                    0x100
  CSTACK                      0x000300   0x100  <Block>
    CSTACK           uninit   0x000300   0x100  <Block tail>
                            - 0x000400   0x100

"A2":                                     0x80
  INTVEC                      0x008000    0x80  <Block>
    .intvec          const    0x008000    0x80  interrupt.o [4]
                            - 0x008080    0x80

"P3-P5" (*** FAILED ***):               0x1fb7
  .near_func.text    ro code             0x343  es1642.o [1]
  .near_func.text    ro code             0x1b6  stm8s_uart1.o [1]
  .near_func.text    ro code             0x1b3  long.o [4]
  .near_func.text    ro code             0x175  heater_ctrl.o [1]
  .near_func.text    ro code             0x15d  vreg_util.o [4]
  .near_func.text    ro code             0x14c  es1642_port_stm8.o [1]
  .near_func.text    ro code             0x130  heater_ctrl.o [1]
  .near_func.text    ro code             0x124  stm8s_adc1.o [1]
  .near_func.text    ro code              0xd9  es1642.o [1]
  .near_func.text    ro code              0xb0  stm8s_adc1.o [1]
  .near_func.text    ro code              0xad  stm8s_gpio.o [1]
  .near_func.text    ro code              0x95  stm8s_uart1.o [1]
  .near_func.text    ro code              0x8a  stm8s_adc1.o [1]
  .near_func.text    ro code              0x7f  es1642.o [1]
  .near_func.text    ro code              0x78  es1642.o [1]
  .near_func.text    ro code              0x74  stm8s_adc1.o [1]
  .near.rodata       const                0x71  stm8s_uart1.o [1]
  .near.rodata       const                0x70  stm8s_adc1.o [1]
  .near.rodata       const                0x70  stm8s_gpio.o [1]
  .near.rodata       const                0x70  stm8s_iwdg.o [1]
  .near.rodata       const                0x70  stm8s_tim4.o [1]
  .near_func.text    ro code              0x70  stm8s_adc1.o [1]
  .near.rodata       const                0x6f  stm8s_clk.o [1]
  .near_func.text    ro code              0x6b  es1642.o [1]
  .near_func.text    ro code              0x63  stm8s_uart1.o [1]
  .near_func.text    ro code              0x60  heater_ctrl.o [1]
  .near_func.text    ro code              0x55  long_util.o [4]
  .near_func.text    ro code              0x53  ek_tim.o [1]
  .near_func.text    ro code              0x4a  main.o [1]
  .near.rodata       const                0x48  heater_ctrl.o [1]
  .near_func.text    ro code              0x44  ek_gpio.o [1]
  .near_func.text    ro code              0x3f  stm8s_adc1.o [1]
  .near_func.text    ro code              0x3d  stm8s_adc1.o [1]
  .near_func.text    ro code              0x3b  stm8s_clk.o [1]
  .near_func.text    ro code              0x3a  stm8s_tim4.o [1]
  .near_func.text    ro code              0x39  stm8s_adc1.o [1]
  .near_func.text    ro code              0x36  stm8s_clk.o [1]
  .near_func.text    ro code              0x34  stm8s_tim4.o [1]
  .near_func.text    ro code              0x33  short.o [4]
  .near_func.text    ro code              0x31  ek_uart.o [1]
  .near_func.text    ro code              0x31  heater_ctrl.o [1]
  .near_func.text    ro code              0x2f  stm8s_iwdg.o [1]
  .near_func.text    ro code              0x2c  es1642.o [1]
  .near_func.text    ro code              0x2c  dc_util.o [4]
  .near_func.text    ro code              0x2b  heater_ctrl.o [1]
  .near_func.text    ro code              0x2b  stm8s_uart1.o [1]
  .near_func.text    ro code              0x2a  ek_uart.o [1]
  .near_func.text    ro code              0x28  stm8s_clk.o [1]
  .near_func.text    ro code              0x28  init_small.o [4]
  .near_func.text    ro code              0x24  ek_tim.o [1]
  .near_func.text    ro code              0x24  ek_uart.o [1]
  .near_func.text    ro code              0x23  ek_uart.o [1]
  .near_func.text    ro code              0x21  ek_tim.o [1]
  .near_func.text    ro code              0x21  es1642_port_stm8.o [1]
  .iar.init_table    const                0x12  - Linker created -
  .near_func.text    ro code              0x1f  heater_ctrl.o [1]
  .near_func.text    ro code              0x1e  stm8s_it.o [1]
  .near_func.text    ro code              0x1e  init_small.o [4]
  .near_func.text    ro code              0x1c  stm8s_iwdg.o [1]
  .near_func.text    ro code              0x1a  es1642.o [1]
  .near_func.text    ro code              0x19  ek_tim.o [1]
  .near_func.text    ro code              0x19  stm8s_tim4.o [1]
  .near_func.text    ro code              0x19  stm8s_tim4.o [1]
  .near_func.text    ro code              0x19  stm8s_tim4.o [1]
  .near_func.text    ro code              0x18  es1642.o [1]
  .near_func.text    ro code              0x18  es1642_port_stm8.o [1]
  .near_func.text    ro code              0x17  ek_gpio.o [1]
  .near_func.text    ro code              0x16  stm8s_adc1.o [1]
  .near_func.text    ro code              0x16  stm8s_it.o [1]
  .near_func.text    ro code              0x16  stm8s_tim4.o [1]
  .near_func.text    ro code              0x16  stm8s_tim4.o [1]
  .near_func.text    ro code              0x15  es1642.o [1]
  .near_func.text    ro code              0x14  init.o [4]
  .near_func.text    ro code              0x14  __dbg_xxexit.o [3]
  .near_func.text    ro code              0x13  cstartup.o [4]
  .near_func.text    ro code              0x11  ek_gpio.o [1]
  .near_func.text    ro code              0x11  ek_gpio.o [1]
  .near_func.text    ro code              0x11  heater_ctrl.o [1]
  .near_func.text    ro code              0x10  heater_ctrl.o [1]
  .near_func.text    ro code               0xe  es1642_port_stm8.o [1]
  .near_func.text    ro code               0xe  heater_ctrl.o [1]
  .near_func.text    ro code               0xd  move.o [4]
  .near_func.text    ro code               0xc  es1642_port_stm8.o [1]
  .near_func.text    ro code               0xb  stm8s_adc1.o [1]
  .near_func.text    ro code               0xb  stm8s_adc1.o [1]
  .near_func.text    ro code               0xb  stm8s_adc1.o [1]
  .near_func.text    ro code               0xb  stm8s_clk.o [1]
  .near_func.text    ro code               0xb  stm8s_gpio.o [1]
  .near_func.text    ro code               0xb  stm8s_iwdg.o [1]
  .near_func.text    ro code               0xb  stm8s_tim4.o [1]
  .near_func.text    ro code               0xb  stm8s_uart1.o [1]
  .near_func.text    ro code               0xa  heater_ctrl.o [1]
  .near_func.text    ro code               0x9  ek_tim.o [1]
  .near_func.text    ro code               0x9  stm8s_adc1.o [1]
  .near_func.text    ro code               0x9  stm8s_adc1.o [1]
  .near_func.text    ro code               0x9  stm8s_adc1.o [1]
  .near_func.text    ro code               0x9  stm8s_clk.o [1]
  .near_func.text    ro code               0x9  stm8s_uart1.o [1]
  .near_func.text    ro code               0x8  ek_clk.o [1]
  .near_func.text    ro code               0x8  ek_gpio.o [1]
  .near_func.text    ro code               0x8  es1642.o [1]
  .near_func.text    ro code               0x8  heater_ctrl.o [1]
  .near_func.text    ro code               0x8  heater_ctrl.o [1]
  .near_func.text    ro code               0x8  stm8s_adc1.o [1]
  .near_func.text    ro code               0x8  stm8s_uart1.o [1]
  .near_func.text    ro code               0x8  stm8s_uart1.o [1]
  .near_func.text    ro code               0x7  es1642.o [1]
  .near_func.text    ro code               0x7  heater_ctrl.o [1]
  .near_func.text    ro code               0x7  stm8s_adc1.o [1]
  .near_func.text    ro code               0x7  stm8s_adc1.o [1]
  .near_func.text    ro code               0x7  stm8s_gpio.o [1]
  .near_func.text    ro code               0x7  stm8s_gpio.o [1]
  .near_func.text    ro code               0x7  stm8s_gpio.o [1]
  .near_func.text    ro code               0x6  ek_gpio.o [1]
  .near_func.text    ro code               0x6  ek_gpio.o [1]
  .near_func.text    ro code               0x6  es1642.o [1]
  .near_func.text    ro code               0x6  heater_ctrl.o [1]
  .near_func.text    ro code               0x6  heater_ctrl.o [1]
  .near_func.text    ro code               0x6  stm8s_uart1.o [1]
  .near_func.text    ro code               0x5  stm8s_iwdg.o [1]
  .near_func.text    ro code               0x5  stm8s_iwdg.o [1]
  .near_func.text    ro code               0x5  cexit.o [4]
  .near.rodata       const                 0x4  stm8s_clk.o [1]
  .near_func.text    ro code               0x4  stm8s_gpio.o [1]
  .near_func.text    ro code               0x4  stm8s_iwdg.o [1]
  .near_func.text    ro code               0x4  stm8s_uart1.o [1]
  .near_func.text    ro code               0x4  stm8s_uart1.o [1]
  .near.rodata       const                 0x3  es1642_port_stm8.o [1]
  .near.rodata       const                 0x3  es1642_port_stm8.o [1]
  .near.rodata       const                 0x3  es1642_port_stm8.o [1]
  .near.rodata       const                 0x3  es1642_port_stm8.o [1]
  .near_func.text    ro code               0x3  es1642_port_stm8.o [1]
  .near_func.text    ro code               0x3  interrupt.o [4]
  .near_func.text    ro code               0x3  low_level_init.o [4]
  .near_func.text    ro code               0x3  exit.o [4]
  .near_func.text    ro code               0x3  unhandled_exception.o [4]
  .near_func.text    ro code               0x2  main.o [1]
  Initializer bytes  const                 0x2  <for P2-1> (used: 0x0)
  .near_func.text    ro code               0x1  stm8s_it.o [1]
  .near_func.text    ro code               0x1  stm8s_it.o [1]
  .near_func.text    ro code               0x1  stm8s_it.o [1]
  .near_func.text    ro code               0x1  stm8s_it.o [1]
  .near_func.text    ro code               0x1  stm8s_it.o [1]
  .near_func.text    ro code               0x1  stm8s_it.o [1]
  .near_func.text    ro code               0x1  stm8s_it.o [1]
  .near_func.text    ro code               0x1  stm8s_it.o [1]
  .near_func.text    ro code               0x1  stm8s_it.o [1]
  .near_func.text    ro code               0x1  stm8s_it.o [1]
  .near_func.text    ro code               0x1  stm8s_it.o [1]
  .near_func.text    ro code               0x1  stm8s_it.o [1]
  .near_func.text    ro code               0x1  stm8s_it.o [1]
  .near_func.text    ro code               0x1  stm8s_it.o [1]
  .near_func.text    ro code               0x1  stm8s_it.o [1]
  .near_func.text    ro code               0x1  stm8s_it.o [1]
  .near_func.text    ro code               0x1  stm8s_it.o [1]
  .near_func.text    ro code               0x1  stm8s_it.o [1]
  .near_func.text    ro code               0x1  __dbg_break.o [3]
                                        0x1fb7


*******************************************************************************
*** INIT TABLE
***

          Address     Size
          -------     ----
Zero (__iar_zero_init2)
    1 destination range, total size 0xc6:
            0x000012  0xc6

Copy (__iar_copy_init2)
    1 source range, total size 0x2:
          0x00001fa2   0x2
    1 destination range, total size 0x2:
            0x000010   0x2



*******************************************************************************
*** MODULE SUMMARY
***

    Module                 ro code  ro data  rw data
    ------                 -------  -------  -------
F:\Cubemx_Project\STM8XB\stm8s003f3p6_template_led_and_printf\EWSTM8\STM8S003F3\Obj: [1]
    ek_clk.o                     8
    ek_gpio.o                  145
    ek_tim.o                   186                12
    ek_uart.o                  162                66
    es1642.o                 1 542
    es1642_port_stm8.o         418       12      110
    heater_ctrl.o              988       74       12
    main.o                      76
    stm8s_adc1.o             1 119      112
    stm8s_clk.o                173      115
    stm8s_gpio.o               209      112
    stm8s_it.o                  70
    stm8s_iwdg.o               100      112
    stm8s_tim4.o               240      112
    stm8s_uart1.o              779      113
    ------------------------------------------------
    Total:                   6 215      762      200

command line: [2]
    ------------------------------------------------
    Total:

dbgstm8smd.a: [3]
    __dbg_break.o                1
    __dbg_xxexit.o              20
    ------------------------------------------------
    Total:                      21

dlstm8smn.a: [4]
    cexit.o                      5
    cstartup.o                  19
    dc_util.o                   44
    exit.o                       3
    init.o                      20
    init_small.o                70
    interrupt.o                  3      128
    long.o                     435
    long_util.o                 85
    low_level_init.o             3
    move.o                      13
    short.o                     51
    unhandled_exception.o        3
    vreg_util.o                349
    vregs.o                                       16
    ------------------------------------------------
    Total:                   1 103      128       16

    Linker created                       18      256
----------------------------------------------------
    Grand Total:             7 339      908      472


*******************************************************************************
*** ENTRY LIST
***

Entry                      Address   Size  Type      Object
-----                      -------   ----  ----      ------
.iar.init_table$$Base   0x00001bc7          --   Gb  - Linker created -
.iar.init_table$$Limit  0x00001bd9          --   Gb  - Linker created -
?add32_l0_l0_0x         0x00000525         Code  Gb  long.o [4]
?b0                       0x000000         Data  Gb  vregs.o [4]
?b1                       0x000001         Data  Gb  vregs.o [4]
?b10                      0x00000a         Data  Gb  vregs.o [4]
?b11                      0x00000b         Data  Gb  vregs.o [4]
?b12                      0x00000c         Data  Gb  vregs.o [4]
?b13                      0x00000d         Data  Gb  vregs.o [4]
?b14                      0x00000e         Data  Gb  vregs.o [4]
?b15                      0x00000f         Data  Gb  vregs.o [4]
?b2                       0x000002         Data  Gb  vregs.o [4]
?b3                       0x000003         Data  Gb  vregs.o [4]
?b4                       0x000004         Data  Gb  vregs.o [4]
?b5                       0x000005         Data  Gb  vregs.o [4]
?b6                       0x000006         Data  Gb  vregs.o [4]
?b7                       0x000007         Data  Gb  vregs.o [4]
?b8                       0x000008         Data  Gb  vregs.o [4]
?b9                       0x000009         Data  Gb  vregs.o [4]
?dc32_l0                0x00001a25         Code  Gb  dc_util.o [4]
?dc32_l1                0x00001a32         Code  Gb  dc_util.o [4]
?dc32_px                0x00001a3f         Code  Gb  dc_util.o [4]
?dc8_px                 0x00001a1e         Code  Gb  dc_util.o [4]
?dec32_0x_0x            0x00000511         Code  Gb  long.o [4]
?dec32_l0_l0            0x0000050c         Code  Gb  long.o [4]
?e0                       0x000001         Data  Gb  vregs.o [4]
?e1                       0x000005         Data  Gb  vregs.o [4]
?e2                       0x000009         Data  Gb  vregs.o [4]
?e3                       0x00000d         Data  Gb  vregs.o [4]
?epilogue_l2            0x000008c1         Code  Gb  vreg_util.o [4]
?epilogue_l2_l3         0x000008be         Code  Gb  vreg_util.o [4]
?epilogue_l2_w6         0x000008c5         Code  Gb  vreg_util.o [4]
?epilogue_w4            0x000008cc         Code  Gb  vreg_util.o [4]
?inc32_0x_0x            0x000004fe         Code  Gb  long.o [4]
?inc32_l0_l0            0x000004f9         Code  Gb  long.o [4]
?l0                       0x000000         Data  Gb  vregs.o [4]
?l1                       0x000004         Data  Gb  vregs.o [4]
?l2                       0x000008         Data  Gb  vregs.o [4]
?l3                       0x00000c         Data  Gb  vregs.o [4]
?load32_0x_l0           0x00001655         Code  Gb  long_util.o [4]
?load32_0x_l1           0x00001663         Code  Gb  long_util.o [4]
?load32_asp_l0          0x00001649         Code  Gb  long_util.o [4]
?load32_dbsp_l0         0x00001644         Code  Gb  long_util.o [4]
?load32_l0_0x           0x0000162c         Code  Gb  long_util.o [4]
?load32_l0_asp          0x00001621         Code  Gb  long_util.o [4]
?load32_l0_dbsp         0x0000161c         Code  Gb  long_util.o [4]
?load32_l0_xsp          0x00001623         Code  Gb  long_util.o [4]
?load32_l1_0x           0x00001638         Code  Gb  long_util.o [4]
?load32_xsp_l0          0x0000164b         Code  Gb  long_util.o [4]
?mov_e0_e1              0x00000919         Code  Gb  vreg_util.o [4]
?mov_e0_e2              0x00000926         Code  Gb  vreg_util.o [4]
?mov_e0_e3              0x00000933         Code  Gb  vreg_util.o [4]
?mov_e1_e0              0x00000940         Code  Gb  vreg_util.o [4]
?mov_e1_e2              0x0000094d         Code  Gb  vreg_util.o [4]
?mov_e1_e3              0x0000095a         Code  Gb  vreg_util.o [4]
?mov_e2_e0              0x00000967         Code  Gb  vreg_util.o [4]
?mov_e3_e0              0x00000974         Code  Gb  vreg_util.o [4]
?mov_l0_l1              0x00000916         Code  Gb  vreg_util.o [4]
?mov_l0_l2              0x00000923         Code  Gb  vreg_util.o [4]
?mov_l0_l3              0x00000930         Code  Gb  vreg_util.o [4]
?mov_l1_l0              0x0000093d         Code  Gb  vreg_util.o [4]
?mov_l1_l2              0x0000094a         Code  Gb  vreg_util.o [4]
?mov_l1_l3              0x00000957         Code  Gb  vreg_util.o [4]
?mov_l2_l0              0x00000964         Code  Gb  vreg_util.o [4]
?mov_l3_l0              0x00000971         Code  Gb  vreg_util.o [4]
?mov_w0_w2              0x000008d0         Code  Gb  vreg_util.o [4]
?mov_w0_w4              0x000008d7         Code  Gb  vreg_util.o [4]
?mov_w0_w5              0x000008de         Code  Gb  vreg_util.o [4]
?mov_w1_w2              0x000008e5         Code  Gb  vreg_util.o [4]
?mov_w1_w3              0x0000091c         Code  Gb  vreg_util.o [4]
?mov_w1_w5              0x00000929         Code  Gb  vreg_util.o [4]
?mov_w1_w7              0x00000936         Code  Gb  vreg_util.o [4]
?mov_w2_w1              0x000008ec         Code  Gb  vreg_util.o [4]
?mov_w2_w4              0x000008f3         Code  Gb  vreg_util.o [4]
?mov_w2_w5              0x000008fa         Code  Gb  vreg_util.o [4]
?mov_w2_w6              0x00000901         Code  Gb  vreg_util.o [4]
?mov_w3_w1              0x00000943         Code  Gb  vreg_util.o [4]
?mov_w3_w5              0x00000950         Code  Gb  vreg_util.o [4]
?mov_w3_w7              0x0000095d         Code  Gb  vreg_util.o [4]
?mov_w4_w0              0x00000908         Code  Gb  vreg_util.o [4]
?mov_w5_w0              0x0000090f         Code  Gb  vreg_util.o [4]
?mov_w5_w1              0x0000096a         Code  Gb  vreg_util.o [4]
?mov_w7_w1              0x00000977         Code  Gb  vreg_util.o [4]
?move1616_v_x_y_a       0x00001e1c         Code  Gb  move.o [4]
?mul32_l0_l0_0x         0x0000055b         Code  Gb  long.o [4]
?mul32_l0_l0_dl         0x00000558         Code  Gb  long.o [4]
?mul32_l0_l0_l1         0x00000564         Code  Gb  long.o [4]
?or32_l0_l0_0x          0x0000066a         Code  Gb  long.o [4]
?or32_l0_l0_l1          0x00000667         Code  Gb  long.o [4]
?pop_l0                 0x0000088a         Code  Gb  vreg_util.o [4]
?pop_l1                 0x00000895         Code  Gb  vreg_util.o [4]
?pop_l2                 0x000008a0         Code  Gb  vreg_util.o [4]
?pop_l3                 0x000008ab         Code  Gb  vreg_util.o [4]
?pop_w4                 0x00000843         Code  Gb  vreg_util.o [4]
?pop_w6                 0x0000084a         Code  Gb  vreg_util.o [4]
?push_l0                0x00000859         Code  Gb  vreg_util.o [4]
?push_l1                0x0000085e         Code  Gb  vreg_util.o [4]
?push_l2                0x00000863         Code  Gb  vreg_util.o [4]
?push_l3                0x00000868         Code  Gb  vreg_util.o [4]
?push_w3                0x00000821         Code  Gb  vreg_util.o [4]
?push_w4                0x00000826         Code  Gb  vreg_util.o [4]
?push_w6                0x0000082b         Code  Gb  vreg_util.o [4]
?sdiv16_x_x_y           0x0000192e         Code  Gb  short.o [4]
?sll16_x_x_10           0x00001951         Code  Gb  short.o [4]
?sll16_x_x_11           0x00001950         Code  Gb  short.o [4]
?sll16_x_x_12           0x0000194f         Code  Gb  short.o [4]
?sll16_x_x_4            0x00001957         Code  Gb  short.o [4]
?sll16_x_x_5            0x00001956         Code  Gb  short.o [4]
?sll16_x_x_6            0x00001955         Code  Gb  short.o [4]
?sll16_x_x_7            0x00001954         Code  Gb  short.o [4]
?sll16_x_x_8            0x00001953         Code  Gb  short.o [4]
?sll16_x_x_9            0x00001952         Code  Gb  short.o [4]
?sll16_x_x_a            0x00001947         Code  Gb  short.o [4]
?sll32_0x_0x_a          0x00000689         Code  Gb  long.o [4]
?sll32_l0_l0_a          0x00000686         Code  Gb  long.o [4]
?sll32_l0_l0_db         0x00000682         Code  Gb  long.o [4]
?srl16_x_x_4            0x0000195c         Code  Gb  short.o [4]
?srl32_0x_0x_a          0x0000069e         Code  Gb  long.o [4]
?srl32_l0_l0_a          0x0000069b         Code  Gb  long.o [4]
?srl32_l0_l0_db         0x00000697         Code  Gb  long.o [4]
?sub32_l0_l0_0x         0x00000540         Code  Gb  long.o [4]
?sub32_l0_l0_l1         0x0000053d         Code  Gb  long.o [4]
?ucmp32_c_l0_l1         0x0000065c         Code  Gb  long.o [4]
?udiv32_l0_dl_l1        0x000005e7         Code  Gb  long.o [4]
?udiv32_l0_l0_dl        0x000005ec         Code  Gb  long.o [4]
?udiv32_l0_l0_l1        0x000005ef         Code  Gb  long.o [4]
?umod32_l1_l0_dl        0x000005e2         Code  Gb  long.o [4]
?umod32_l1_l0_l1        0x000005ef         Code  Gb  long.o [4]
?w0                       0x000000         Data  Gb  vregs.o [4]
?w1                       0x000002         Data  Gb  vregs.o [4]
?w2                       0x000004         Data  Gb  vregs.o [4]
?w3                       0x000006         Data  Gb  vregs.o [4]
?w4                       0x000008         Data  Gb  vregs.o [4]
?w5                       0x00000a         Data  Gb  vregs.o [4]
?w6                       0x00000c         Data  Gb  vregs.o [4]
?w7                       0x00000e         Data  Gb  vregs.o [4]
ADC1_ClearFlag          0x0000116a   0x74  Code  Gb  stm8s_adc1.o [1]
ADC1_Cmd                0x00001d15   0x16  Code  Gb  stm8s_adc1.o [1]
ADC1_ConversionConfig   0x00000fe9   0x8a  Code  Gb  stm8s_adc1.o [1]
ADC1_ExternalTriggerConfig
                        0x0000179a   0x3f  Code  Gb  stm8s_adc1.o [1]
ADC1_GetConversionValue
                        0x0000188b   0x39  Code  Gb  stm8s_adc1.o [1]
ADC1_GetFlagStatus      0x0000140f   0x70  Code  Gb  stm8s_adc1.o [1]
ADC1_IRQHandler         0x00001fb4    0x1  Code  Gb  stm8s_it.o [1]
ADC1_Init               0x00000bfa  0x124  Code  Gb  stm8s_adc1.o [1]
ADC1_PrescalerConfig    0x000017d9   0x3d  Code  Gb  stm8s_adc1.o [1]
ADC1_SchmittTriggerConfig
                        0x00000df7   0xb0  Code  Gb  stm8s_adc1.o [1]
AWU_IRQHandler          0x00001fa6    0x1  Code  Gb  stm8s_it.o [1]
CLK_DeInit              0x000018c4   0x36  Code  Gb  stm8s_clk.o [1]
CLK_GetClockFreq        0x00001816   0x3b  Code  Gb  stm8s_clk.o [1]
CLK_HSIPrescalerConfig  0x00001aca   0x28  Code  Gb  stm8s_clk.o [1]
CLK_IRQHandler          0x00001fa7    0x1  Code  Gb  stm8s_it.o [1]
CSTACK$$Base              0x000300          --   Gb  - Linker created -
CSTACK$$Limit             0x000400          --   Gb  - Linker created -
EEPROM_EEC_IRQHandler   0x00001fb5    0x1  Code  Gb  stm8s_it.o [1]
ES1642_BuildFrame       0x00000074   0x8f  Code  Gb  es1642.o [1]
ES1642_DecodeEmptyResponse
                        0x00001cce   0x18  Code  Gb  es1642.o [1]
ES1642_DecodeMac        0x000019f2   0x2c  Code  Gb  es1642.o [1]
ES1642_DecodeRecvData   0x00000d1e   0xd9  Code  Gb  es1642.o [1]
ES1642_DecodeSearchNotify
                        0x00001073   0x7f  Code  Gb  es1642.o [1]
ES1642_Init             0x00000058    0x8  Code  Gb  es1642.o [1]
ES1642_InputByte        0x00000274   0xa9  Code  Gb  es1642.o [1]
ES1642_MakeSearchReplyCtrl
                        0x0000006b    0x9  Code  Gb  es1642.o [1]
ES1642_ParseFrame       0x00000151  0x11a  Code  Gb  es1642.o [1]
ES1642_ReadMac          0x00001e00    0xe  Code  Gb  es1642_port_stm8.o [1]
ES1642_ResetRx          0x00000060    0xb  Code  Gb  es1642.o [1]
ES1642_SendData         0x000014ee   0x6b  Code  Gb  es1642.o [1]
ES1642_SendFrame        0x00000103   0x4e  Code  Gb  es1642.o [1]
ES1642_SendReadMac      0x00000322    0xf  Code  Gb  es1642.o [1]
ES1642_SendSearchReply  0x000010f2   0x78  Code  Gb  es1642.o [1]
ES1642_SendSetAddr      0x00000331   0x12  Code  Gb  es1642.o [1]
EXTI_PORTA_IRQHandler   0x00001fa8    0x1  Code  Gb  stm8s_it.o [1]
EXTI_PORTB_IRQHandler   0x00001fa9    0x1  Code  Gb  stm8s_it.o [1]
EXTI_PORTC_IRQHandler   0x00001faa    0x1  Code  Gb  stm8s_it.o [1]
EXTI_PORTD_IRQHandler   0x00001fab    0x1  Code  Gb  stm8s_it.o [1]
EXTI_PORTE_IRQHandler   0x00001fac    0x1  Code  Gb  stm8s_it.o [1]
GPIO_Init               0x00000ea7   0xad  Code  Gb  stm8s_gpio.o [1]
GPIO_ReadInputPin       0x00001f37    0x7  Code  Gb  stm8s_gpio.o [1]
GPIO_WriteHigh          0x00001f29    0x7  Code  Gb  stm8s_gpio.o [1]
GPIO_WriteLow           0x00001f75    0x4  Code  Gb  stm8s_gpio.o [1]
GPIO_WriteReverse       0x00001f30    0x7  Code  Gb  stm8s_gpio.o [1]
HSIDivFactor            0x00001f71    0x4  Data  Gb  stm8s_clk.o [1]
I2C_IRQHandler          0x00001fb3    0x1  Code  Gb  stm8s_it.o [1]
INTVEC$$Base              0x008000          --   Gb  - Linker created -
INTVEC$$Limit             0x008080          --   Gb  - Linker created -
IWDG_Enable             0x00001f67    0x5  Code  Gb  stm8s_iwdg.o [1]
IWDG_ReloadCounter      0x00001f62    0x5  Code  Gb  stm8s_iwdg.o [1]
IWDG_SetPrescaler       0x000019c3   0x2f  Code  Gb  stm8s_iwdg.o [1]
IWDG_SetReload          0x00001f79    0x4  Code  Gb  stm8s_iwdg.o [1]
IWDG_WriteAccessCmd     0x00001c34   0x1c  Code  Gb  stm8s_iwdg.o [1]
Region$$Table$$Base     0x00001bc7          --   Gb  - Linker created -
Region$$Table$$Limit    0x00001bd9          --   Gb  - Linker created -
SPI_IRQHandler          0x00001fad    0x1  Code  Gb  stm8s_it.o [1]
TIM1_CAP_COM_IRQHandler
                        0x00001faf    0x1  Code  Gb  stm8s_it.o [1]
TIM1_UPD_OVF_TRG_BRK_IRQHandler
                        0x00001fae    0x1  Code  Gb  stm8s_it.o [1]
TIM2_CAP_COM_IRQHandler
                        0x00001fb1    0x1  Code  Gb  stm8s_it.o [1]
TIM2_UPD_OVF_BRK_IRQHandler
                        0x00001fb0    0x1  Code  Gb  stm8s_it.o [1]
TIM4_ARRPreloadConfig   0x00001d57   0x16  Code  Gb  stm8s_tim4.o [1]
TIM4_ClearFlag          0x00001c9c   0x19  Code  Gb  stm8s_tim4.o [1]
TIM4_ClearITPendingBit  0x00001cb5   0x19  Code  Gb  stm8s_tim4.o [1]
TIM4_Cmd                0x00001d41   0x16  Code  Gb  stm8s_tim4.o [1]
TIM4_DeInit             0x00001c83   0x19  Code  Gb  stm8s_tim4.o [1]
TIM4_ITConfig           0x000018fa   0x34  Code  Gb  stm8s_tim4.o [1]
TIM4_TimeBaseInit       0x00001851   0x3a  Code  Gb  stm8s_tim4.o [1]
TIM4_UPD_OVF_IRQHandler
                        0x00001bf8   0x1e  Code  Gb  stm8s_it.o [1]
TLI_IRQHandler          0x00001fa5    0x1  Code  Gb  stm8s_it.o [1]
TRAP_IRQHandler         0x00001fa4    0x1  Code  Gb  stm8s_it.o [1]
TempTable               0x0000170e   0x48  Data  Lc  heater_ctrl.o [1]
UART1_DeInit            0x00001a75   0x2b  Code  Gb  stm8s_uart1.o [1]
UART1_GetFlagStatus     0x00001559   0x63  Code  Gb  stm8s_uart1.o [1]
UART1_ITConfig          0x00000f54   0x95  Code  Gb  stm8s_uart1.o [1]
UART1_Init              0x00000343  0x1b6  Code  Gb  stm8s_uart1.o [1]
UART1_RX_IRQHandler     0x00001d2b   0x16  Code  Gb  stm8s_it.o [1]
UART1_ReceiveData8      0x00001f7d    0x4  Code  Gb  stm8s_uart1.o [1]
UART1_SendData8         0x00001f81    0x4  Code  Gb  stm8s_uart1.o [1]
UART1_TX_IRQHandler     0x00001fb2    0x1  Code  Gb  stm8s_it.o [1]
__DebugBreak            0x00001fb6    0x1  Code  Gb  __dbg_break.o [3]
__exit                  0x00001d96   0x14  Code  Gb  __dbg_xxexit.o [3]
__iar_copy_init2        0x00001af2         Code  Gb  init_small.o [4]
__iar_data_init2        0x00001d82   0x14  Code  Gb  init.o [4]
__iar_program_start     0x00001daa         Code  Gb  cstartup.o [4]
__iar_unhandled_exception
                        0x00001f9d         Code  Gb  unhandled_exception.o [4]
__iar_zero_init2        0x00001c16         Code  Gb  init_small.o [4]
__intvec                  0x008000         Data  Gb  interrupt.o [4]
__low_level_init        0x00001f97    0x3  Code  Gb  low_level_init.o [4]
_exit                   0x00001f6c         Code  Gb  cexit.o [4]
_interrupt_1            0x00001fa4         Code  Gb  stm8s_it.o [1]
_interrupt_12           0x00001fad         Code  Gb  stm8s_it.o [1]
_interrupt_13           0x00001fae         Code  Gb  stm8s_it.o [1]
_interrupt_14           0x00001faf         Code  Gb  stm8s_it.o [1]
_interrupt_15           0x00001fb0         Code  Gb  stm8s_it.o [1]
_interrupt_16           0x00001fb1         Code  Gb  stm8s_it.o [1]
_interrupt_19           0x00001fb2         Code  Gb  stm8s_it.o [1]
_interrupt_2            0x00001fa5         Code  Gb  stm8s_it.o [1]
_interrupt_20           0x00001d2b         Code  Gb  stm8s_it.o [1]
_interrupt_21           0x00001fb3         Code  Gb  stm8s_it.o [1]
_interrupt_24           0x00001fb4         Code  Gb  stm8s_it.o [1]
_interrupt_25           0x00001bf8         Code  Gb  stm8s_it.o [1]
_interrupt_26           0x00001fb5         Code  Gb  stm8s_it.o [1]
_interrupt_3            0x00001fa6         Code  Gb  stm8s_it.o [1]
_interrupt_4            0x00001fa7         Code  Gb  stm8s_it.o [1]
_interrupt_5            0x00001fa8         Code  Gb  stm8s_it.o [1]
_interrupt_6            0x00001fa9         Code  Gb  stm8s_it.o [1]
_interrupt_7            0x00001faa         Code  Gb  stm8s_it.o [1]
_interrupt_8            0x00001fab         Code  Gb  stm8s_it.o [1]
_interrupt_9            0x00001fac         Code  Gb  stm8s_it.o [1]
adc_read_channel        0x000015bc   0x60  Code  Lc  heater_ctrl.o [1]
assert_failed           0x00001fa0    0x2  Code  Gb  main.o [1]
board_input1_read       0x00001dbd   0x11  Code  Gb  ek_gpio.o [1]
board_input2_read       0x00001dce   0x11  Code  Gb  ek_gpio.o [1]
board_outputs_all_off   0x00001cfe   0x17  Code  Gb  ek_gpio.o [1]
ek_delay                0x00001b85   0x21  Code  Gb  ek_tim.o [1]
ek_delay_counter        0x00001c6a   0x19  Code  Gb  ek_tim.o [1]
ek_delay_tick             0x0000c0    0x4  Data  Gb  ek_tim.o [1]
ek_gpio_init            0x00001756   0x44  Code  Gb  ek_gpio.o [1]
ek_soft_timer           0x00001671   0x53  Code  Gb  ek_tim.o [1]
ek_sys_clk_init         0x00001ecd    0x8  Code  Gb  ek_clk.o [1]
ek_sys_tim_init         0x00001b1a   0x24  Code  Gb  ek_tim.o [1]
ek_uart_init            0x00001b62   0x23  Code  Gb  ek_uart.o [1]
ek_uart_read_byte       0x00001aa0   0x2a  Code  Gb  ek_uart.o [1]
ek_uart_rx_isr          0x00001b3e   0x24  Code  Gb  ek_uart.o [1]
ek_uart_send_bytes      0x00001961   0x31  Code  Gb  ek_uart.o [1]
es1642_app_init         0x00001e29    0xc  Code  Gb  es1642_port_stm8.o [1]
es1642_app_poll         0x00001ce6   0x18  Code  Gb  es1642_port_stm8.o [1]
es1642_calc_checksum    0x00000000   0x3b  Code  Lc  es1642.o [1]
es1642_expect_normal_cmd
                        0x0000003b   0x1d  Code  Lc  es1642.o [1]
es1642_get_le16         0x00001d6d   0x15  Code  Lc  es1642.o [1]
es1642_memcpy           0x00001c50   0x1a  Code  Lc  es1642.o [1]
es1642_on_frame         0x0000097e  0x14c  Code  Gb  es1642_port_stm8.o [1]
es1642_put_le16         0x00001f0d    0x7  Code  Lc  es1642.o [1]
es1642_uart_rx_irq_handler
                        0x00001f91    0x3  Code  Gb  es1642_port_stm8.o [1]
exit                    0x00001f9a    0x3  Code  Gb  exit.o [4]
g_energy_Ws               0x0000cc    0x4  Data  Gb  heater_ctrl.o [1]
g_es1642                  0x000012   0x4b  Data  Lc  es1642_port_stm8.o [1]
g_input_vol               0x0000d0    0x2  Data  Gb  heater_ctrl.o [1]
g_master_cmd              0x000010    0x1  Data  Gb  heater_ctrl.o [1]
g_state                   0x000011    0x1  Data  Gb  heater_ctrl.o [1]
g_temperature             0x0000d6    0x1  Data  Gb  heater_ctrl.o [1]
heater_close            0x000007bf   0x45  Code  Gb  heater_ctrl.o [1]
heater_ctrl_init        0x00001bd9   0x1f  Code  Gb  heater_ctrl.o [1]
heater_delay_seconds    0x00001992   0x31  Code  Gb  heater_ctrl.o [1]
heater_energy_accumulate
                        0x00001a4a   0x2b  Code  Gb  heater_ctrl.o [1]
heater_get_energy_wh    0x00001e0e    0xe  Code  Gb  heater_ctrl.o [1]
heater_get_input_vol    0x0000072e   0x3a  Code  Gb  heater_ctrl.o [1]
heater_get_relay_state  0x000006ac    0xc  Code  Gb  heater_ctrl.o [1]
heater_get_temperature  0x000006b8   0x76  Code  Gb  heater_ctrl.o [1]
heater_open             0x00000768   0x57  Code  Gb  heater_ctrl.o [1]
heater_process          0x00000aca  0x130  Code  Gb  heater_ctrl.o [1]
mac_addr                  0x0000ba    0x6  Data  Lc  es1642_port_stm8.o [1]
main                    0x000016c4   0x4a  Code  Gb  main.o [1]
notify                    0x0000ae    0xc  Data  Lc  es1642_port_stm8.o [1]
recv_data                 0x00009d   0x11  Data  Lc  es1642_port_stm8.o [1]
s_abnormal_flag           0x0000d7    0x1  Data  Lc  heater_ctrl.o [1]
s_normal_cnt              0x0000d2    0x2  Data  Lc  heater_ctrl.o [1]
s_rx_fifo                 0x00005d   0x40  Data  Lc  ek_uart.o [1]
s_rx_r                    0x0000d5    0x1  Data  Lc  ek_uart.o [1]
s_rx_w                    0x0000d4    0x1  Data  Lc  ek_uart.o [1]
sec_time                  0x0000c8    0x4  Data  Gb  ek_tim.o [1]
stm8_es1642_write       0x00001ba6   0x21  Code  Gb  es1642_port_stm8.o [1]
tick_10ms                 0x0000c4    0x4  Data  Gb  ek_tim.o [1]


[1] = F:\Cubemx_Project\STM8XB\stm8s003f3p6_template_led_and_printf\EWSTM8\STM8S003F3\Obj
[2] = command line
[3] = dbgstm8smd.a
[4] = dlstm8smn.a

  7 339 bytes of readonly  code memory
    908 bytes of readonly  data memory
    472 bytes of readwrite data memory

Errors: 1
Warnings: none
