###############################################################################
#
# IAR ELF Linker V3.11.1.207 for STM8                     12/May/2026  10:54:30
# Copyright 2010-2019 IAR Systems AB.
#
#    Output file  =  
#        F:\Cubemx_Project\STM8XB\stm8s003f3p6_template_led_and_printf\EWSTM8\STM8S003F3\Exe\ek_stm8_template.out
#    Map file     =  
#        F:\Cubemx_Project\STM8XB\stm8s003f3p6_template_led_and_printf\EWSTM8\STM8S003F3\List\ek_stm8_template.map
#    Command line =  
#        -f C:\Users\AUSU\AppData\Local\Temp\EW6B3A.tmp
#        (F:\Cubemx_Project\STM8XB\stm8s003f3p6_template_led_and_printf\EWSTM8\STM8S003F3\Obj\ek_clk.o
#        F:\Cubemx_Project\STM8XB\stm8s003f3p6_template_led_and_printf\EWSTM8\STM8S003F3\Obj\ek_gpio.o
#        F:\Cubemx_Project\STM8XB\stm8s003f3p6_template_led_and_printf\EWSTM8\STM8S003F3\Obj\ek_tim.o
#        F:\Cubemx_Project\STM8XB\stm8s003f3p6_template_led_and_printf\EWSTM8\STM8S003F3\Obj\ek_uart.o
#        F:\Cubemx_Project\STM8XB\stm8s003f3p6_template_led_and_printf\EWSTM8\STM8S003F3\Obj\es1642.o
#        F:\Cubemx_Project\STM8XB\stm8s003f3p6_template_led_and_printf\EWSTM8\STM8S003F3\Obj\es1642_port_stm8.o
#        F:\Cubemx_Project\STM8XB\stm8s003f3p6_template_led_and_printf\EWSTM8\STM8S003F3\Obj\heater_ctrl.o
#        F:\Cubemx_Project\STM8XB\stm8s003f3p6_template_led_and_printf\EWSTM8\STM8S003F3\Obj\main.o
#        F:\Cubemx_Project\STM8XB\stm8s003f3p6_template_led_and_printf\EWSTM8\STM8S003F3\Obj\stm8s_adc1.o
#        F:\Cubemx_Project\STM8XB\stm8s003f3p6_template_led_and_printf\EWSTM8\STM8S003F3\Obj\stm8s_clk.o
#        F:\Cubemx_Project\STM8XB\stm8s003f3p6_template_led_and_printf\EWSTM8\STM8S003F3\Obj\stm8s_gpio.o
#        F:\Cubemx_Project\STM8XB\stm8s003f3p6_template_led_and_printf\EWSTM8\STM8S003F3\Obj\stm8s_it.o
#        F:\Cubemx_Project\STM8XB\stm8s003f3p6_template_led_and_printf\EWSTM8\STM8S003F3\Obj\stm8s_itc.o
#        F:\Cubemx_Project\STM8XB\stm8s003f3p6_template_led_and_printf\EWSTM8\STM8S003F3\Obj\stm8s_iwdg.o
#        F:\Cubemx_Project\STM8XB\stm8s003f3p6_template_led_and_printf\EWSTM8\STM8S003F3\Obj\stm8s_tim4.o
#        F:\Cubemx_Project\STM8XB\stm8s003f3p6_template_led_and_printf\EWSTM8\STM8S003F3\Obj\stm8s_uart1.o
#        --redirect _Printf=_PrintfSmall --redirect _Scanf=_ScanfSmall
#        --no_out_extension -o
#        F:\Cubemx_Project\STM8XB\stm8s003f3p6_template_led_and_printf\EWSTM8\STM8S003F3\Exe\ek_stm8_template.out
#        --map
#        F:\Cubemx_Project\STM8XB\stm8s003f3p6_template_led_and_printf\EWSTM8\STM8S003F3\List\ek_stm8_template.map
#        --config E:\IARSTM8\stm8\config\lnkstm8s003f3.icf --config_def
#        _CSTACK_SIZE=0x100 --config_def _HEAP_SIZE=0x100 --entry
#        __iar_program_start --debug_lib)
#
###############################################################################

*******************************************************************************
*** RUNTIME MODEL ATTRIBUTES
***

__SystemLibrary            = DLib
__code_model               = small
__core                     = stm8
__data_model               = medium
__dlib_file_descriptor     = 0
__dlib_full_locale_support = 0
__rt_version               = 4


*******************************************************************************
*** PLACEMENT SUMMARY
***

"A0":  place at start of [0x000000-0x0000ff] { rw section .vregs };
"A1":  place at end of [0x000000-0x0003ff] { block CSTACK };
"P2":  place in [from 0x000000 to 0x0003ff] {
          block HEAP, rw section __DLIB_PERTHREAD, rw section .far.bss,
          rw section .far.data, rw section .far.noinit,
          rw section .far_func.textrw, rw section .huge.bss,
          rw section .huge.data, rw section .huge.noinit,
          rw section .huge_func.textrw, rw section .iar.dynexit,
          rw section .near.bss, rw section .near.data, rw section .near.noinit,
          rw section .near_func.textrw };
"A2":  place at start of [0x008000-0x009fff] { block INTVEC };
"P3":  place in [from 0x008000 to 0x009fff] {
          ro section __DLIB_PERTHREAD_init, ro section .far.data_init,
          ro section .far_func.textrw_init, ro section .huge.data_init,
          ro section .huge_func.textrw_init, ro section .iar.init_table,
          ro section .init_array, ro section .near.data_init,
          ro section .near.rodata, ro section .near_func.text,
          ro section .near_func.textrw_init, ro section .tiny.data_init,
          ro section .tiny.rodata_init };
"P4":  place in [from 0x008000 to 0x009fff] {
          ro section .far.rodata, ro section .far_func.text };
"P5":  place in [from 0x008000 to 0x009fff] {
          ro section .huge.rodata, ro section .huge_func.text };
do not initialize {
   rw section .eeprom.noinit, rw section .far.noinit, rw section .huge.noinit,
   rw section .near.noinit, rw section .tiny.noinit, rw section .vregs };
initialize by copy {
   rw section .far.bss, rw section .far.data, rw section .far_func.textrw,
   rw section .huge.bss, rw section .huge.data, rw section .huge_func.textrw,
   rw section .iar.dynexit, rw section .near.bss, rw section .near.data,
   rw section .near_func.textrw, rw section .tiny.bss, rw section .tiny.data,
   ro section .tiny.rodata };

No sections matched the following patterns:

  ro section .far.data_init          in "P3-P5"
  ro section .far.rodata             in "P3-P5"
  ro section .far_func.text          in "P3-P5"
  ro section .far_func.textrw_init   in "P3-P5"
  ro section .huge.data_init         in "P3-P5"
  ro section .huge.rodata            in "P3-P5"
  ro section .huge_func.text         in "P3-P5"
  ro section .huge_func.textrw_init  in "P3-P5"
  ro section .iar.init_table         in "P3-P5"
  ro section .init_array             in "P3-P5"
  ro section .near_func.textrw_init  in "P3-P5"
  ro section .tiny.data_init         in "P3-P5"
  ro section .tiny.rodata_init       in "P3-P5"
  ro section __DLIB_PERTHREAD_init   in "P3-P5"
  rw section .far.bss                in "P2"
  rw section .far.data               in "P2"
  rw section .far.noinit             in "P2"
  rw section .far_func.textrw        in "P2"
  rw section .huge.bss               in "P2"
  rw section .huge.data              in "P2"
  rw section .huge.noinit            in "P2"
  rw section .huge_func.textrw       in "P2"
  rw section .iar.dynexit            in "P2"
  rw section .near.noinit            in "P2"
  rw section .near_func.textrw       in "P2"
  rw section .tiny.bss               in "P1"
  rw section .tiny.data              in "P1"
  rw section .tiny.noinit            in "P1"
  rw section .tiny.rodata            in "P1"
  rw section __DLIB_PERTHREAD        in "P2"
  section .eeprom.data               in "P6-P8"
  section .eeprom.noinit             in "P6-P8"
  section .eeprom.rodata             in "P6-P8"


  Section            Kind      Address    Size  Object
  -------            ----      -------    ----  ------
"A0":                                     0x10
  .vregs             uninit   0x000000    0x10  vregs.o [4]
                            - 0x000010    0x10

"P2", part 1 of 2:                         0x2
  P2-1                        0x000010     0x2  <Init block>
    .near.data       inited   0x000010     0x2  heater_ctrl.o [1]
                            - 0x000012     0x2

"P2", part 2 of 2:                        0xcc
  .near.bss          zero     0x000012    0x4f  es1642_port_stm8.o [1]
  .near.bss          zero     0x000061    0x40  ek_uart.o [1]
  .near.bss          zero     0x0000a1    0x11  es1642_port_stm8.o [1]
  .near.bss          zero     0x0000b2     0xc  es1642_port_stm8.o [1]
  .near.bss          zero     0x0000be     0x6  es1642_port_stm8.o [1]
  .near.bss          zero     0x0000c4     0x4  ek_tim.o [1]
  .near.bss          zero     0x0000c8     0x4  ek_tim.o [1]
  .near.bss          zero     0x0000cc     0x4  ek_tim.o [1]
  .near.bss          zero     0x0000d0     0x2  heater_ctrl.o [1]
  .near.bss          zero     0x0000d2     0x2  heater_ctrl.o [1]
  .near.bss          zero     0x0000d4     0x1  ek_uart.o [1]
  .near.bss          zero     0x0000d5     0x1  ek_uart.o [1]
  .near.bss          zero     0x0000d6     0x1  heater_ctrl.o [1]
  .near.bss          zero     0x0000d7     0x1  heater_ctrl.o [1]
  .near.bss          zero     0x0000d8     0x1  heater_ctrl.o [1]
  .near.bss          zero     0x0000d9     0x1  heater_ctrl.o [1]
  .near.bss          zero     0x0000da     0x1  heater_ctrl.o [1]
  .near.bss          zero     0x0000db     0x1  heater_ctrl.o [1]
  .near.bss          zero     0x0000dc     0x1  heater_ctrl.o [1]
  .near.bss          zero     0x0000dd     0x1  heater_ctrl.o [1]
                            - 0x0000de    0xcc

"A1":                                    0x100
  CSTACK                      0x000300   0x100  <Block>
    CSTACK           uninit   0x000300   0x100  <Block tail>
                            - 0x000400   0x100

"A2":                                     0x80
  INTVEC                      0x008000    0x80  <Block>
    .intvec          const    0x008000    0x80  interrupt.o [4]
                            - 0x008080    0x80

"P3-P5":                                0x1efc
  .near_func.text    ro code  0x008080   0x30f  es1642.o [1]
  .near_func.text    ro code  0x00838f   0x1f5  heater_ctrl.o [1]
  .near_func.text    ro code  0x008584   0x1b6  stm8s_uart1.o [1]
  .near_func.text    ro code  0x00873a   0x1b6  long.o [4]
  .near_func.text    ro code  0x0088f0   0x15d  vreg_util.o [4]
  .near_func.text    ro code  0x008a4d   0x137  es1642_port_stm8.o [1]
  .near_func.text    ro code  0x008b84   0x124  stm8s_adc1.o [1]
  .near_func.text    ro code  0x008ca8    0xd0  es1642.o [1]
  .near_func.text    ro code  0x008d78    0xbe  heater_ctrl.o [1]
  .near_func.text    ro code  0x008e36    0xb0  stm8s_adc1.o [1]
  .near_func.text    ro code  0x008ee6    0xad  stm8s_gpio.o [1]
  .near_func.text    ro code  0x008f93    0x95  stm8s_uart1.o [1]
  .near_func.text    ro code  0x009028    0x8a  stm8s_adc1.o [1]
  .near_func.text    ro code  0x0090b2    0x84  es1642.o [1]
  .near_func.text    ro code  0x009136    0x74  es1642.o [1]
  .near_func.text    ro code  0x0091aa    0x74  stm8s_adc1.o [1]
  .near.rodata       const    0x00921e    0x71  stm8s_uart1.o [1]
  .near.rodata       const    0x00928f    0x70  stm8s_adc1.o [1]
  .near.rodata       const    0x0092ff    0x70  stm8s_gpio.o [1]
  .near.rodata       const    0x00936f    0x70  stm8s_tim4.o [1]
  .near_func.text    ro code  0x0093df    0x70  stm8s_adc1.o [1]
  .near.rodata       const    0x00944f    0x6f  stm8s_clk.o [1]
  .near_func.text    ro code  0x0094be    0x68  es1642.o [1]
  .near_func.text    ro code  0x009526    0x65  heater_ctrl.o [1]
  .near_func.text    ro code  0x00958b    0x63  stm8s_uart1.o [1]
  .near_func.text    ro code  0x0095ee    0x55  long_util.o [4]
  .near_func.text    ro code  0x009643    0x50  ek_tim.o [1]
  .near.rodata       const    0x009693    0x48  heater_ctrl.o [1]
  .near_func.text    ro code  0x0096db    0x44  ek_gpio.o [1]
  .near_func.text    ro code  0x00971f    0x3f  stm8s_adc1.o [1]
  .near_func.text    ro code  0x00975e    0x3d  main.o [1]
  .near_func.text    ro code  0x00979b    0x3d  stm8s_adc1.o [1]
  .near_func.text    ro code  0x0097d8    0x3b  es1642.o [1]
  .near_func.text    ro code  0x009813    0x3b  stm8s_clk.o [1]
  .near_func.text    ro code  0x00984e    0x3a  stm8s_tim4.o [1]
  .near_func.text    ro code  0x009888    0x3a  short.o [4]
  .near_func.text    ro code  0x0098c2    0x39  stm8s_adc1.o [1]
  .near_func.text    ro code  0x0098fb    0x36  stm8s_clk.o [1]
  .near_func.text    ro code  0x009931    0x34  heater_ctrl.o [1]
  .near_func.text    ro code  0x009965    0x34  stm8s_tim4.o [1]
  .near_func.text    ro code  0x009999    0x2c  ek_uart.o [1]
  .near_func.text    ro code  0x0099c5    0x2c  es1642.o [1]
  .near_func.text    ro code  0x0099f1    0x2c  dc_util.o [4]
  .near_func.text    ro code  0x009a1d    0x2b  es1642_port_stm8.o [1]
  .near_func.text    ro code  0x009a48    0x2b  stm8s_uart1.o [1]
  .near_func.text    ro code  0x009a73    0x2a  ek_uart.o [1]
  .near_func.text    ro code  0x009a9d    0x28  stm8s_clk.o [1]
  .near_func.text    ro code  0x009ac5    0x28  init_small.o [4]
  .near_func.text    ro code  0x009aed    0x24  ek_tim.o [1]
  .near_func.text    ro code  0x009b11    0x24  ek_uart.o [1]
  .near_func.text    ro code  0x009b35    0x23  ek_uart.o [1]
  .near_func.text    ro code  0x009b58    0x23  es1642.o [1]
  .near_func.text    ro code  0x009b7b    0x21  es1642_port_stm8.o [1]
  .iar.init_table    const    0x009b9c    0x12  - Linker created -
  .near_func.text    ro code  0x009bae    0x1f  heater_ctrl.o [1]
  .near_func.text    ro code  0x009bcd    0x1f  memcpy.o [4]
  .near_func.text    ro code  0x009bec    0x1e  stm8s_it.o [1]
  .near_func.text    ro code  0x009c0a    0x1e  init_small.o [4]
  .near_func.text    ro code  0x009c28    0x1d  es1642.o [1]
  .near_func.text    ro code  0x009c45    0x19  ek_tim.o [1]
  .near_func.text    ro code  0x009c5e    0x19  ek_tim.o [1]
  .near_func.text    ro code  0x009c77    0x19  stm8s_tim4.o [1]
  .near_func.text    ro code  0x009c90    0x19  stm8s_tim4.o [1]
  .near_func.text    ro code  0x009ca9    0x19  stm8s_tim4.o [1]
  .near_func.text    ro code  0x009cc2    0x18  es1642.o [1]
  .near_func.text    ro code  0x009cda    0x18  es1642_port_stm8.o [1]
  .near_func.text    ro code  0x009cf2    0x17  ek_gpio.o [1]
  .near_func.text    ro code  0x009d09    0x16  stm8s_adc1.o [1]
  .near_func.text    ro code  0x009d1f    0x16  stm8s_it.o [1]
  .near_func.text    ro code  0x009d35    0x16  stm8s_tim4.o [1]
  .near_func.text    ro code  0x009d4b    0x16  stm8s_tim4.o [1]
  .near_func.text    ro code  0x009d61    0x16  memset.o [4]
  .near_func.text    ro code  0x009d77    0x15  es1642.o [1]
  .near_func.text    ro code  0x009d8c    0x14  init.o [4]
  .near_func.text    ro code  0x009da0    0x14  __dbg_xxexit.o [3]
  .near_func.text    ro code  0x009db4    0x13  cstartup.o [4]
  .near_func.text    ro code  0x009dc7    0x11  ek_gpio.o [1]
  .near_func.text    ro code  0x009dd8    0x11  ek_gpio.o [1]
  .near_func.text    ro code  0x009de9    0x10  heater_ctrl.o [1]
  .near_func.text    ro code  0x009df9     0xe  es1642_port_stm8.o [1]
  .near_func.text    ro code  0x009e07     0xd  heater_ctrl.o [1]
  .near_func.text    ro code  0x009e14     0xd  move.o [4]
  .near_func.text    ro code  0x009e21     0xb  es1642.o [1]
  .near_func.text    ro code  0x009e2c     0xb  stm8s_adc1.o [1]
  .near_func.text    ro code  0x009e37     0xb  stm8s_adc1.o [1]
  .near_func.text    ro code  0x009e42     0xb  stm8s_adc1.o [1]
  .near_func.text    ro code  0x009e4d     0xb  stm8s_clk.o [1]
  .near_func.text    ro code  0x009e58     0xb  stm8s_gpio.o [1]
  .near_func.text    ro code  0x009e63     0xb  stm8s_tim4.o [1]
  .near_func.text    ro code  0x009e6e     0xb  stm8s_uart1.o [1]
  .near_func.text    ro code  0x009e79     0x9  ek_tim.o [1]
  .near_func.text    ro code  0x009e82     0x9  ek_uart.o [1]
  .near_func.text    ro code  0x009e8b     0x9  stm8s_adc1.o [1]
  .near_func.text    ro code  0x009e94     0x9  stm8s_adc1.o [1]
  .near_func.text    ro code  0x009e9d     0x9  stm8s_adc1.o [1]
  .near_func.text    ro code  0x009ea6     0x9  stm8s_clk.o [1]
  .near_func.text    ro code  0x009eaf     0x9  stm8s_uart1.o [1]
  .near_func.text    ro code  0x009eb8     0x8  ek_clk.o [1]
  .near_func.text    ro code  0x009ec0     0x8  ek_gpio.o [1]
  .near_func.text    ro code  0x009ec8     0x8  stm8s_adc1.o [1]
  .near_func.text    ro code  0x009ed0     0x8  stm8s_uart1.o [1]
  .near_func.text    ro code  0x009ed8     0x8  stm8s_uart1.o [1]
  .near_func.text    ro code  0x009ee0     0x7  es1642.o [1]
  .near_func.text    ro code  0x009ee7     0x7  es1642.o [1]
  .near_func.text    ro code  0x009eee     0x7  stm8s_adc1.o [1]
  .near_func.text    ro code  0x009ef5     0x7  stm8s_adc1.o [1]
  .near_func.text    ro code  0x009efc     0x7  stm8s_gpio.o [1]
  .near_func.text    ro code  0x009f03     0x7  stm8s_gpio.o [1]
  .near_func.text    ro code  0x009f0a     0x7  stm8s_gpio.o [1]
  .near_func.text    ro code  0x009f11     0x6  ek_gpio.o [1]
  .near_func.text    ro code  0x009f17     0x6  ek_gpio.o [1]
  .near_func.text    ro code  0x009f1d     0x6  es1642.o [1]
  .near_func.text    ro code  0x009f23     0x6  heater_ctrl.o [1]
  .near_func.text    ro code  0x009f29     0x6  heater_ctrl.o [1]
  .near_func.text    ro code  0x009f2f     0x6  stm8s_uart1.o [1]
  .near_func.text    ro code  0x009f35     0x5  cexit.o [4]
  .near.rodata       const    0x009f3a     0x4  stm8s_clk.o [1]
  .near_func.text    ro code  0x009f3e     0x4  stm8s_gpio.o [1]
  .near_func.text    ro code  0x009f42     0x4  stm8s_uart1.o [1]
  .near_func.text    ro code  0x009f46     0x4  stm8s_uart1.o [1]
  .near.rodata       const    0x009f4a     0x3  es1642_port_stm8.o [1]
  .near.rodata       const    0x009f4d     0x3  es1642_port_stm8.o [1]
  .near.rodata       const    0x009f50     0x3  es1642_port_stm8.o [1]
  .near.rodata       const    0x009f53     0x3  es1642_port_stm8.o [1]
  .near_func.text    ro code  0x009f56     0x3  es1642_port_stm8.o [1]
  .near_func.text    ro code  0x009f59     0x3  interrupt.o [4]
  .near_func.text    ro code  0x009f5c     0x3  low_level_init.o [4]
  .near_func.text    ro code  0x009f5f     0x3  exit.o [4]
  .near_func.text    ro code  0x009f62     0x3  unhandled_exception.o [4]
  .near_func.text    ro code  0x009f65     0x2  main.o [1]
  Initializer bytes  const    0x009f67     0x2  <for P2-1>
  .near_func.text    ro code  0x009f69     0x1  stm8s_it.o [1]
  .near_func.text    ro code  0x009f6a     0x1  stm8s_it.o [1]
  .near_func.text    ro code  0x009f6b     0x1  stm8s_it.o [1]
  .near_func.text    ro code  0x009f6c     0x1  stm8s_it.o [1]
  .near_func.text    ro code  0x009f6d     0x1  stm8s_it.o [1]
  .near_func.text    ro code  0x009f6e     0x1  stm8s_it.o [1]
  .near_func.text    ro code  0x009f6f     0x1  stm8s_it.o [1]
  .near_func.text    ro code  0x009f70     0x1  stm8s_it.o [1]
  .near_func.text    ro code  0x009f71     0x1  stm8s_it.o [1]
  .near_func.text    ro code  0x009f72     0x1  stm8s_it.o [1]
  .near_func.text    ro code  0x009f73     0x1  stm8s_it.o [1]
  .near_func.text    ro code  0x009f74     0x1  stm8s_it.o [1]
  .near_func.text    ro code  0x009f75     0x1  stm8s_it.o [1]
  .near_func.text    ro code  0x009f76     0x1  stm8s_it.o [1]
  .near_func.text    ro code  0x009f77     0x1  stm8s_it.o [1]
  .near_func.text    ro code  0x009f78     0x1  stm8s_it.o [1]
  .near_func.text    ro code  0x009f79     0x1  stm8s_it.o [1]
  .near_func.text    ro code  0x009f7a     0x1  stm8s_it.o [1]
  .near_func.text    ro code  0x009f7b     0x1  __dbg_break.o [3]
                            - 0x009f7c  0x1efc


*******************************************************************************
*** INIT TABLE
***

          Address   Size
          -------   ----
Zero (__iar_zero_init2)
    1 destination range, total size 0xcc:
          0x000012  0xcc

Copy (__iar_copy_init2)
    1 source range, total size 0x2:
          0x009f67   0x2
    1 destination range, total size 0x2:
          0x000010   0x2



*******************************************************************************
*** MODULE SUMMARY
***

    Module                 ro code  ro data  rw data
    ------                 -------  -------  -------
F:\Cubemx_Project\STM8XB\stm8s003f3p6_template_led_and_printf\EWSTM8\STM8S003F3\Obj: [1]
    ek_clk.o                     8
    ek_gpio.o                  145
    ek_tim.o                   175                12
    ek_uart.o                  166                66
    es1642.o                 1 586
    es1642_port_stm8.o         428       12      114
    heater_ctrl.o              916       74       14
    main.o                      63
    stm8s_adc1.o             1 119      112
    stm8s_clk.o                173      115
    stm8s_gpio.o               209      112
    stm8s_it.o                  70
    stm8s_tim4.o               240      112
    stm8s_uart1.o              779      113
    ------------------------------------------------
    Total:                   6 077      650      206

command line: [2]
    ------------------------------------------------
    Total:

dbgstm8smd.a: [3]
    __dbg_break.o                1
    __dbg_xxexit.o              20
    ------------------------------------------------
    Total:                      21

dlstm8smn.a: [4]
    cexit.o                      5
    cstartup.o                  19
    dc_util.o                   44
    exit.o                       3
    init.o                      20
    init_small.o                70
    interrupt.o                  3      128
    long.o                     438
    long_util.o                 85
    low_level_init.o             3
    memcpy.o                    31
    memset.o                    22
    move.o                      13
    short.o                     58
    unhandled_exception.o        3
    vreg_util.o                349
    vregs.o                                       16
    ------------------------------------------------
    Total:                   1 166      128       16

    Linker created                       18      256
----------------------------------------------------
    Grand Total:             7 264      796      478


*******************************************************************************
*** ENTRY LIST
***

Entry                    Address   Size  Type      Object
-----                    -------   ----  ----      ------
.iar.init_table$$Base   0x009b9c          --   Gb  - Linker created -
.iar.init_table$$Limit  0x009bae          --   Gb  - Linker created -
?add32_l0_l0_0x         0x008769         Code  Gb  long.o [4]
?add32_l0_l0_l1         0x008766         Code  Gb  long.o [4]
?b0                     0x000000         Data  Gb  vregs.o [4]
?b1                     0x000001         Data  Gb  vregs.o [4]
?b10                    0x00000a         Data  Gb  vregs.o [4]
?b11                    0x00000b         Data  Gb  vregs.o [4]
?b12                    0x00000c         Data  Gb  vregs.o [4]
?b13                    0x00000d         Data  Gb  vregs.o [4]
?b14                    0x00000e         Data  Gb  vregs.o [4]
?b15                    0x00000f         Data  Gb  vregs.o [4]
?b2                     0x000002         Data  Gb  vregs.o [4]
?b3                     0x000003         Data  Gb  vregs.o [4]
?b4                     0x000004         Data  Gb  vregs.o [4]
?b5                     0x000005         Data  Gb  vregs.o [4]
?b6                     0x000006         Data  Gb  vregs.o [4]
?b7                     0x000007         Data  Gb  vregs.o [4]
?b8                     0x000008         Data  Gb  vregs.o [4]
?b9                     0x000009         Data  Gb  vregs.o [4]
?dc32_l0                0x0099f8         Code  Gb  dc_util.o [4]
?dc32_l1                0x009a05         Code  Gb  dc_util.o [4]
?dc32_px                0x009a12         Code  Gb  dc_util.o [4]
?dc8_px                 0x0099f1         Code  Gb  dc_util.o [4]
?dec32_0x_0x            0x008752         Code  Gb  long.o [4]
?dec32_l0_l0            0x00874d         Code  Gb  long.o [4]
?e0                     0x000001         Data  Gb  vregs.o [4]
?e1                     0x000005         Data  Gb  vregs.o [4]
?e2                     0x000009         Data  Gb  vregs.o [4]
?e3                     0x00000d         Data  Gb  vregs.o [4]
?epilogue_l2            0x008990         Code  Gb  vreg_util.o [4]
?epilogue_l2_l3         0x00898d         Code  Gb  vreg_util.o [4]
?epilogue_l2_w6         0x008994         Code  Gb  vreg_util.o [4]
?epilogue_w4            0x00899b         Code  Gb  vreg_util.o [4]
?inc32_0x_0x            0x00873f         Code  Gb  long.o [4]
?inc32_l0_l0            0x00873a         Code  Gb  long.o [4]
?l0                     0x000000         Data  Gb  vregs.o [4]
?l1                     0x000004         Data  Gb  vregs.o [4]
?l2                     0x000008         Data  Gb  vregs.o [4]
?l3                     0x00000c         Data  Gb  vregs.o [4]
?load32_0x_l0           0x009627         Code  Gb  long_util.o [4]
?load32_0x_l1           0x009635         Code  Gb  long_util.o [4]
?load32_asp_l0          0x00961b         Code  Gb  long_util.o [4]
?load32_dbsp_l0         0x009616         Code  Gb  long_util.o [4]
?load32_l0_0x           0x0095fe         Code  Gb  long_util.o [4]
?load32_l0_asp          0x0095f3         Code  Gb  long_util.o [4]
?load32_l0_dbsp         0x0095ee         Code  Gb  long_util.o [4]
?load32_l0_xsp          0x0095f5         Code  Gb  long_util.o [4]
?load32_l1_0x           0x00960a         Code  Gb  long_util.o [4]
?load32_xsp_l0          0x00961d         Code  Gb  long_util.o [4]
?mov_e0_e1              0x0089e8         Code  Gb  vreg_util.o [4]
?mov_e0_e2              0x0089f5         Code  Gb  vreg_util.o [4]
?mov_e0_e3              0x008a02         Code  Gb  vreg_util.o [4]
?mov_e1_e0              0x008a0f         Code  Gb  vreg_util.o [4]
?mov_e1_e2              0x008a1c         Code  Gb  vreg_util.o [4]
?mov_e1_e3              0x008a29         Code  Gb  vreg_util.o [4]
?mov_e2_e0              0x008a36         Code  Gb  vreg_util.o [4]
?mov_e3_e0              0x008a43         Code  Gb  vreg_util.o [4]
?mov_l0_l1              0x0089e5         Code  Gb  vreg_util.o [4]
?mov_l0_l2              0x0089f2         Code  Gb  vreg_util.o [4]
?mov_l0_l3              0x0089ff         Code  Gb  vreg_util.o [4]
?mov_l1_l0              0x008a0c         Code  Gb  vreg_util.o [4]
?mov_l1_l2              0x008a19         Code  Gb  vreg_util.o [4]
?mov_l1_l3              0x008a26         Code  Gb  vreg_util.o [4]
?mov_l2_l0              0x008a33         Code  Gb  vreg_util.o [4]
?mov_l3_l0              0x008a40         Code  Gb  vreg_util.o [4]
?mov_w0_w4              0x00899f         Code  Gb  vreg_util.o [4]
?mov_w0_w7              0x0089a6         Code  Gb  vreg_util.o [4]
?mov_w1_w3              0x0089eb         Code  Gb  vreg_util.o [4]
?mov_w1_w4              0x0089ad         Code  Gb  vreg_util.o [4]
?mov_w1_w5              0x0089f8         Code  Gb  vreg_util.o [4]
?mov_w1_w7              0x008a05         Code  Gb  vreg_util.o [4]
?mov_w2_w1              0x0089b4         Code  Gb  vreg_util.o [4]
?mov_w2_w6              0x0089bb         Code  Gb  vreg_util.o [4]
?mov_w3_w1              0x008a12         Code  Gb  vreg_util.o [4]
?mov_w3_w5              0x008a1f         Code  Gb  vreg_util.o [4]
?mov_w3_w7              0x008a2c         Code  Gb  vreg_util.o [4]
?mov_w4_w0              0x0089c2         Code  Gb  vreg_util.o [4]
?mov_w4_w1              0x0089c9         Code  Gb  vreg_util.o [4]
?mov_w5_w1              0x008a39         Code  Gb  vreg_util.o [4]
?mov_w6_w0              0x0089d0         Code  Gb  vreg_util.o [4]
?mov_w6_w1              0x0089d7         Code  Gb  vreg_util.o [4]
?mov_w6_w5              0x0089de         Code  Gb  vreg_util.o [4]
?mov_w7_w1              0x008a46         Code  Gb  vreg_util.o [4]
?move1616_v_x_y_a       0x009e14         Code  Gb  move.o [4]
?mul32_l0_l0_0x         0x00879f         Code  Gb  long.o [4]
?mul32_l0_l0_dl         0x00879c         Code  Gb  long.o [4]
?mul32_l0_l0_l1         0x0087a8         Code  Gb  long.o [4]
?or32_l0_l0_0x          0x0088ae         Code  Gb  long.o [4]
?or32_l0_l0_l1          0x0088ab         Code  Gb  long.o [4]
?pop_l0                 0x008959         Code  Gb  vreg_util.o [4]
?pop_l1                 0x008964         Code  Gb  vreg_util.o [4]
?pop_l2                 0x00896f         Code  Gb  vreg_util.o [4]
?pop_l3                 0x00897a         Code  Gb  vreg_util.o [4]
?pop_w4                 0x008912         Code  Gb  vreg_util.o [4]
?pop_w6                 0x008919         Code  Gb  vreg_util.o [4]
?push_l0                0x008928         Code  Gb  vreg_util.o [4]
?push_l1                0x00892d         Code  Gb  vreg_util.o [4]
?push_l2                0x008932         Code  Gb  vreg_util.o [4]
?push_l3                0x008937         Code  Gb  vreg_util.o [4]
?push_w3                0x0088f0         Code  Gb  vreg_util.o [4]
?push_w4                0x0088f5         Code  Gb  vreg_util.o [4]
?push_w6                0x0088fa         Code  Gb  vreg_util.o [4]
?sdiv16_x_x_y           0x009888         Code  Gb  short.o [4]
?sext16_x_a             0x0098bb         Code  Gb  short.o [4]
?sll16_x_x_10           0x0098ab         Code  Gb  short.o [4]
?sll16_x_x_11           0x0098aa         Code  Gb  short.o [4]
?sll16_x_x_12           0x0098a9         Code  Gb  short.o [4]
?sll16_x_x_4            0x0098b1         Code  Gb  short.o [4]
?sll16_x_x_5            0x0098b0         Code  Gb  short.o [4]
?sll16_x_x_6            0x0098af         Code  Gb  short.o [4]
?sll16_x_x_7            0x0098ae         Code  Gb  short.o [4]
?sll16_x_x_8            0x0098ad         Code  Gb  short.o [4]
?sll16_x_x_9            0x0098ac         Code  Gb  short.o [4]
?sll16_x_x_a            0x0098a1         Code  Gb  short.o [4]
?sll32_0x_0x_a          0x0088cd         Code  Gb  long.o [4]
?sll32_l0_l0_a          0x0088ca         Code  Gb  long.o [4]
?sll32_l0_l0_db         0x0088c6         Code  Gb  long.o [4]
?srl16_x_x_4            0x0098b6         Code  Gb  short.o [4]
?srl32_0x_0x_a          0x0088e2         Code  Gb  long.o [4]
?srl32_l0_l0_a          0x0088df         Code  Gb  long.o [4]
?srl32_l0_l0_db         0x0088db         Code  Gb  long.o [4]
?sub32_l0_l0_0x         0x008784         Code  Gb  long.o [4]
?sub32_l0_l0_l1         0x008781         Code  Gb  long.o [4]
?ucmp32_c_l0_l1         0x0088a0         Code  Gb  long.o [4]
?udiv32_l0_dl_l1        0x00882b         Code  Gb  long.o [4]
?udiv32_l0_l0_dl        0x008830         Code  Gb  long.o [4]
?udiv32_l0_l0_l1        0x008833         Code  Gb  long.o [4]
?umod32_l1_l0_dl        0x008826         Code  Gb  long.o [4]
?umod32_l1_l0_l1        0x008833         Code  Gb  long.o [4]
?w0                     0x000000         Data  Gb  vregs.o [4]
?w1                     0x000002         Data  Gb  vregs.o [4]
?w2                     0x000004         Data  Gb  vregs.o [4]
?w3                     0x000006         Data  Gb  vregs.o [4]
?w4                     0x000008         Data  Gb  vregs.o [4]
?w5                     0x00000a         Data  Gb  vregs.o [4]
?w6                     0x00000c         Data  Gb  vregs.o [4]
?w7                     0x00000e         Data  Gb  vregs.o [4]
ADC1_ClearFlag          0x0091aa   0x74  Code  Gb  stm8s_adc1.o [1]
ADC1_Cmd                0x009d09   0x16  Code  Gb  stm8s_adc1.o [1]
ADC1_ConversionConfig   0x009028   0x8a  Code  Gb  stm8s_adc1.o [1]
ADC1_ExternalTriggerConfig
                        0x00971f   0x3f  Code  Gb  stm8s_adc1.o [1]
ADC1_GetConversionValue
                        0x0098c2   0x39  Code  Gb  stm8s_adc1.o [1]
ADC1_GetFlagStatus      0x0093df   0x70  Code  Gb  stm8s_adc1.o [1]
ADC1_IRQHandler         0x009f79    0x1  Code  Gb  stm8s_it.o [1]
ADC1_Init               0x008b84  0x124  Code  Gb  stm8s_adc1.o [1]
ADC1_PrescalerConfig    0x00979b   0x3d  Code  Gb  stm8s_adc1.o [1]
ADC1_SchmittTriggerConfig
                        0x008e36   0xb0  Code  Gb  stm8s_adc1.o [1]
AWU_IRQHandler          0x009f6b    0x1  Code  Gb  stm8s_it.o [1]
CLK_DeInit              0x0098fb   0x36  Code  Gb  stm8s_clk.o [1]
CLK_GetClockFreq        0x009813   0x3b  Code  Gb  stm8s_clk.o [1]
CLK_HSIPrescalerConfig  0x009a9d   0x28  Code  Gb  stm8s_clk.o [1]
CLK_IRQHandler          0x009f6c    0x1  Code  Gb  stm8s_it.o [1]
CSTACK$$Base            0x000300          --   Gb  - Linker created -
CSTACK$$Limit           0x000400          --   Gb  - Linker created -
EEPROM_EEC_IRQHandler   0x009f7a    0x1  Code  Gb  stm8s_it.o [1]
ES1642_BuildFrame       0x008094   0x93  Code  Gb  es1642.o [1]
ES1642_DecodeEmptyResponse
                        0x009cc2   0x18  Code  Gb  es1642.o [1]
ES1642_DecodeMac        0x0099c5   0x2c  Code  Gb  es1642.o [1]
ES1642_DecodeRecvData   0x008ca8   0xd0  Code  Gb  es1642.o [1]
ES1642_DecodeSearchNotify
                        0x0090b2   0x84  Code  Gb  es1642.o [1]
ES1642_Init             0x009b58   0x23  Code  Gb  es1642.o [1]
ES1642_InputByte        0x0082aa   0xbf  Code  Gb  es1642.o [1]
ES1642_MakeSearchReplyCtrl
                        0x00808b    0x9  Code  Gb  es1642.o [1]
ES1642_ParseFrame       0x00818b  0x11f  Code  Gb  es1642.o [1]
ES1642_ReadMac          0x009df9    0xe  Code  Gb  es1642_port_stm8.o [1]
ES1642_ResetRx          0x008080    0xb  Code  Gb  es1642.o [1]
ES1642_SendData         0x0094be   0x68  Code  Gb  es1642.o [1]
ES1642_SendFrame        0x008127   0x64  Code  Gb  es1642.o [1]
ES1642_SendReadMac      0x00836e    0xf  Code  Gb  es1642.o [1]
ES1642_SendSearchReply  0x009136   0x74  Code  Gb  es1642.o [1]
ES1642_SendSetAddr      0x00837d   0x12  Code  Gb  es1642.o [1]
EXTI_PORTA_IRQHandler   0x009f6d    0x1  Code  Gb  stm8s_it.o [1]
EXTI_PORTB_IRQHandler   0x009f6e    0x1  Code  Gb  stm8s_it.o [1]
EXTI_PORTC_IRQHandler   0x009f6f    0x1  Code  Gb  stm8s_it.o [1]
EXTI_PORTD_IRQHandler   0x009f70    0x1  Code  Gb  stm8s_it.o [1]
EXTI_PORTE_IRQHandler   0x009f71    0x1  Code  Gb  stm8s_it.o [1]
GPIO_Init               0x008ee6   0xad  Code  Gb  stm8s_gpio.o [1]
GPIO_ReadInputPin       0x009f0a    0x7  Code  Gb  stm8s_gpio.o [1]
GPIO_WriteHigh          0x009efc    0x7  Code  Gb  stm8s_gpio.o [1]
GPIO_WriteLow           0x009f3e    0x4  Code  Gb  stm8s_gpio.o [1]
GPIO_WriteReverse       0x009f03    0x7  Code  Gb  stm8s_gpio.o [1]
HSIDivFactor            0x009f3a    0x4  Data  Gb  stm8s_clk.o [1]
I2C_IRQHandler          0x009f78    0x1  Code  Gb  stm8s_it.o [1]
INTVEC$$Base            0x008000          --   Gb  - Linker created -
INTVEC$$Limit           0x008080          --   Gb  - Linker created -
Region$$Table$$Base     0x009b9c          --   Gb  - Linker created -
Region$$Table$$Limit    0x009bae          --   Gb  - Linker created -
SPI_IRQHandler          0x009f72    0x1  Code  Gb  stm8s_it.o [1]
TIM1_CAP_COM_IRQHandler
                        0x009f74    0x1  Code  Gb  stm8s_it.o [1]
TIM1_UPD_OVF_TRG_BRK_IRQHandler
                        0x009f73    0x1  Code  Gb  stm8s_it.o [1]
TIM2_CAP_COM_IRQHandler
                        0x009f76    0x1  Code  Gb  stm8s_it.o [1]
TIM2_UPD_OVF_BRK_IRQHandler
                        0x009f75    0x1  Code  Gb  stm8s_it.o [1]
TIM4_ARRPreloadConfig   0x009d4b   0x16  Code  Gb  stm8s_tim4.o [1]
TIM4_ClearFlag          0x009c90   0x19  Code  Gb  stm8s_tim4.o [1]
TIM4_ClearITPendingBit  0x009ca9   0x19  Code  Gb  stm8s_tim4.o [1]
TIM4_Cmd                0x009d35   0x16  Code  Gb  stm8s_tim4.o [1]
TIM4_DeInit             0x009c77   0x19  Code  Gb  stm8s_tim4.o [1]
TIM4_ITConfig           0x009965   0x34  Code  Gb  stm8s_tim4.o [1]
TIM4_TimeBaseInit       0x00984e   0x3a  Code  Gb  stm8s_tim4.o [1]
TIM4_UPD_OVF_IRQHandler
                        0x009bec   0x1e  Code  Gb  stm8s_it.o [1]
TLI_IRQHandler          0x009f6a    0x1  Code  Gb  stm8s_it.o [1]
TRAP_IRQHandler         0x009f69    0x1  Code  Gb  stm8s_it.o [1]
TempTable               0x009693   0x48  Data  Lc  heater_ctrl.o [1]
UART1_DeInit            0x009a48   0x2b  Code  Gb  stm8s_uart1.o [1]
UART1_GetFlagStatus     0x00958b   0x63  Code  Gb  stm8s_uart1.o [1]
UART1_ITConfig          0x008f93   0x95  Code  Gb  stm8s_uart1.o [1]
UART1_Init              0x008584  0x1b6  Code  Gb  stm8s_uart1.o [1]
UART1_RX_IRQHandler     0x009d1f   0x16  Code  Gb  stm8s_it.o [1]
UART1_ReceiveData8      0x009f42    0x4  Code  Gb  stm8s_uart1.o [1]
UART1_SendData8         0x009f46    0x4  Code  Gb  stm8s_uart1.o [1]
UART1_TX_IRQHandler     0x009f77    0x1  Code  Gb  stm8s_it.o [1]
__DebugBreak            0x009f7b    0x1  Code  Gb  __dbg_break.o [3]
__exit                  0x009da0   0x14  Code  Gb  __dbg_xxexit.o [3]
__iar_copy_init2        0x009ac5         Code  Gb  init_small.o [4]
__iar_data_init2        0x009d8c   0x14  Code  Gb  init.o [4]
__iar_program_start     0x009db4         Code  Gb  cstartup.o [4]
__iar_unhandled_exception
                        0x009f62         Code  Gb  unhandled_exception.o [4]
__iar_zero_init2        0x009c0a         Code  Gb  init_small.o [4]
__intvec                0x008000         Data  Gb  interrupt.o [4]
__low_level_init        0x009f5c    0x3  Code  Gb  low_level_init.o [4]
_exit                   0x009f35         Code  Gb  cexit.o [4]
_interrupt_1            0x009f69         Code  Gb  stm8s_it.o [1]
_interrupt_12           0x009f72         Code  Gb  stm8s_it.o [1]
_interrupt_13           0x009f73         Code  Gb  stm8s_it.o [1]
_interrupt_14           0x009f74         Code  Gb  stm8s_it.o [1]
_interrupt_15           0x009f75         Code  Gb  stm8s_it.o [1]
_interrupt_16           0x009f76         Code  Gb  stm8s_it.o [1]
_interrupt_19           0x009f77         Code  Gb  stm8s_it.o [1]
_interrupt_2            0x009f6a         Code  Gb  stm8s_it.o [1]
_interrupt_20           0x009d1f         Code  Gb  stm8s_it.o [1]
_interrupt_21           0x009f78         Code  Gb  stm8s_it.o [1]
_interrupt_24           0x009f79         Code  Gb  stm8s_it.o [1]
_interrupt_25           0x009bec         Code  Gb  stm8s_it.o [1]
_interrupt_26           0x009f7a         Code  Gb  stm8s_it.o [1]
_interrupt_3            0x009f6b         Code  Gb  stm8s_it.o [1]
_interrupt_4            0x009f6c         Code  Gb  stm8s_it.o [1]
_interrupt_5            0x009f6d         Code  Gb  stm8s_it.o [1]
_interrupt_6            0x009f6e         Code  Gb  stm8s_it.o [1]
_interrupt_7            0x009f6f         Code  Gb  stm8s_it.o [1]
_interrupt_8            0x009f70         Code  Gb  stm8s_it.o [1]
_interrupt_9            0x009f71         Code  Gb  stm8s_it.o [1]
adc_read_channel        0x009526   0x65  Code  Lc  heater_ctrl.o [1]
assert_failed           0x009f65    0x2  Code  Gb  main.o [1]
board_input1_read       0x009dc7   0x11  Code  Gb  ek_gpio.o [1]
board_input2_read       0x009dd8   0x11  Code  Gb  ek_gpio.o [1]
board_outputs_all_off   0x009cf2   0x17  Code  Gb  ek_gpio.o [1]
ek_delay                0x009c45   0x19  Code  Gb  ek_tim.o [1]
ek_delay_counter        0x009c5e   0x19  Code  Gb  ek_tim.o [1]
ek_delay_tick           0x0000c4    0x4  Data  Gb  ek_tim.o [1]
ek_gpio_init            0x0096db   0x44  Code  Gb  ek_gpio.o [1]
ek_soft_timer           0x009643   0x50  Code  Gb  ek_tim.o [1]
ek_sys_clk_init         0x009eb8    0x8  Code  Gb  ek_clk.o [1]
ek_sys_tim_init         0x009aed   0x24  Code  Gb  ek_tim.o [1]
ek_uart_init            0x009b35   0x23  Code  Gb  ek_uart.o [1]
ek_uart_read_byte       0x009a73   0x2a  Code  Gb  ek_uart.o [1]
ek_uart_rx_isr          0x009b11   0x24  Code  Gb  ek_uart.o [1]
ek_uart_send_bytes      0x009999   0x2c  Code  Gb  ek_uart.o [1]
es1642_app_init         0x009a1d   0x2b  Code  Gb  es1642_port_stm8.o [1]
es1642_app_poll         0x009cda   0x18  Code  Gb  es1642_port_stm8.o [1]
es1642_calc_checksum    0x0097d8   0x3b  Code  Lc  es1642.o [1]
es1642_expect_normal_cmd
                        0x009c28   0x1d  Code  Lc  es1642.o [1]
es1642_get_le16         0x009d77   0x15  Code  Lc  es1642.o [1]
es1642_on_frame         0x008a4d  0x137  Code  Lc  es1642_port_stm8.o [1]
es1642_put_le16         0x009ee0    0x7  Code  Lc  es1642.o [1]
es1642_uart_rx_irq_handler
                        0x009f56    0x3  Code  Gb  es1642_port_stm8.o [1]
exit                    0x009f5f    0x3  Code  Gb  exit.o [4]
g_es1642                0x000012   0x4f  Data  Lc  es1642_port_stm8.o [1]
g_input_vol             0x0000d0    0x2  Data  Gb  heater_ctrl.o [1]
g_master_cmd            0x0000d7    0x1  Data  Gb  heater_ctrl.o [1]
g_state                 0x0000d8    0x1  Data  Gb  heater_ctrl.o [1]
g_temperature           0x0000d6    0x1  Data  Gb  heater_ctrl.o [1]
heater_close            0x008520   0x3e  Code  Gb  heater_ctrl.o [1]
heater_ctrl_init        0x009bae   0x1f  Code  Gb  heater_ctrl.o [1]
heater_delay_seconds    0x009931   0x34  Code  Gb  heater_ctrl.o [1]
heater_get_input_vol    0x008487   0x3a  Code  Gb  heater_ctrl.o [1]
heater_get_relay_state  0x00838f    0xc  Code  Gb  heater_ctrl.o [1]
heater_get_temperature  0x00839b   0xdb  Code  Gb  heater_ctrl.o [1]
heater_open             0x0084c1   0x50  Code  Gb  heater_ctrl.o [1]
heater_process          0x008d78   0xbe  Code  Gb  heater_ctrl.o [1]
mac_addr                0x0000be    0x6  Data  Lc  es1642_port_stm8.o [1]
main                    0x00975e   0x3d  Code  Gb  main.o [1]
memcpy                  0x009bcd   0x1f  Code  Gb  memcpy.o [4]
memset                  0x009d61   0x16  Code  Gb  memset.o [4]
notify                  0x0000b2    0xc  Data  Lc  es1642_port_stm8.o [1]
recv_data               0x0000a1   0x11  Data  Lc  es1642_port_stm8.o [1]
s_abnormal_flag         0x0000dd    0x1  Data  Lc  heater_ctrl.o [1]
s_err_over_cycle        0x0000dc    0x1  Data  Lc  heater_ctrl.o [1]
s_normal_cnt            0x0000d2    0x2  Data  Lc  heater_ctrl.o [1]
s_over_err_cnt          0x0000db    0x1  Data  Lc  heater_ctrl.o [1]
s_rx_fifo               0x000061   0x40  Data  Lc  ek_uart.o [1]
s_rx_r                  0x0000d5    0x1  Data  Lc  ek_uart.o [1]
s_rx_w                  0x0000d4    0x1  Data  Lc  ek_uart.o [1]
s_temp_filter_cnt       0x0000da    0x1  Data  Lc  heater_ctrl.o [1]
s_temp_last             0x0000d9    0x1  Data  Lc  heater_ctrl.o [1]
s_vol_start             0x000010    0x2  Data  Lc  heater_ctrl.o [1]
sec_time                0x0000cc    0x4  Data  Gb  ek_tim.o [1]
stm8_es1642_write       0x009b7b   0x21  Code  Lc  es1642_port_stm8.o [1]
tick_10ms               0x0000c8    0x4  Data  Gb  ek_tim.o [1]


[1] = F:\Cubemx_Project\STM8XB\stm8s003f3p6_template_led_and_printf\EWSTM8\STM8S003F3\Obj
[2] = command line
[3] = dbgstm8smd.a
[4] = dlstm8smn.a

  7 264 bytes of readonly  code memory
    796 bytes of readonly  data memory
    478 bytes of readwrite data memory

Errors: none
Warnings: none
