###############################################################################
#
# IAR ELF Linker V3.11.1.207 for STM8                     30/Jun/2026  10:23:45
# Copyright 2010-2019 IAR Systems AB.
#
#    Output file  =  
#        F:\Cubemx_Project\STM8XB\stm8s003f3p6_template_led_and_printf\EWSTM8\STM8S003F3\Exe\ek_stm8_template.out
#    Map file     =  
#        F:\Cubemx_Project\STM8XB\stm8s003f3p6_template_led_and_printf\EWSTM8\STM8S003F3\List\ek_stm8_template.map
#    Command line =  
#        -f C:\Users\AUSU\AppData\Local\Temp\EW448E.tmp
#        (F:\Cubemx_Project\STM8XB\stm8s003f3p6_template_led_and_printf\EWSTM8\STM8S003F3\Obj\ek_clk.o
#        F:\Cubemx_Project\STM8XB\stm8s003f3p6_template_led_and_printf\EWSTM8\STM8S003F3\Obj\ek_gpio.o
#        F:\Cubemx_Project\STM8XB\stm8s003f3p6_template_led_and_printf\EWSTM8\STM8S003F3\Obj\ek_tim.o
#        F:\Cubemx_Project\STM8XB\stm8s003f3p6_template_led_and_printf\EWSTM8\STM8S003F3\Obj\ek_uart.o
#        F:\Cubemx_Project\STM8XB\stm8s003f3p6_template_led_and_printf\EWSTM8\STM8S003F3\Obj\es1642.o
#        F:\Cubemx_Project\STM8XB\stm8s003f3p6_template_led_and_printf\EWSTM8\STM8S003F3\Obj\es1642_port_stm8.o
#        F:\Cubemx_Project\STM8XB\stm8s003f3p6_template_led_and_printf\EWSTM8\STM8S003F3\Obj\heater_ctrl.o
#        F:\Cubemx_Project\STM8XB\stm8s003f3p6_template_led_and_printf\EWSTM8\STM8S003F3\Obj\main.o
#        F:\Cubemx_Project\STM8XB\stm8s003f3p6_template_led_and_printf\EWSTM8\STM8S003F3\Obj\stm8s_adc1.o
#        F:\Cubemx_Project\STM8XB\stm8s003f3p6_template_led_and_printf\EWSTM8\STM8S003F3\Obj\stm8s_clk.o
#        F:\Cubemx_Project\STM8XB\stm8s003f3p6_template_led_and_printf\EWSTM8\STM8S003F3\Obj\stm8s_gpio.o
#        F:\Cubemx_Project\STM8XB\stm8s003f3p6_template_led_and_printf\EWSTM8\STM8S003F3\Obj\stm8s_it.o
#        F:\Cubemx_Project\STM8XB\stm8s003f3p6_template_led_and_printf\EWSTM8\STM8S003F3\Obj\stm8s_itc.o
#        F:\Cubemx_Project\STM8XB\stm8s003f3p6_template_led_and_printf\EWSTM8\STM8S003F3\Obj\stm8s_iwdg.o
#        F:\Cubemx_Project\STM8XB\stm8s003f3p6_template_led_and_printf\EWSTM8\STM8S003F3\Obj\stm8s_tim4.o
#        F:\Cubemx_Project\STM8XB\stm8s003f3p6_template_led_and_printf\EWSTM8\STM8S003F3\Obj\stm8s_uart1.o
#        --redirect _Printf=_PrintfSmall --redirect _Scanf=_ScanfSmall
#        --no_out_extension -o
#        F:\Cubemx_Project\STM8XB\stm8s003f3p6_template_led_and_printf\EWSTM8\STM8S003F3\Exe\ek_stm8_template.out
#        --map
#        F:\Cubemx_Project\STM8XB\stm8s003f3p6_template_led_and_printf\EWSTM8\STM8S003F3\List\ek_stm8_template.map
#        --config E:\IARSTM8\stm8\config\lnkstm8s003f3.icf --config_def
#        _CSTACK_SIZE=0x100 --config_def _HEAP_SIZE=0x100 --entry
#        __iar_program_start --debug_lib)
#
###############################################################################

*******************************************************************************
*** RUNTIME MODEL ATTRIBUTES
***

__SystemLibrary            = DLib
__code_model               = small
__core                     = stm8
__data_model               = medium
__dlib_file_descriptor     = 0
__dlib_full_locale_support = 0
__rt_version               = 4


*******************************************************************************
*** PLACEMENT SUMMARY
***

"A0":  place at start of [0x000000-0x0000ff] { rw section .vregs };
"A1":  place at end of [0x000000-0x0003ff] { block CSTACK };
"P2":  place in [from 0x000000 to 0x0003ff] {
          block HEAP, rw section __DLIB_PERTHREAD, rw section .far.bss,
          rw section .far.data, rw section .far.noinit,
          rw section .far_func.textrw, rw section .huge.bss,
          rw section .huge.data, rw section .huge.noinit,
          rw section .huge_func.textrw, rw section .iar.dynexit,
          rw section .near.bss, rw section .near.data, rw section .near.noinit,
          rw section .near_func.textrw };
"A2":  place at start of [0x008000-0x009fff] { block INTVEC };
"P3":  place in [from 0x008000 to 0x009fff] {
          ro section __DLIB_PERTHREAD_init, ro section .far.data_init,
          ro section .far_func.textrw_init, ro section .huge.data_init,
          ro section .huge_func.textrw_init, ro section .iar.init_table,
          ro section .init_array, ro section .near.data_init,
          ro section .near.rodata, ro section .near_func.text,
          ro section .near_func.textrw_init, ro section .tiny.data_init,
          ro section .tiny.rodata_init };
"P4":  place in [from 0x008000 to 0x009fff] {
          ro section .far.rodata, ro section .far_func.text };
"P5":  place in [from 0x008000 to 0x009fff] {
          ro section .huge.rodata, ro section .huge_func.text };
do not initialize {
   rw section .eeprom.noinit, rw section .far.noinit, rw section .huge.noinit,
   rw section .near.noinit, rw section .tiny.noinit, rw section .vregs };
initialize by copy {
   rw section .far.bss, rw section .far.data, rw section .far_func.textrw,
   rw section .huge.bss, rw section .huge.data, rw section .huge_func.textrw,
   rw section .iar.dynexit, rw section .near.bss, rw section .near.data,
   rw section .near_func.textrw, rw section .tiny.bss, rw section .tiny.data,
   ro section .tiny.rodata };

No sections matched the following patterns:

  ro section .far.data_init          in "P3-P5"
  ro section .far.rodata             in "P3-P5"
  ro section .far_func.text          in "P3-P5"
  ro section .far_func.textrw_init   in "P3-P5"
  ro section .huge.data_init         in "P3-P5"
  ro section .huge.rodata            in "P3-P5"
  ro section .huge_func.text         in "P3-P5"
  ro section .huge_func.textrw_init  in "P3-P5"
  ro section .iar.init_table         in "P3-P5"
  ro section .init_array             in "P3-P5"
  ro section .near_func.textrw_init  in "P3-P5"
  ro section .tiny.data_init         in "P3-P5"
  ro section .tiny.rodata_init       in "P3-P5"
  ro section __DLIB_PERTHREAD_init   in "P3-P5"
  rw section .far.bss                in "P2"
  rw section .far.data               in "P2"
  rw section .far.noinit             in "P2"
  rw section .far_func.textrw        in "P2"
  rw section .huge.bss               in "P2"
  rw section .huge.data              in "P2"
  rw section .huge.noinit            in "P2"
  rw section .huge_func.textrw       in "P2"
  rw section .iar.dynexit            in "P2"
  rw section .near.noinit            in "P2"
  rw section .near_func.textrw       in "P2"
  rw section .tiny.bss               in "P1"
  rw section .tiny.data              in "P1"
  rw section .tiny.noinit            in "P1"
  rw section .tiny.rodata            in "P1"
  rw section __DLIB_PERTHREAD        in "P2"
  section .eeprom.data               in "P6-P8"
  section .eeprom.noinit             in "P6-P8"
  section .eeprom.rodata             in "P6-P8"


  Section            Kind      Address    Size  Object
  -------            ----      -------    ----  ------
"A0":                                     0x10
  .vregs             uninit   0x000000    0x10  vregs.o [4]
                            - 0x000010    0x10

"P2", part 1 of 2:                         0x2
  P2-1                        0x000010     0x2  <Init block>
    .near.data       inited   0x000010     0x1  heater_ctrl.o [1]
    .near.data       inited   0x000011     0x1  heater_ctrl.o [1]
                            - 0x000012     0x2

"P2", part 2 of 2:                        0xc6
  .near.bss          zero     0x000012    0x4b  es1642_port_stm8.o [1]
  .near.bss          zero     0x00005d    0x40  ek_uart.o [1]
  .near.bss          zero     0x00009d    0x11  es1642_port_stm8.o [1]
  .near.bss          zero     0x0000ae     0xc  es1642_port_stm8.o [1]
  .near.bss          zero     0x0000ba     0x6  es1642_port_stm8.o [1]
  .near.bss          zero     0x0000c0     0x4  ek_tim.o [1]
  .near.bss          zero     0x0000c4     0x4  ek_tim.o [1]
  .near.bss          zero     0x0000c8     0x4  ek_tim.o [1]
  .near.bss          zero     0x0000cc     0x4  heater_ctrl.o [1]
  .near.bss          zero     0x0000d0     0x2  heater_ctrl.o [1]
  .near.bss          zero     0x0000d2     0x2  heater_ctrl.o [1]
  .near.bss          zero     0x0000d4     0x1  ek_uart.o [1]
  .near.bss          zero     0x0000d5     0x1  ek_uart.o [1]
  .near.bss          zero     0x0000d6     0x1  heater_ctrl.o [1]
  .near.bss          zero     0x0000d7     0x1  heater_ctrl.o [1]
                            - 0x0000d8    0xc6

"A1":                                    0x100
  CSTACK                      0x000300   0x100  <Block>
    CSTACK           uninit   0x000300   0x100  <Block tail>
                            - 0x000400   0x100

"A2":                                     0x80
  INTVEC                      0x008000    0x80  <Block>
    .intvec          const    0x008000    0x80  interrupt.o [4]
                            - 0x008080    0x80

"P3-P5":                                0x17d3
  .near_func.text    ro code  0x008080   0x343  es1642.o [1]
  .near_func.text    ro code  0x0083c3   0x1b3  long.o [4]
  .near_func.text    ro code  0x008576   0x175  heater_ctrl.o [1]
  .near_func.text    ro code  0x0086eb   0x150  vreg_util.o [4]
  .near_func.text    ro code  0x00883b   0x14c  es1642_port_stm8.o [1]
  .near_func.text    ro code  0x008987   0x130  heater_ctrl.o [1]
  .near_func.text    ro code  0x008ab7   0x10a  stm8s_uart1.o [1]
  .near_func.text    ro code  0x008bc1    0xd9  es1642.o [1]
  .near_func.text    ro code  0x008c9a    0x7f  es1642.o [1]
  .near_func.text    ro code  0x008d19    0x78  es1642.o [1]
  .near_func.text    ro code  0x008d91    0x6b  es1642.o [1]
  .near_func.text    ro code  0x008dfc    0x64  stm8s_gpio.o [1]
  .near_func.text    ro code  0x008e60    0x60  heater_ctrl.o [1]
  .near_func.text    ro code  0x008ec0    0x58  stm8s_adc1.o [1]
  .near_func.text    ro code  0x008f18    0x56  stm8s_uart1.o [1]
  .near_func.text    ro code  0x008f6e    0x55  long_util.o [4]
  .near_func.text    ro code  0x008fc3    0x53  ek_tim.o [1]
  .near_func.text    ro code  0x009016    0x4a  main.o [1]
  .near.rodata       const    0x009060    0x48  heater_ctrl.o [1]
  .near_func.text    ro code  0x0090a8    0x44  ek_gpio.o [1]
  .near_func.text    ro code  0x0090ec    0x3b  stm8s_clk.o [1]
  .near_func.text    ro code  0x009127    0x39  stm8s_adc1.o [1]
  .near_func.text    ro code  0x009160    0x36  stm8s_clk.o [1]
  .near_func.text    ro code  0x009196    0x33  short.o [4]
  .near_func.text    ro code  0x0091c9    0x31  ek_uart.o [1]
  .near_func.text    ro code  0x0091fa    0x31  heater_ctrl.o [1]
  .near_func.text    ro code  0x00922b    0x2f  stm8s_adc1.o [1]
  .near_func.text    ro code  0x00925a    0x2c  es1642.o [1]
  .near_func.text    ro code  0x009286    0x2c  stm8s_adc1.o [1]
  .near_func.text    ro code  0x0092b2    0x2c  dc_util.o [4]
  .near_func.text    ro code  0x0092de    0x2b  heater_ctrl.o [1]
  .near_func.text    ro code  0x009309    0x2b  stm8s_adc1.o [1]
  .near_func.text    ro code  0x009334    0x2b  stm8s_uart1.o [1]
  .near_func.text    ro code  0x00935f    0x29  stm8s_adc1.o [1]
  .near_func.text    ro code  0x009388    0x28  ek_uart.o [1]
  .near_func.text    ro code  0x0093b0    0x28  init_small.o [4]
  .near_func.text    ro code  0x0093d8    0x27  stm8s_uart1.o [1]
  .near_func.text    ro code  0x0093ff    0x24  ek_tim.o [1]
  .near_func.text    ro code  0x009423    0x24  ek_uart.o [1]
  .near_func.text    ro code  0x009447    0x23  ek_uart.o [1]
  .near_func.text    ro code  0x00946a    0x21  ek_tim.o [1]
  .near_func.text    ro code  0x00948b    0x21  es1642_port_stm8.o [1]
  .iar.init_table    const    0x0094ac    0x12  - Linker created -
  .near_func.text    ro code  0x0094be    0x1f  heater_ctrl.o [1]
  .near_func.text    ro code  0x0094dd    0x1e  stm8s_it.o [1]
  .near_func.text    ro code  0x0094fb    0x1e  init_small.o [4]
  .near_func.text    ro code  0x009519    0x1c  stm8s_adc1.o [1]
  .near_func.text    ro code  0x009535    0x1a  es1642.o [1]
  .near_func.text    ro code  0x00954f    0x19  ek_tim.o [1]
  .near_func.text    ro code  0x009568    0x19  stm8s_tim4.o [1]
  .near_func.text    ro code  0x009581    0x18  es1642.o [1]
  .near_func.text    ro code  0x009599    0x18  es1642_port_stm8.o [1]
  .near_func.text    ro code  0x0095b1    0x18  stm8s_tim4.o [1]
  .near_func.text    ro code  0x0095c9    0x17  ek_gpio.o [1]
  .near_func.text    ro code  0x0095e0    0x16  stm8s_it.o [1]
  .near_func.text    ro code  0x0095f6    0x15  es1642.o [1]
  .near_func.text    ro code  0x00960b    0x14  init.o [4]
  .near_func.text    ro code  0x00961f    0x14  __dbg_xxexit.o [3]
  .near_func.text    ro code  0x009633    0x13  stm8s_adc1.o [1]
  .near_func.text    ro code  0x009646    0x13  cstartup.o [4]
  .near_func.text    ro code  0x009659    0x11  ek_gpio.o [1]
  .near_func.text    ro code  0x00966a    0x11  ek_gpio.o [1]
  .near_func.text    ro code  0x00967b    0x11  heater_ctrl.o [1]
  .near_func.text    ro code  0x00968c    0x10  heater_ctrl.o [1]
  .near_func.text    ro code  0x00969c     0xe  es1642_port_stm8.o [1]
  .near_func.text    ro code  0x0096aa     0xe  heater_ctrl.o [1]
  .near_func.text    ro code  0x0096b8     0xe  stm8s_clk.o [1]
  .near_func.text    ro code  0x0096c6     0xd  stm8s_adc1.o [1]
  .near_func.text    ro code  0x0096d3     0xd  stm8s_adc1.o [1]
  .near_func.text    ro code  0x0096e0     0xd  stm8s_tim4.o [1]
  .near_func.text    ro code  0x0096ed     0xd  stm8s_tim4.o [1]
  .near_func.text    ro code  0x0096fa     0xd  move.o [4]
  .near_func.text    ro code  0x009707     0xc  es1642_port_stm8.o [1]
  .near_func.text    ro code  0x009713     0xb  stm8s_adc1.o [1]
  .near_func.text    ro code  0x00971e     0xb  stm8s_adc1.o [1]
  .near_func.text    ro code  0x009729     0xa  heater_ctrl.o [1]
  .near_func.text    ro code  0x009733     0x9  ek_tim.o [1]
  .near_func.text    ro code  0x00973c     0x9  stm8s_adc1.o [1]
  .near_func.text    ro code  0x009745     0x9  stm8s_adc1.o [1]
  .near_func.text    ro code  0x00974e     0x9  stm8s_clk.o [1]
  .near_func.text    ro code  0x009757     0x9  stm8s_tim4.o [1]
  .near_func.text    ro code  0x009760     0x9  stm8s_uart1.o [1]
  .near_func.text    ro code  0x009769     0x8  ek_clk.o [1]
  .near_func.text    ro code  0x009771     0x8  ek_gpio.o [1]
  .near_func.text    ro code  0x009779     0x8  es1642.o [1]
  .near_func.text    ro code  0x009781     0x8  heater_ctrl.o [1]
  .near_func.text    ro code  0x009789     0x8  heater_ctrl.o [1]
  .near_func.text    ro code  0x009791     0x8  stm8s_uart1.o [1]
  .near_func.text    ro code  0x009799     0x7  es1642.o [1]
  .near_func.text    ro code  0x0097a0     0x7  heater_ctrl.o [1]
  .near_func.text    ro code  0x0097a7     0x7  stm8s_adc1.o [1]
  .near_func.text    ro code  0x0097ae     0x7  stm8s_adc1.o [1]
  .near_func.text    ro code  0x0097b5     0x7  stm8s_gpio.o [1]
  .near_func.text    ro code  0x0097bc     0x7  stm8s_gpio.o [1]
  .near_func.text    ro code  0x0097c3     0x7  stm8s_gpio.o [1]
  .near_func.text    ro code  0x0097ca     0x6  ek_gpio.o [1]
  .near_func.text    ro code  0x0097d0     0x6  ek_gpio.o [1]
  .near_func.text    ro code  0x0097d6     0x6  es1642.o [1]
  .near_func.text    ro code  0x0097dc     0x6  heater_ctrl.o [1]
  .near_func.text    ro code  0x0097e2     0x6  heater_ctrl.o [1]
  .near_func.text    ro code  0x0097e8     0x6  stm8s_uart1.o [1]
  .near_func.text    ro code  0x0097ee     0x5  stm8s_iwdg.o [1]
  .near_func.text    ro code  0x0097f3     0x5  stm8s_iwdg.o [1]
  .near_func.text    ro code  0x0097f8     0x5  stm8s_tim4.o [1]
  .near_func.text    ro code  0x0097fd     0x5  stm8s_tim4.o [1]
  .near_func.text    ro code  0x009802     0x5  cexit.o [4]
  .near.rodata       const    0x009807     0x4  stm8s_clk.o [1]
  .near_func.text    ro code  0x00980b     0x4  stm8s_gpio.o [1]
  .near_func.text    ro code  0x00980f     0x4  stm8s_iwdg.o [1]
  .near_func.text    ro code  0x009813     0x4  stm8s_iwdg.o [1]
  .near_func.text    ro code  0x009817     0x4  stm8s_iwdg.o [1]
  .near_func.text    ro code  0x00981b     0x4  stm8s_uart1.o [1]
  .near_func.text    ro code  0x00981f     0x4  stm8s_uart1.o [1]
  .near.rodata       const    0x009823     0x3  es1642_port_stm8.o [1]
  .near.rodata       const    0x009826     0x3  es1642_port_stm8.o [1]
  .near.rodata       const    0x009829     0x3  es1642_port_stm8.o [1]
  .near.rodata       const    0x00982c     0x3  es1642_port_stm8.o [1]
  .near_func.text    ro code  0x00982f     0x3  es1642_port_stm8.o [1]
  .near_func.text    ro code  0x009832     0x3  interrupt.o [4]
  .near_func.text    ro code  0x009835     0x3  low_level_init.o [4]
  .near_func.text    ro code  0x009838     0x3  exit.o [4]
  .near_func.text    ro code  0x00983b     0x3  unhandled_exception.o [4]
  Initializer bytes  const    0x00983e     0x2  <for P2-1>
  .near_func.text    ro code  0x009840     0x1  stm8s_it.o [1]
  .near_func.text    ro code  0x009841     0x1  stm8s_it.o [1]
  .near_func.text    ro code  0x009842     0x1  stm8s_it.o [1]
  .near_func.text    ro code  0x009843     0x1  stm8s_it.o [1]
  .near_func.text    ro code  0x009844     0x1  stm8s_it.o [1]
  .near_func.text    ro code  0x009845     0x1  stm8s_it.o [1]
  .near_func.text    ro code  0x009846     0x1  stm8s_it.o [1]
  .near_func.text    ro code  0x009847     0x1  stm8s_it.o [1]
  .near_func.text    ro code  0x009848     0x1  stm8s_it.o [1]
  .near_func.text    ro code  0x009849     0x1  stm8s_it.o [1]
  .near_func.text    ro code  0x00984a     0x1  stm8s_it.o [1]
  .near_func.text    ro code  0x00984b     0x1  stm8s_it.o [1]
  .near_func.text    ro code  0x00984c     0x1  stm8s_it.o [1]
  .near_func.text    ro code  0x00984d     0x1  stm8s_it.o [1]
  .near_func.text    ro code  0x00984e     0x1  stm8s_it.o [1]
  .near_func.text    ro code  0x00984f     0x1  stm8s_it.o [1]
  .near_func.text    ro code  0x009850     0x1  stm8s_it.o [1]
  .near_func.text    ro code  0x009851     0x1  stm8s_it.o [1]
  .near_func.text    ro code  0x009852     0x1  __dbg_break.o [3]
                            - 0x009853  0x17d3


*******************************************************************************
*** INIT TABLE
***

          Address   Size
          -------   ----
Zero (__iar_zero_init2)
    1 destination range, total size 0xc6:
          0x000012  0xc6

Copy (__iar_copy_init2)
    1 source range, total size 0x2:
          0x00983e   0x2
    1 destination range, total size 0x2:
          0x000010   0x2



*******************************************************************************
*** MODULE SUMMARY
***

    Module                 ro code  ro data  rw data
    ------                 -------  -------  -------
F:\Cubemx_Project\STM8XB\stm8s003f3p6_template_led_and_printf\EWSTM8\STM8S003F3\Obj: [1]
    ek_clk.o                     8
    ek_gpio.o                  145
    ek_tim.o                   186                12
    ek_uart.o                  160                66
    es1642.o                 1 542
    es1642_port_stm8.o         418       12      110
    heater_ctrl.o              988       74       12
    main.o                      74
    stm8s_adc1.o               447
    stm8s_clk.o                136        4
    stm8s_gpio.o               125
    stm8s_it.o                  70
    stm8s_iwdg.o                22
    stm8s_tim4.o                94
    stm8s_uart1.o              465
    ------------------------------------------------
    Total:                   4 880       90      200

command line: [2]
    ------------------------------------------------
    Total:

dbgstm8smd.a: [3]
    __dbg_break.o                1
    __dbg_xxexit.o              20
    ------------------------------------------------
    Total:                      21

dlstm8smn.a: [4]
    cexit.o                      5
    cstartup.o                  19
    dc_util.o                   44
    exit.o                       3
    init.o                      20
    init_small.o                70
    interrupt.o                  3      128
    long.o                     435
    long_util.o                 85
    low_level_init.o             3
    move.o                      13
    short.o                     51
    unhandled_exception.o        3
    vreg_util.o                336
    vregs.o                                       16
    ------------------------------------------------
    Total:                   1 090      128       16

    Linker created                       18      256
----------------------------------------------------
    Grand Total:             5 991      236      472


*******************************************************************************
*** ENTRY LIST
***

Entry                    Address   Size  Type      Object
-----                    -------   ----  ----      ------
.iar.init_table$$Base   0x0094ac          --   Gb  - Linker created -
.iar.init_table$$Limit  0x0094be          --   Gb  - Linker created -
?add32_l0_l0_0x         0x0083ef         Code  Gb  long.o [4]
?b0                     0x000000         Data  Gb  vregs.o [4]
?b1                     0x000001         Data  Gb  vregs.o [4]
?b10                    0x00000a         Data  Gb  vregs.o [4]
?b11                    0x00000b         Data  Gb  vregs.o [4]
?b12                    0x00000c         Data  Gb  vregs.o [4]
?b13                    0x00000d         Data  Gb  vregs.o [4]
?b14                    0x00000e         Data  Gb  vregs.o [4]
?b15                    0x00000f         Data  Gb  vregs.o [4]
?b2                     0x000002         Data  Gb  vregs.o [4]
?b3                     0x000003         Data  Gb  vregs.o [4]
?b4                     0x000004         Data  Gb  vregs.o [4]
?b5                     0x000005         Data  Gb  vregs.o [4]
?b6                     0x000006         Data  Gb  vregs.o [4]
?b7                     0x000007         Data  Gb  vregs.o [4]
?b8                     0x000008         Data  Gb  vregs.o [4]
?b9                     0x000009         Data  Gb  vregs.o [4]
?dc32_l0                0x0092b9         Code  Gb  dc_util.o [4]
?dc32_l1                0x0092c6         Code  Gb  dc_util.o [4]
?dc32_px                0x0092d3         Code  Gb  dc_util.o [4]
?dc8_px                 0x0092b2         Code  Gb  dc_util.o [4]
?dec32_0x_0x            0x0083db         Code  Gb  long.o [4]
?dec32_l0_l0            0x0083d6         Code  Gb  long.o [4]
?e0                     0x000001         Data  Gb  vregs.o [4]
?e1                     0x000005         Data  Gb  vregs.o [4]
?e2                     0x000009         Data  Gb  vregs.o [4]
?e3                     0x00000d         Data  Gb  vregs.o [4]
?epilogue_l2            0x00878b         Code  Gb  vreg_util.o [4]
?epilogue_l2_l3         0x008788         Code  Gb  vreg_util.o [4]
?epilogue_l2_w6         0x00878f         Code  Gb  vreg_util.o [4]
?epilogue_w4            0x008796         Code  Gb  vreg_util.o [4]
?inc32_0x_0x            0x0083c8         Code  Gb  long.o [4]
?inc32_l0_l0            0x0083c3         Code  Gb  long.o [4]
?l0                     0x000000         Data  Gb  vregs.o [4]
?l1                     0x000004         Data  Gb  vregs.o [4]
?l2                     0x000008         Data  Gb  vregs.o [4]
?l3                     0x00000c         Data  Gb  vregs.o [4]
?load32_0x_l0           0x008fa7         Code  Gb  long_util.o [4]
?load32_0x_l1           0x008fb5         Code  Gb  long_util.o [4]
?load32_asp_l0          0x008f9b         Code  Gb  long_util.o [4]
?load32_dbsp_l0         0x008f96         Code  Gb  long_util.o [4]
?load32_l0_0x           0x008f7e         Code  Gb  long_util.o [4]
?load32_l0_asp          0x008f73         Code  Gb  long_util.o [4]
?load32_l0_dbsp         0x008f6e         Code  Gb  long_util.o [4]
?load32_l0_xsp          0x008f75         Code  Gb  long_util.o [4]
?load32_l1_0x           0x008f8a         Code  Gb  long_util.o [4]
?load32_xsp_l0          0x008f9d         Code  Gb  long_util.o [4]
?mov_e0_e1              0x0087e3         Code  Gb  vreg_util.o [4]
?mov_e0_e2              0x0087f0         Code  Gb  vreg_util.o [4]
?mov_e0_e3              0x0087fd         Code  Gb  vreg_util.o [4]
?mov_e1_e0              0x00880a         Code  Gb  vreg_util.o [4]
?mov_e1_e2              0x008817         Code  Gb  vreg_util.o [4]
?mov_e2_e0              0x008824         Code  Gb  vreg_util.o [4]
?mov_e3_e0              0x008831         Code  Gb  vreg_util.o [4]
?mov_l0_l1              0x0087e0         Code  Gb  vreg_util.o [4]
?mov_l0_l2              0x0087ed         Code  Gb  vreg_util.o [4]
?mov_l0_l3              0x0087fa         Code  Gb  vreg_util.o [4]
?mov_l1_l0              0x008807         Code  Gb  vreg_util.o [4]
?mov_l1_l2              0x008814         Code  Gb  vreg_util.o [4]
?mov_l2_l0              0x008821         Code  Gb  vreg_util.o [4]
?mov_l3_l0              0x00882e         Code  Gb  vreg_util.o [4]
?mov_w0_w2              0x00879a         Code  Gb  vreg_util.o [4]
?mov_w0_w4              0x0087a1         Code  Gb  vreg_util.o [4]
?mov_w0_w5              0x0087a8         Code  Gb  vreg_util.o [4]
?mov_w1_w2              0x0087af         Code  Gb  vreg_util.o [4]
?mov_w1_w3              0x0087e6         Code  Gb  vreg_util.o [4]
?mov_w1_w5              0x0087f3         Code  Gb  vreg_util.o [4]
?mov_w1_w7              0x008800         Code  Gb  vreg_util.o [4]
?mov_w2_w1              0x0087b6         Code  Gb  vreg_util.o [4]
?mov_w2_w4              0x0087bd         Code  Gb  vreg_util.o [4]
?mov_w2_w5              0x0087c4         Code  Gb  vreg_util.o [4]
?mov_w2_w6              0x0087cb         Code  Gb  vreg_util.o [4]
?mov_w3_w1              0x00880d         Code  Gb  vreg_util.o [4]
?mov_w3_w5              0x00881a         Code  Gb  vreg_util.o [4]
?mov_w4_w0              0x0087d2         Code  Gb  vreg_util.o [4]
?mov_w5_w0              0x0087d9         Code  Gb  vreg_util.o [4]
?mov_w5_w1              0x008827         Code  Gb  vreg_util.o [4]
?mov_w7_w1              0x008834         Code  Gb  vreg_util.o [4]
?move1616_v_x_y_a       0x0096fa         Code  Gb  move.o [4]
?mul32_l0_l0_0x         0x008425         Code  Gb  long.o [4]
?mul32_l0_l0_dl         0x008422         Code  Gb  long.o [4]
?mul32_l0_l0_l1         0x00842e         Code  Gb  long.o [4]
?or32_l0_l0_0x          0x008534         Code  Gb  long.o [4]
?or32_l0_l0_l1          0x008531         Code  Gb  long.o [4]
?pop_l0                 0x008754         Code  Gb  vreg_util.o [4]
?pop_l1                 0x00875f         Code  Gb  vreg_util.o [4]
?pop_l2                 0x00876a         Code  Gb  vreg_util.o [4]
?pop_l3                 0x008775         Code  Gb  vreg_util.o [4]
?pop_w4                 0x00870d         Code  Gb  vreg_util.o [4]
?pop_w6                 0x008714         Code  Gb  vreg_util.o [4]
?push_l0                0x008723         Code  Gb  vreg_util.o [4]
?push_l1                0x008728         Code  Gb  vreg_util.o [4]
?push_l2                0x00872d         Code  Gb  vreg_util.o [4]
?push_l3                0x008732         Code  Gb  vreg_util.o [4]
?push_w3                0x0086eb         Code  Gb  vreg_util.o [4]
?push_w4                0x0086f0         Code  Gb  vreg_util.o [4]
?push_w6                0x0086f5         Code  Gb  vreg_util.o [4]
?sdiv16_x_x_y           0x009196         Code  Gb  short.o [4]
?sll16_x_x_10           0x0091b9         Code  Gb  short.o [4]
?sll16_x_x_11           0x0091b8         Code  Gb  short.o [4]
?sll16_x_x_12           0x0091b7         Code  Gb  short.o [4]
?sll16_x_x_4            0x0091bf         Code  Gb  short.o [4]
?sll16_x_x_5            0x0091be         Code  Gb  short.o [4]
?sll16_x_x_6            0x0091bd         Code  Gb  short.o [4]
?sll16_x_x_7            0x0091bc         Code  Gb  short.o [4]
?sll16_x_x_8            0x0091bb         Code  Gb  short.o [4]
?sll16_x_x_9            0x0091ba         Code  Gb  short.o [4]
?sll16_x_x_a            0x0091af         Code  Gb  short.o [4]
?sll32_0x_0x_a          0x008553         Code  Gb  long.o [4]
?sll32_l0_l0_a          0x008550         Code  Gb  long.o [4]
?sll32_l0_l0_db         0x00854c         Code  Gb  long.o [4]
?srl16_x_x_4            0x0091c4         Code  Gb  short.o [4]
?srl32_0x_0x_a          0x008568         Code  Gb  long.o [4]
?srl32_l0_l0_a          0x008565         Code  Gb  long.o [4]
?srl32_l0_l0_db         0x008561         Code  Gb  long.o [4]
?sub32_l0_l0_0x         0x00840a         Code  Gb  long.o [4]
?sub32_l0_l0_l1         0x008407         Code  Gb  long.o [4]
?ucmp32_c_l0_l1         0x008526         Code  Gb  long.o [4]
?udiv32_l0_dl_l1        0x0084b1         Code  Gb  long.o [4]
?udiv32_l0_l0_dl        0x0084b6         Code  Gb  long.o [4]
?udiv32_l0_l0_l1        0x0084b9         Code  Gb  long.o [4]
?umod32_l1_l0_dl        0x0084ac         Code  Gb  long.o [4]
?umod32_l1_l0_l1        0x0084b9         Code  Gb  long.o [4]
?w0                     0x000000         Data  Gb  vregs.o [4]
?w1                     0x000002         Data  Gb  vregs.o [4]
?w2                     0x000004         Data  Gb  vregs.o [4]
?w3                     0x000006         Data  Gb  vregs.o [4]
?w4                     0x000008         Data  Gb  vregs.o [4]
?w5                     0x00000a         Data  Gb  vregs.o [4]
?w6                     0x00000c         Data  Gb  vregs.o [4]
?w7                     0x00000e         Data  Gb  vregs.o [4]
ADC1_ClearFlag          0x00922b   0x2f  Code  Gb  stm8s_adc1.o [1]
ADC1_Cmd                0x0096c6    0xd  Code  Gb  stm8s_adc1.o [1]
ADC1_ConversionConfig   0x00935f   0x29  Code  Gb  stm8s_adc1.o [1]
ADC1_ExternalTriggerConfig
                        0x009519   0x1c  Code  Gb  stm8s_adc1.o [1]
ADC1_GetConversionValue
                        0x009127   0x39  Code  Gb  stm8s_adc1.o [1]
ADC1_GetFlagStatus      0x009309   0x2b  Code  Gb  stm8s_adc1.o [1]
ADC1_IRQHandler         0x009850    0x1  Code  Gb  stm8s_it.o [1]
ADC1_Init               0x009286   0x2c  Code  Gb  stm8s_adc1.o [1]
ADC1_PrescalerConfig    0x009633   0x13  Code  Gb  stm8s_adc1.o [1]
ADC1_SchmittTriggerConfig
                        0x008ec0   0x58  Code  Gb  stm8s_adc1.o [1]
AWU_IRQHandler          0x009842    0x1  Code  Gb  stm8s_it.o [1]
CLK_DeInit              0x009160   0x36  Code  Gb  stm8s_clk.o [1]
CLK_GetClockFreq        0x0090ec   0x3b  Code  Gb  stm8s_clk.o [1]
CLK_HSIPrescalerConfig  0x0096b8    0xe  Code  Gb  stm8s_clk.o [1]
CLK_IRQHandler          0x009843    0x1  Code  Gb  stm8s_it.o [1]
CSTACK$$Base            0x000300          --   Gb  - Linker created -
CSTACK$$Limit           0x000400          --   Gb  - Linker created -
EEPROM_EEC_IRQHandler   0x009851    0x1  Code  Gb  stm8s_it.o [1]
ES1642_BuildFrame       0x0080f4   0x8f  Code  Gb  es1642.o [1]
ES1642_DecodeEmptyResponse
                        0x009581   0x18  Code  Gb  es1642.o [1]
ES1642_DecodeMac        0x00925a   0x2c  Code  Gb  es1642.o [1]
ES1642_DecodeRecvData   0x008bc1   0xd9  Code  Gb  es1642.o [1]
ES1642_DecodeSearchNotify
                        0x008c9a   0x7f  Code  Gb  es1642.o [1]
ES1642_Init             0x0080d8    0x8  Code  Gb  es1642.o [1]
ES1642_InputByte        0x0082f4   0xa9  Code  Gb  es1642.o [1]
ES1642_MakeSearchReplyCtrl
                        0x0080eb    0x9  Code  Gb  es1642.o [1]
ES1642_ParseFrame       0x0081d1  0x11a  Code  Gb  es1642.o [1]
ES1642_ReadMac          0x00969c    0xe  Code  Gb  es1642_port_stm8.o [1]
ES1642_ResetRx          0x0080e0    0xb  Code  Gb  es1642.o [1]
ES1642_SendData         0x008d91   0x6b  Code  Gb  es1642.o [1]
ES1642_SendFrame        0x008183   0x4e  Code  Gb  es1642.o [1]
ES1642_SendReadMac      0x0083a2    0xf  Code  Gb  es1642.o [1]
ES1642_SendSearchReply  0x008d19   0x78  Code  Gb  es1642.o [1]
ES1642_SendSetAddr      0x0083b1   0x12  Code  Gb  es1642.o [1]
EXTI_PORTA_IRQHandler   0x009844    0x1  Code  Gb  stm8s_it.o [1]
EXTI_PORTB_IRQHandler   0x009845    0x1  Code  Gb  stm8s_it.o [1]
EXTI_PORTC_IRQHandler   0x009846    0x1  Code  Gb  stm8s_it.o [1]
EXTI_PORTD_IRQHandler   0x009847    0x1  Code  Gb  stm8s_it.o [1]
EXTI_PORTE_IRQHandler   0x009848    0x1  Code  Gb  stm8s_it.o [1]
GPIO_Init               0x008dfc   0x64  Code  Gb  stm8s_gpio.o [1]
GPIO_ReadInputPin       0x0097c3    0x7  Code  Gb  stm8s_gpio.o [1]
GPIO_WriteHigh          0x0097b5    0x7  Code  Gb  stm8s_gpio.o [1]
GPIO_WriteLow           0x00980b    0x4  Code  Gb  stm8s_gpio.o [1]
GPIO_WriteReverse       0x0097bc    0x7  Code  Gb  stm8s_gpio.o [1]
HSIDivFactor            0x009807    0x4  Data  Gb  stm8s_clk.o [1]
I2C_IRQHandler          0x00984f    0x1  Code  Gb  stm8s_it.o [1]
INTVEC$$Base            0x008000          --   Gb  - Linker created -
INTVEC$$Limit           0x008080          --   Gb  - Linker created -
IWDG_Enable             0x0097f3    0x5  Code  Gb  stm8s_iwdg.o [1]
IWDG_ReloadCounter      0x0097ee    0x5  Code  Gb  stm8s_iwdg.o [1]
IWDG_SetPrescaler       0x009813    0x4  Code  Gb  stm8s_iwdg.o [1]
IWDG_SetReload          0x009817    0x4  Code  Gb  stm8s_iwdg.o [1]
IWDG_WriteAccessCmd     0x00980f    0x4  Code  Gb  stm8s_iwdg.o [1]
Region$$Table$$Base     0x0094ac          --   Gb  - Linker created -
Region$$Table$$Limit    0x0094be          --   Gb  - Linker created -
SPI_IRQHandler          0x009849    0x1  Code  Gb  stm8s_it.o [1]
TIM1_CAP_COM_IRQHandler
                        0x00984b    0x1  Code  Gb  stm8s_it.o [1]
TIM1_UPD_OVF_TRG_BRK_IRQHandler
                        0x00984a    0x1  Code  Gb  stm8s_it.o [1]
TIM2_CAP_COM_IRQHandler
                        0x00984d    0x1  Code  Gb  stm8s_it.o [1]
TIM2_UPD_OVF_BRK_IRQHandler
                        0x00984c    0x1  Code  Gb  stm8s_it.o [1]
TIM4_ARRPreloadConfig   0x0096ed    0xd  Code  Gb  stm8s_tim4.o [1]
TIM4_ClearFlag          0x0097f8    0x5  Code  Gb  stm8s_tim4.o [1]
TIM4_ClearITPendingBit  0x0097fd    0x5  Code  Gb  stm8s_tim4.o [1]
TIM4_Cmd                0x0096e0    0xd  Code  Gb  stm8s_tim4.o [1]
TIM4_DeInit             0x009568   0x19  Code  Gb  stm8s_tim4.o [1]
TIM4_ITConfig           0x0095b1   0x18  Code  Gb  stm8s_tim4.o [1]
TIM4_TimeBaseInit       0x009757    0x9  Code  Gb  stm8s_tim4.o [1]
TIM4_UPD_OVF_IRQHandler
                        0x0094dd   0x1e  Code  Gb  stm8s_it.o [1]
TLI_IRQHandler          0x009841    0x1  Code  Gb  stm8s_it.o [1]
TRAP_IRQHandler         0x009840    0x1  Code  Gb  stm8s_it.o [1]
TempTable               0x009060   0x48  Data  Lc  heater_ctrl.o [1]
UART1_DeInit            0x009334   0x2b  Code  Gb  stm8s_uart1.o [1]
UART1_GetFlagStatus     0x0093d8   0x27  Code  Gb  stm8s_uart1.o [1]
UART1_ITConfig          0x008f18   0x56  Code  Gb  stm8s_uart1.o [1]
UART1_Init              0x008ab7  0x10a  Code  Gb  stm8s_uart1.o [1]
UART1_RX_IRQHandler     0x0095e0   0x16  Code  Gb  stm8s_it.o [1]
UART1_ReceiveData8      0x00981b    0x4  Code  Gb  stm8s_uart1.o [1]
UART1_SendData8         0x00981f    0x4  Code  Gb  stm8s_uart1.o [1]
UART1_TX_IRQHandler     0x00984e    0x1  Code  Gb  stm8s_it.o [1]
__DebugBreak            0x009852    0x1  Code  Gb  __dbg_break.o [3]
__exit                  0x00961f   0x14  Code  Gb  __dbg_xxexit.o [3]
__iar_copy_init2        0x0093b0         Code  Gb  init_small.o [4]
__iar_data_init2        0x00960b   0x14  Code  Gb  init.o [4]
__iar_program_start     0x009646         Code  Gb  cstartup.o [4]
__iar_unhandled_exception
                        0x00983b         Code  Gb  unhandled_exception.o [4]
__iar_zero_init2        0x0094fb         Code  Gb  init_small.o [4]
__intvec                0x008000         Data  Gb  interrupt.o [4]
__low_level_init        0x009835    0x3  Code  Gb  low_level_init.o [4]
_exit                   0x009802         Code  Gb  cexit.o [4]
_interrupt_1            0x009840         Code  Gb  stm8s_it.o [1]
_interrupt_12           0x009849         Code  Gb  stm8s_it.o [1]
_interrupt_13           0x00984a         Code  Gb  stm8s_it.o [1]
_interrupt_14           0x00984b         Code  Gb  stm8s_it.o [1]
_interrupt_15           0x00984c         Code  Gb  stm8s_it.o [1]
_interrupt_16           0x00984d         Code  Gb  stm8s_it.o [1]
_interrupt_19           0x00984e         Code  Gb  stm8s_it.o [1]
_interrupt_2            0x009841         Code  Gb  stm8s_it.o [1]
_interrupt_20           0x0095e0         Code  Gb  stm8s_it.o [1]
_interrupt_21           0x00984f         Code  Gb  stm8s_it.o [1]
_interrupt_24           0x009850         Code  Gb  stm8s_it.o [1]
_interrupt_25           0x0094dd         Code  Gb  stm8s_it.o [1]
_interrupt_26           0x009851         Code  Gb  stm8s_it.o [1]
_interrupt_3            0x009842         Code  Gb  stm8s_it.o [1]
_interrupt_4            0x009843         Code  Gb  stm8s_it.o [1]
_interrupt_5            0x009844         Code  Gb  stm8s_it.o [1]
_interrupt_6            0x009845         Code  Gb  stm8s_it.o [1]
_interrupt_7            0x009846         Code  Gb  stm8s_it.o [1]
_interrupt_8            0x009847         Code  Gb  stm8s_it.o [1]
_interrupt_9            0x009848         Code  Gb  stm8s_it.o [1]
adc_read_channel        0x008e60   0x60  Code  Lc  heater_ctrl.o [1]
board_input1_read       0x009659   0x11  Code  Gb  ek_gpio.o [1]
board_input2_read       0x00966a   0x11  Code  Gb  ek_gpio.o [1]
board_outputs_all_off   0x0095c9   0x17  Code  Gb  ek_gpio.o [1]
ek_delay                0x00946a   0x21  Code  Gb  ek_tim.o [1]
ek_delay_counter        0x00954f   0x19  Code  Gb  ek_tim.o [1]
ek_delay_tick           0x0000c0    0x4  Data  Gb  ek_tim.o [1]
ek_gpio_init            0x0090a8   0x44  Code  Gb  ek_gpio.o [1]
ek_soft_timer           0x008fc3   0x53  Code  Gb  ek_tim.o [1]
ek_sys_clk_init         0x009769    0x8  Code  Gb  ek_clk.o [1]
ek_sys_tim_init         0x0093ff   0x24  Code  Gb  ek_tim.o [1]
ek_uart_init            0x009447   0x23  Code  Gb  ek_uart.o [1]
ek_uart_read_byte       0x009388   0x28  Code  Gb  ek_uart.o [1]
ek_uart_rx_isr          0x009423   0x24  Code  Gb  ek_uart.o [1]
ek_uart_send_bytes      0x0091c9   0x31  Code  Gb  ek_uart.o [1]
es1642_app_init         0x009707    0xc  Code  Gb  es1642_port_stm8.o [1]
es1642_app_poll         0x009599   0x18  Code  Gb  es1642_port_stm8.o [1]
es1642_calc_checksum    0x008080   0x3b  Code  Lc  es1642.o [1]
es1642_expect_normal_cmd
                        0x0080bb   0x1d  Code  Lc  es1642.o [1]
es1642_get_le16         0x0095f6   0x15  Code  Lc  es1642.o [1]
es1642_memcpy           0x009535   0x1a  Code  Lc  es1642.o [1]
es1642_on_frame         0x00883b  0x14c  Code  Gb  es1642_port_stm8.o [1]
es1642_put_le16         0x009799    0x7  Code  Lc  es1642.o [1]
es1642_uart_rx_irq_handler
                        0x00982f    0x3  Code  Gb  es1642_port_stm8.o [1]
exit                    0x009838    0x3  Code  Gb  exit.o [4]
g_energy_Ws             0x0000cc    0x4  Data  Gb  heater_ctrl.o [1]
g_es1642                0x000012   0x4b  Data  Lc  es1642_port_stm8.o [1]
g_input_vol             0x0000d0    0x2  Data  Gb  heater_ctrl.o [1]
g_master_cmd            0x000010    0x1  Data  Gb  heater_ctrl.o [1]
g_state                 0x000011    0x1  Data  Gb  heater_ctrl.o [1]
g_temperature           0x0000d6    0x1  Data  Gb  heater_ctrl.o [1]
heater_close            0x008689   0x45  Code  Gb  heater_ctrl.o [1]
heater_ctrl_init        0x0094be   0x1f  Code  Gb  heater_ctrl.o [1]
heater_delay_seconds    0x0091fa   0x31  Code  Gb  heater_ctrl.o [1]
heater_energy_accumulate
                        0x0092de   0x2b  Code  Gb  heater_ctrl.o [1]
heater_get_energy_wh    0x0096aa    0xe  Code  Gb  heater_ctrl.o [1]
heater_get_input_vol    0x0085f8   0x3a  Code  Gb  heater_ctrl.o [1]
heater_get_relay_state  0x008576    0xc  Code  Gb  heater_ctrl.o [1]
heater_get_temperature  0x008582   0x76  Code  Gb  heater_ctrl.o [1]
heater_open             0x008632   0x57  Code  Gb  heater_ctrl.o [1]
heater_process          0x008987  0x130  Code  Gb  heater_ctrl.o [1]
mac_addr                0x0000ba    0x6  Data  Lc  es1642_port_stm8.o [1]
main                    0x009016   0x4a  Code  Gb  main.o [1]
notify                  0x0000ae    0xc  Data  Lc  es1642_port_stm8.o [1]
recv_data               0x00009d   0x11  Data  Lc  es1642_port_stm8.o [1]
s_abnormal_flag         0x0000d7    0x1  Data  Lc  heater_ctrl.o [1]
s_normal_cnt            0x0000d2    0x2  Data  Lc  heater_ctrl.o [1]
s_rx_fifo               0x00005d   0x40  Data  Lc  ek_uart.o [1]
s_rx_r                  0x0000d5    0x1  Data  Lc  ek_uart.o [1]
s_rx_w                  0x0000d4    0x1  Data  Lc  ek_uart.o [1]
sec_time                0x0000c8    0x4  Data  Gb  ek_tim.o [1]
stm8_es1642_write       0x00948b   0x21  Code  Gb  es1642_port_stm8.o [1]
tick_10ms               0x0000c4    0x4  Data  Gb  ek_tim.o [1]


[1] = F:\Cubemx_Project\STM8XB\stm8s003f3p6_template_led_and_printf\EWSTM8\STM8S003F3\Obj
[2] = command line
[3] = dbgstm8smd.a
[4] = dlstm8smn.a

  5 991 bytes of readonly  code memory
    236 bytes of readonly  data memory
    472 bytes of readwrite data memory

Errors: none
Warnings: none
