###############################################################################
#
# IAR ELF Linker V3.11.1.207 for STM8                     10/Jun/2026  15:27:41
# Copyright 2010-2019 IAR Systems AB.
#
#    Output file  =  
#        F:\Cubemx_Project\STM8XB\stm8s003f3p6_template_led_and_printf\EWSTM8\STM8S003F3\Exe\ek_stm8_template.out
#    Map file     =  
#        F:\Cubemx_Project\STM8XB\stm8s003f3p6_template_led_and_printf\EWSTM8\STM8S003F3\List\ek_stm8_template.map
#    Command line =  
#        -f C:\Users\AUSU\AppData\Local\Temp\EWEB2B.tmp
#        (F:\Cubemx_Project\STM8XB\stm8s003f3p6_template_led_and_printf\EWSTM8\STM8S003F3\Obj\ek_clk.o
#        F:\Cubemx_Project\STM8XB\stm8s003f3p6_template_led_and_printf\EWSTM8\STM8S003F3\Obj\ek_gpio.o
#        F:\Cubemx_Project\STM8XB\stm8s003f3p6_template_led_and_printf\EWSTM8\STM8S003F3\Obj\ek_tim.o
#        F:\Cubemx_Project\STM8XB\stm8s003f3p6_template_led_and_printf\EWSTM8\STM8S003F3\Obj\ek_uart.o
#        F:\Cubemx_Project\STM8XB\stm8s003f3p6_template_led_and_printf\EWSTM8\STM8S003F3\Obj\es1642.o
#        F:\Cubemx_Project\STM8XB\stm8s003f3p6_template_led_and_printf\EWSTM8\STM8S003F3\Obj\es1642_port_stm8.o
#        F:\Cubemx_Project\STM8XB\stm8s003f3p6_template_led_and_printf\EWSTM8\STM8S003F3\Obj\heater_ctrl.o
#        F:\Cubemx_Project\STM8XB\stm8s003f3p6_template_led_and_printf\EWSTM8\STM8S003F3\Obj\main.o
#        F:\Cubemx_Project\STM8XB\stm8s003f3p6_template_led_and_printf\EWSTM8\STM8S003F3\Obj\stm8s_adc1.o
#        F:\Cubemx_Project\STM8XB\stm8s003f3p6_template_led_and_printf\EWSTM8\STM8S003F3\Obj\stm8s_clk.o
#        F:\Cubemx_Project\STM8XB\stm8s003f3p6_template_led_and_printf\EWSTM8\STM8S003F3\Obj\stm8s_gpio.o
#        F:\Cubemx_Project\STM8XB\stm8s003f3p6_template_led_and_printf\EWSTM8\STM8S003F3\Obj\stm8s_it.o
#        F:\Cubemx_Project\STM8XB\stm8s003f3p6_template_led_and_printf\EWSTM8\STM8S003F3\Obj\stm8s_itc.o
#        F:\Cubemx_Project\STM8XB\stm8s003f3p6_template_led_and_printf\EWSTM8\STM8S003F3\Obj\stm8s_iwdg.o
#        F:\Cubemx_Project\STM8XB\stm8s003f3p6_template_led_and_printf\EWSTM8\STM8S003F3\Obj\stm8s_tim4.o
#        F:\Cubemx_Project\STM8XB\stm8s003f3p6_template_led_and_printf\EWSTM8\STM8S003F3\Obj\stm8s_uart1.o
#        --redirect _Printf=_PrintfSmall --redirect _Scanf=_ScanfSmall
#        --no_out_extension -o
#        F:\Cubemx_Project\STM8XB\stm8s003f3p6_template_led_and_printf\EWSTM8\STM8S003F3\Exe\ek_stm8_template.out
#        --map
#        F:\Cubemx_Project\STM8XB\stm8s003f3p6_template_led_and_printf\EWSTM8\STM8S003F3\List\ek_stm8_template.map
#        --config E:\IARSTM8\stm8\config\lnkstm8s003f3.icf --config_def
#        _CSTACK_SIZE=0x100 --config_def _HEAP_SIZE=0x100 --entry
#        __iar_program_start --debug_lib)
#
###############################################################################

*******************************************************************************
*** RUNTIME MODEL ATTRIBUTES
***

__SystemLibrary            = DLib
__code_model               = small
__core                     = stm8
__data_model               = medium
__dlib_file_descriptor     = 0
__dlib_full_locale_support = 0
__rt_version               = 4


*******************************************************************************
*** PLACEMENT SUMMARY
***

"A0":  place at start of [0x000000-0x0000ff] { rw section .vregs };
"A1":  place at end of [0x000000-0x0003ff] { block CSTACK };
"P2":  place in [from 0x000000 to 0x0003ff] {
          block HEAP, rw section __DLIB_PERTHREAD, rw section .far.bss,
          rw section .far.data, rw section .far.noinit,
          rw section .far_func.textrw, rw section .huge.bss,
          rw section .huge.data, rw section .huge.noinit,
          rw section .huge_func.textrw, rw section .iar.dynexit,
          rw section .near.bss, rw section .near.data, rw section .near.noinit,
          rw section .near_func.textrw };
"A2":  place at start of [0x008000-0x009fff] { block INTVEC };
"P3":  place in [from 0x008000 to 0x009fff] {
          ro section __DLIB_PERTHREAD_init, ro section .far.data_init,
          ro section .far_func.textrw_init, ro section .huge.data_init,
          ro section .huge_func.textrw_init, ro section .iar.init_table,
          ro section .init_array, ro section .near.data_init,
          ro section .near.rodata, ro section .near_func.text,
          ro section .near_func.textrw_init, ro section .tiny.data_init,
          ro section .tiny.rodata_init };
"P4":  place in [from 0x008000 to 0x009fff] {
          ro section .far.rodata, ro section .far_func.text };
"P5":  place in [from 0x008000 to 0x009fff] {
          ro section .huge.rodata, ro section .huge_func.text };
do not initialize {
   rw section .eeprom.noinit, rw section .far.noinit, rw section .huge.noinit,
   rw section .near.noinit, rw section .tiny.noinit, rw section .vregs };
initialize by copy {
   rw section .far.bss, rw section .far.data, rw section .far_func.textrw,
   rw section .huge.bss, rw section .huge.data, rw section .huge_func.textrw,
   rw section .iar.dynexit, rw section .near.bss, rw section .near.data,
   rw section .near_func.textrw, rw section .tiny.bss, rw section .tiny.data,
   ro section .tiny.rodata };

No sections matched the following patterns:

  ro section .far.data_init          in "P3-P5"
  ro section .far.rodata             in "P3-P5"
  ro section .far_func.text          in "P3-P5"
  ro section .far_func.textrw_init   in "P3-P5"
  ro section .huge.data_init         in "P3-P5"
  ro section .huge.rodata            in "P3-P5"
  ro section .huge_func.text         in "P3-P5"
  ro section .huge_func.textrw_init  in "P3-P5"
  ro section .iar.init_table         in "P3-P5"
  ro section .init_array             in "P3-P5"
  ro section .near_func.textrw_init  in "P3-P5"
  ro section .tiny.data_init         in "P3-P5"
  ro section .tiny.rodata_init       in "P3-P5"
  ro section __DLIB_PERTHREAD_init   in "P3-P5"
  rw section .far.bss                in "P2"
  rw section .far.data               in "P2"
  rw section .far.noinit             in "P2"
  rw section .far_func.textrw        in "P2"
  rw section .huge.bss               in "P2"
  rw section .huge.data              in "P2"
  rw section .huge.noinit            in "P2"
  rw section .huge_func.textrw       in "P2"
  rw section .iar.dynexit            in "P2"
  rw section .near.noinit            in "P2"
  rw section .near_func.textrw       in "P2"
  rw section .tiny.bss               in "P1"
  rw section .tiny.data              in "P1"
  rw section .tiny.noinit            in "P1"
  rw section .tiny.rodata            in "P1"
  rw section __DLIB_PERTHREAD        in "P2"
  section .eeprom.data               in "P6-P8"
  section .eeprom.noinit             in "P6-P8"
  section .eeprom.rodata             in "P6-P8"


  Section            Kind      Address    Size  Object
  -------            ----      -------    ----  ------
"A0":                                     0x10
  .vregs             uninit   0x000000    0x10  vregs.o [4]
                            - 0x000010    0x10

"P2", part 1 of 2:                         0x2
  P2-1                        0x000010     0x2  <Init block>
    .near.data       inited   0x000010     0x1  heater_ctrl.o [1]
    .near.data       inited   0x000011     0x1  heater_ctrl.o [1]
                            - 0x000012     0x2

"P2", part 2 of 2:                        0x9f
  .near.bss          zero     0x000012    0x4b  es1642_port_stm8.o [1]
  .near.bss          zero     0x00005d    0x40  ek_uart.o [1]
  .near.bss          zero     0x00009d     0x4  ek_tim.o [1]
  .near.bss          zero     0x0000a1     0x4  ek_tim.o [1]
  .near.bss          zero     0x0000a5     0x4  ek_tim.o [1]
  .near.bss          zero     0x0000a9     0x2  heater_ctrl.o [1]
  .near.bss          zero     0x0000ab     0x2  heater_ctrl.o [1]
  .near.bss          zero     0x0000ad     0x1  ek_uart.o [1]
  .near.bss          zero     0x0000ae     0x1  ek_uart.o [1]
  .near.bss          zero     0x0000af     0x1  heater_ctrl.o [1]
  .near.bss          zero     0x0000b0     0x1  heater_ctrl.o [1]
                            - 0x0000b1    0x9f

"A1":                                    0x100
  CSTACK                      0x000300   0x100  <Block>
    CSTACK           uninit   0x000300   0x100  <Block tail>
                            - 0x000400   0x100

"A2":                                     0x80
  INTVEC                      0x008000    0x80  <Block>
    .intvec          const    0x008000    0x80  interrupt.o [4]
                            - 0x008080    0x80

"P3-P5":                                0x18fe
  .near_func.text    ro code  0x008080   0x1d0  es1642.o [1]
  .near_func.text    ro code  0x008250   0x1b6  stm8s_uart1.o [1]
  .near_func.text    ro code  0x008406   0x175  heater_ctrl.o [1]
  .near_func.text    ro code  0x00857b   0x175  long.o [4]
  .near_func.text    ro code  0x0086f0   0x13b  heater_ctrl.o [1]
  .near_func.text    ro code  0x00882b   0x124  stm8s_adc1.o [1]
  .near_func.text    ro code  0x00894f   0x10d  vreg_util.o [4]
  .near_func.text    ro code  0x008a5c    0xb0  stm8s_adc1.o [1]
  .near_func.text    ro code  0x008b0c    0xad  stm8s_gpio.o [1]
  .near_func.text    ro code  0x008bb9    0x95  stm8s_uart1.o [1]
  .near_func.text    ro code  0x008c4e    0x8a  stm8s_adc1.o [1]
  .near_func.text    ro code  0x008cd8    0x74  stm8s_adc1.o [1]
  .near.rodata       const    0x008d4c    0x71  stm8s_uart1.o [1]
  .near.rodata       const    0x008dbd    0x70  stm8s_adc1.o [1]
  .near.rodata       const    0x008e2d    0x70  stm8s_gpio.o [1]
  .near.rodata       const    0x008e9d    0x70  stm8s_iwdg.o [1]
  .near.rodata       const    0x008f0d    0x70  stm8s_tim4.o [1]
  .near_func.text    ro code  0x008f7d    0x70  stm8s_adc1.o [1]
  .near.rodata       const    0x008fed    0x6f  stm8s_clk.o [1]
  .near_func.text    ro code  0x00905c    0x60  heater_ctrl.o [1]
  .near_func.text    ro code  0x0090bc    0x55  main.o [1]
  .near_func.text    ro code  0x009111    0x50  ek_tim.o [1]
  .near.rodata       const    0x009161    0x48  heater_ctrl.o [1]
  .near_func.text    ro code  0x0091a9    0x47  long_util.o [4]
  .near_func.text    ro code  0x0091f0    0x44  ek_gpio.o [1]
  .near_func.text    ro code  0x009234    0x3f  stm8s_adc1.o [1]
  .near_func.text    ro code  0x009273    0x3d  stm8s_adc1.o [1]
  .near_func.text    ro code  0x0092b0    0x3b  es1642.o [1]
  .near_func.text    ro code  0x0092eb    0x3b  stm8s_clk.o [1]
  .near_func.text    ro code  0x009326    0x3a  stm8s_tim4.o [1]
  .near_func.text    ro code  0x009360    0x39  stm8s_adc1.o [1]
  .near_func.text    ro code  0x009399    0x36  stm8s_clk.o [1]
  .near_func.text    ro code  0x0093cf    0x34  stm8s_tim4.o [1]
  .near_func.text    ro code  0x009403    0x31  heater_ctrl.o [1]
  .near_func.text    ro code  0x009434    0x2f  stm8s_iwdg.o [1]
  .near_func.text    ro code  0x009463    0x2d  short.o [4]
  .near_func.text    ro code  0x009490    0x2c  dc_util.o [4]
  .near_func.text    ro code  0x0094bc    0x2b  stm8s_uart1.o [1]
  .near_func.text    ro code  0x0094e7    0x2a  ek_uart.o [1]
  .near_func.text    ro code  0x009511    0x28  stm8s_clk.o [1]
  .near_func.text    ro code  0x009539    0x28  init_small.o [4]
  .near_func.text    ro code  0x009561    0x24  ek_tim.o [1]
  .near_func.text    ro code  0x009585    0x24  ek_uart.o [1]
  .near_func.text    ro code  0x0095a9    0x23  ek_uart.o [1]
  .near_func.text    ro code  0x0095cc    0x21  ek_tim.o [1]
  .iar.init_table    const    0x0095ed    0x12  - Linker created -
  .near_func.text    ro code  0x0095ff    0x1f  heater_ctrl.o [1]
  .near_func.text    ro code  0x00961e    0x1e  stm8s_it.o [1]
  .near_func.text    ro code  0x00963c    0x1e  init_small.o [4]
  .near_func.text    ro code  0x00965a    0x1c  stm8s_iwdg.o [1]
  .near_func.text    ro code  0x009676    0x19  ek_tim.o [1]
  .near_func.text    ro code  0x00968f    0x19  stm8s_tim4.o [1]
  .near_func.text    ro code  0x0096a8    0x19  stm8s_tim4.o [1]
  .near_func.text    ro code  0x0096c1    0x19  stm8s_tim4.o [1]
  .near_func.text    ro code  0x0096da    0x18  es1642_port_stm8.o [1]
  .near_func.text    ro code  0x0096f2    0x17  ek_gpio.o [1]
  .near_func.text    ro code  0x009709    0x16  stm8s_adc1.o [1]
  .near_func.text    ro code  0x00971f    0x16  stm8s_it.o [1]
  .near_func.text    ro code  0x009735    0x16  stm8s_tim4.o [1]
  .near_func.text    ro code  0x00974b    0x16  stm8s_tim4.o [1]
  .near_func.text    ro code  0x009761    0x16  memset.o [4]
  .near_func.text    ro code  0x009777    0x15  es1642.o [1]
  .near_func.text    ro code  0x00978c    0x14  init.o [4]
  .near_func.text    ro code  0x0097a0    0x14  __dbg_xxexit.o [3]
  .near_func.text    ro code  0x0097b4    0x13  cstartup.o [4]
  .near_func.text    ro code  0x0097c7    0x11  ek_gpio.o [1]
  .near_func.text    ro code  0x0097d8    0x11  ek_gpio.o [1]
  .near_func.text    ro code  0x0097e9    0x11  heater_ctrl.o [1]
  .near_func.text    ro code  0x0097fa    0x10  heater_ctrl.o [1]
  .near_func.text    ro code  0x00980a     0xc  es1642_port_stm8.o [1]
  .near_func.text    ro code  0x009816     0xb  es1642.o [1]
  .near_func.text    ro code  0x009821     0xb  stm8s_adc1.o [1]
  .near_func.text    ro code  0x00982c     0xb  stm8s_adc1.o [1]
  .near_func.text    ro code  0x009837     0xb  stm8s_adc1.o [1]
  .near_func.text    ro code  0x009842     0xb  stm8s_clk.o [1]
  .near_func.text    ro code  0x00984d     0xb  stm8s_gpio.o [1]
  .near_func.text    ro code  0x009858     0xb  stm8s_iwdg.o [1]
  .near_func.text    ro code  0x009863     0xb  stm8s_tim4.o [1]
  .near_func.text    ro code  0x00986e     0xb  stm8s_uart1.o [1]
  .near_func.text    ro code  0x009879     0xa  heater_ctrl.o [1]
  .near_func.text    ro code  0x009883     0x9  ek_tim.o [1]
  .near_func.text    ro code  0x00988c     0x9  stm8s_adc1.o [1]
  .near_func.text    ro code  0x009895     0x9  stm8s_adc1.o [1]
  .near_func.text    ro code  0x00989e     0x9  stm8s_adc1.o [1]
  .near_func.text    ro code  0x0098a7     0x9  stm8s_clk.o [1]
  .near_func.text    ro code  0x0098b0     0x9  stm8s_uart1.o [1]
  .near_func.text    ro code  0x0098b9     0x8  ek_clk.o [1]
  .near_func.text    ro code  0x0098c1     0x8  ek_gpio.o [1]
  .near_func.text    ro code  0x0098c9     0x8  heater_ctrl.o [1]
  .near_func.text    ro code  0x0098d1     0x8  heater_ctrl.o [1]
  .near_func.text    ro code  0x0098d9     0x8  stm8s_adc1.o [1]
  .near_func.text    ro code  0x0098e1     0x8  stm8s_uart1.o [1]
  .near_func.text    ro code  0x0098e9     0x8  stm8s_uart1.o [1]
  .near_func.text    ro code  0x0098f1     0x7  heater_ctrl.o [1]
  .near_func.text    ro code  0x0098f8     0x7  stm8s_adc1.o [1]
  .near_func.text    ro code  0x0098ff     0x7  stm8s_adc1.o [1]
  .near_func.text    ro code  0x009906     0x7  stm8s_gpio.o [1]
  .near_func.text    ro code  0x00990d     0x7  stm8s_gpio.o [1]
  .near_func.text    ro code  0x009914     0x7  stm8s_gpio.o [1]
  .near_func.text    ro code  0x00991b     0x6  ek_gpio.o [1]
  .near_func.text    ro code  0x009921     0x6  ek_gpio.o [1]
  .near_func.text    ro code  0x009927     0x6  heater_ctrl.o [1]
  .near_func.text    ro code  0x00992d     0x6  heater_ctrl.o [1]
  .near_func.text    ro code  0x009933     0x6  stm8s_uart1.o [1]
  .near_func.text    ro code  0x009939     0x5  stm8s_iwdg.o [1]
  .near_func.text    ro code  0x00993e     0x5  stm8s_iwdg.o [1]
  .near_func.text    ro code  0x009943     0x5  cexit.o [4]
  .near.rodata       const    0x009948     0x4  stm8s_clk.o [1]
  .near_func.text    ro code  0x00994c     0x4  stm8s_gpio.o [1]
  .near_func.text    ro code  0x009950     0x4  stm8s_iwdg.o [1]
  .near_func.text    ro code  0x009954     0x4  stm8s_uart1.o [1]
  .near_func.text    ro code  0x009958     0x3  es1642_port_stm8.o [1]
  .near_func.text    ro code  0x00995b     0x3  interrupt.o [4]
  .near_func.text    ro code  0x00995e     0x3  low_level_init.o [4]
  .near_func.text    ro code  0x009961     0x3  exit.o [4]
  .near_func.text    ro code  0x009964     0x3  unhandled_exception.o [4]
  .near_func.text    ro code  0x009967     0x2  main.o [1]
  Initializer bytes  const    0x009969     0x2  <for P2-1>
  .near_func.text    ro code  0x00996b     0x1  stm8s_it.o [1]
  .near_func.text    ro code  0x00996c     0x1  stm8s_it.o [1]
  .near_func.text    ro code  0x00996d     0x1  stm8s_it.o [1]
  .near_func.text    ro code  0x00996e     0x1  stm8s_it.o [1]
  .near_func.text    ro code  0x00996f     0x1  stm8s_it.o [1]
  .near_func.text    ro code  0x009970     0x1  stm8s_it.o [1]
  .near_func.text    ro code  0x009971     0x1  stm8s_it.o [1]
  .near_func.text    ro code  0x009972     0x1  stm8s_it.o [1]
  .near_func.text    ro code  0x009973     0x1  stm8s_it.o [1]
  .near_func.text    ro code  0x009974     0x1  stm8s_it.o [1]
  .near_func.text    ro code  0x009975     0x1  stm8s_it.o [1]
  .near_func.text    ro code  0x009976     0x1  stm8s_it.o [1]
  .near_func.text    ro code  0x009977     0x1  stm8s_it.o [1]
  .near_func.text    ro code  0x009978     0x1  stm8s_it.o [1]
  .near_func.text    ro code  0x009979     0x1  stm8s_it.o [1]
  .near_func.text    ro code  0x00997a     0x1  stm8s_it.o [1]
  .near_func.text    ro code  0x00997b     0x1  stm8s_it.o [1]
  .near_func.text    ro code  0x00997c     0x1  stm8s_it.o [1]
  .near_func.text    ro code  0x00997d     0x1  __dbg_break.o [3]
                            - 0x00997e  0x18fe


*******************************************************************************
*** INIT TABLE
***

          Address   Size
          -------   ----
Zero (__iar_zero_init2)
    1 destination range, total size 0x9f:
          0x000012  0x9f

Copy (__iar_copy_init2)
    1 source range, total size 0x2:
          0x009969   0x2
    1 destination range, total size 0x2:
          0x000010   0x2



*******************************************************************************
*** MODULE SUMMARY
***

    Module                 ro code  ro data  rw data
    ------                 -------  -------  -------
F:\Cubemx_Project\STM8XB\stm8s003f3p6_template_led_and_printf\EWSTM8\STM8S003F3\Obj: [1]
    ek_clk.o                     8
    ek_gpio.o                  145
    ek_tim.o                   183                12
    ek_uart.o                  113                66
    es1642.o                   555
    es1642_port_stm8.o          39                75
    heater_ctrl.o              942       74        8
    main.o                      87
    stm8s_adc1.o             1 119      112
    stm8s_clk.o                173      115
    stm8s_gpio.o               209      112
    stm8s_it.o                  70
    stm8s_iwdg.o               100      112
    stm8s_tim4.o               240      112
    stm8s_uart1.o              676      113
    ------------------------------------------------
    Total:                   4 659      750      161

command line: [2]
    ------------------------------------------------
    Total:

dbgstm8smd.a: [3]
    __dbg_break.o                1
    __dbg_xxexit.o              20
    ------------------------------------------------
    Total:                      21

dlstm8smn.a: [4]
    cexit.o                      5
    cstartup.o                  19
    dc_util.o                   44
    exit.o                       3
    init.o                      20
    init_small.o                70
    interrupt.o                  3      128
    long.o                     373
    long_util.o                 71
    low_level_init.o             3
    memset.o                    22
    short.o                     45
    unhandled_exception.o        3
    vreg_util.o                269
    vregs.o                                       16
    ------------------------------------------------
    Total:                     950      128       16

    Linker created                       18      256
----------------------------------------------------
    Grand Total:             5 630      896      433


*******************************************************************************
*** ENTRY LIST
***

Entry                    Address   Size  Type      Object
-----                    -------   ----  ----      ------
.iar.init_table$$Base   0x0095ed          --   Gb  - Linker created -
.iar.init_table$$Limit  0x0095ff          --   Gb  - Linker created -
?b0                     0x000000         Data  Gb  vregs.o [4]
?b1                     0x000001         Data  Gb  vregs.o [4]
?b10                    0x00000a         Data  Gb  vregs.o [4]
?b11                    0x00000b         Data  Gb  vregs.o [4]
?b12                    0x00000c         Data  Gb  vregs.o [4]
?b13                    0x00000d         Data  Gb  vregs.o [4]
?b14                    0x00000e         Data  Gb  vregs.o [4]
?b15                    0x00000f         Data  Gb  vregs.o [4]
?b2                     0x000002         Data  Gb  vregs.o [4]
?b3                     0x000003         Data  Gb  vregs.o [4]
?b4                     0x000004         Data  Gb  vregs.o [4]
?b5                     0x000005         Data  Gb  vregs.o [4]
?b6                     0x000006         Data  Gb  vregs.o [4]
?b7                     0x000007         Data  Gb  vregs.o [4]
?b8                     0x000008         Data  Gb  vregs.o [4]
?b9                     0x000009         Data  Gb  vregs.o [4]
?dc32_l0                0x009497         Code  Gb  dc_util.o [4]
?dc32_l1                0x0094a4         Code  Gb  dc_util.o [4]
?dc32_px                0x0094b1         Code  Gb  dc_util.o [4]
?dc8_px                 0x009490         Code  Gb  dc_util.o [4]
?dec32_0x_0x            0x008593         Code  Gb  long.o [4]
?dec32_l0_l0            0x00858e         Code  Gb  long.o [4]
?e0                     0x000001         Data  Gb  vregs.o [4]
?e1                     0x000005         Data  Gb  vregs.o [4]
?e2                     0x000009         Data  Gb  vregs.o [4]
?e3                     0x00000d         Data  Gb  vregs.o [4]
?epilogue_l2            0x0089ea         Code  Gb  vreg_util.o [4]
?epilogue_l2_l3         0x0089e7         Code  Gb  vreg_util.o [4]
?epilogue_l2_w6         0x0089ee         Code  Gb  vreg_util.o [4]
?epilogue_w4            0x0089f5         Code  Gb  vreg_util.o [4]
?inc32_0x_0x            0x008580         Code  Gb  long.o [4]
?inc32_l0_l0            0x00857b         Code  Gb  long.o [4]
?l0                     0x000000         Data  Gb  vregs.o [4]
?l1                     0x000004         Data  Gb  vregs.o [4]
?l2                     0x000008         Data  Gb  vregs.o [4]
?l3                     0x00000c         Data  Gb  vregs.o [4]
?load32_0x_l0           0x0091e2         Code  Gb  long_util.o [4]
?load32_asp_l0          0x0091d6         Code  Gb  long_util.o [4]
?load32_dbsp_l0         0x0091d1         Code  Gb  long_util.o [4]
?load32_l0_0x           0x0091b9         Code  Gb  long_util.o [4]
?load32_l0_asp          0x0091ae         Code  Gb  long_util.o [4]
?load32_l0_dbsp         0x0091a9         Code  Gb  long_util.o [4]
?load32_l0_xsp          0x0091b0         Code  Gb  long_util.o [4]
?load32_l1_0x           0x0091c5         Code  Gb  long_util.o [4]
?load32_xsp_l0          0x0091d8         Code  Gb  long_util.o [4]
?mov_e0_e2              0x008a11         Code  Gb  vreg_util.o [4]
?mov_e0_e3              0x008a1e         Code  Gb  vreg_util.o [4]
?mov_e1_e2              0x008a2b         Code  Gb  vreg_util.o [4]
?mov_e1_e3              0x008a38         Code  Gb  vreg_util.o [4]
?mov_e2_e0              0x008a45         Code  Gb  vreg_util.o [4]
?mov_e3_e0              0x008a52         Code  Gb  vreg_util.o [4]
?mov_l0_l2              0x008a0e         Code  Gb  vreg_util.o [4]
?mov_l0_l3              0x008a1b         Code  Gb  vreg_util.o [4]
?mov_l1_l2              0x008a28         Code  Gb  vreg_util.o [4]
?mov_l1_l3              0x008a35         Code  Gb  vreg_util.o [4]
?mov_l2_l0              0x008a42         Code  Gb  vreg_util.o [4]
?mov_l3_l0              0x008a4f         Code  Gb  vreg_util.o [4]
?mov_w1_w5              0x008a14         Code  Gb  vreg_util.o [4]
?mov_w1_w7              0x008a21         Code  Gb  vreg_util.o [4]
?mov_w2_w4              0x0089f9         Code  Gb  vreg_util.o [4]
?mov_w2_w6              0x008a00         Code  Gb  vreg_util.o [4]
?mov_w3_w5              0x008a2e         Code  Gb  vreg_util.o [4]
?mov_w3_w7              0x008a3b         Code  Gb  vreg_util.o [4]
?mov_w4_w0              0x008a07         Code  Gb  vreg_util.o [4]
?mov_w5_w1              0x008a48         Code  Gb  vreg_util.o [4]
?mov_w7_w1              0x008a55         Code  Gb  vreg_util.o [4]
?mul32_l0_l0_0x         0x0085c5         Code  Gb  long.o [4]
?mul32_l0_l0_dl         0x0085c2         Code  Gb  long.o [4]
?mul32_l0_l0_l1         0x0085ce         Code  Gb  long.o [4]
?pop_l0                 0x0089b3         Code  Gb  vreg_util.o [4]
?pop_l1                 0x0089be         Code  Gb  vreg_util.o [4]
?pop_l2                 0x0089c9         Code  Gb  vreg_util.o [4]
?pop_l3                 0x0089d4         Code  Gb  vreg_util.o [4]
?pop_w4                 0x00896c         Code  Gb  vreg_util.o [4]
?pop_w6                 0x008973         Code  Gb  vreg_util.o [4]
?push_l0                0x008982         Code  Gb  vreg_util.o [4]
?push_l1                0x008987         Code  Gb  vreg_util.o [4]
?push_l2                0x00898c         Code  Gb  vreg_util.o [4]
?push_l3                0x008991         Code  Gb  vreg_util.o [4]
?push_w4                0x00894f         Code  Gb  vreg_util.o [4]
?push_w6                0x008954         Code  Gb  vreg_util.o [4]
?sdiv16_x_x_y           0x009463         Code  Gb  short.o [4]
?sll16_x_x_4            0x009486         Code  Gb  short.o [4]
?sll16_x_x_5            0x009485         Code  Gb  short.o [4]
?sll16_x_x_6            0x009484         Code  Gb  short.o [4]
?sll16_x_x_a            0x00947c         Code  Gb  short.o [4]
?sll32_0x_0x_a          0x0086cd         Code  Gb  long.o [4]
?sll32_l0_l0_a          0x0086ca         Code  Gb  long.o [4]
?sll32_l0_l0_db         0x0086c6         Code  Gb  long.o [4]
?srl16_x_x_4            0x00948b         Code  Gb  short.o [4]
?srl32_0x_0x_a          0x0086e2         Code  Gb  long.o [4]
?srl32_l0_l0_a          0x0086df         Code  Gb  long.o [4]
?srl32_l0_l0_db         0x0086db         Code  Gb  long.o [4]
?sub32_l0_l0_0x         0x0085aa         Code  Gb  long.o [4]
?sub32_l0_l0_l1         0x0085a7         Code  Gb  long.o [4]
?udiv32_l0_dl_l1        0x008651         Code  Gb  long.o [4]
?udiv32_l0_l0_dl        0x008656         Code  Gb  long.o [4]
?udiv32_l0_l0_l1        0x008659         Code  Gb  long.o [4]
?umod32_l1_l0_dl        0x00864c         Code  Gb  long.o [4]
?umod32_l1_l0_l1        0x008659         Code  Gb  long.o [4]
?w0                     0x000000         Data  Gb  vregs.o [4]
?w1                     0x000002         Data  Gb  vregs.o [4]
?w2                     0x000004         Data  Gb  vregs.o [4]
?w3                     0x000006         Data  Gb  vregs.o [4]
?w4                     0x000008         Data  Gb  vregs.o [4]
?w5                     0x00000a         Data  Gb  vregs.o [4]
?w6                     0x00000c         Data  Gb  vregs.o [4]
?w7                     0x00000e         Data  Gb  vregs.o [4]
ADC1_ClearFlag          0x008cd8   0x74  Code  Gb  stm8s_adc1.o [1]
ADC1_Cmd                0x009709   0x16  Code  Gb  stm8s_adc1.o [1]
ADC1_ConversionConfig   0x008c4e   0x8a  Code  Gb  stm8s_adc1.o [1]
ADC1_ExternalTriggerConfig
                        0x009234   0x3f  Code  Gb  stm8s_adc1.o [1]
ADC1_GetConversionValue
                        0x009360   0x39  Code  Gb  stm8s_adc1.o [1]
ADC1_GetFlagStatus      0x008f7d   0x70  Code  Gb  stm8s_adc1.o [1]
ADC1_IRQHandler         0x00997b    0x1  Code  Gb  stm8s_it.o [1]
ADC1_Init               0x00882b  0x124  Code  Gb  stm8s_adc1.o [1]
ADC1_PrescalerConfig    0x009273   0x3d  Code  Gb  stm8s_adc1.o [1]
ADC1_SchmittTriggerConfig
                        0x008a5c   0xb0  Code  Gb  stm8s_adc1.o [1]
AWU_IRQHandler          0x00996d    0x1  Code  Gb  stm8s_it.o [1]
CLK_DeInit              0x009399   0x36  Code  Gb  stm8s_clk.o [1]
CLK_GetClockFreq        0x0092eb   0x3b  Code  Gb  stm8s_clk.o [1]
CLK_HSIPrescalerConfig  0x009511   0x28  Code  Gb  stm8s_clk.o [1]
CLK_IRQHandler          0x00996e    0x1  Code  Gb  stm8s_it.o [1]
CSTACK$$Base            0x000300          --   Gb  - Linker created -
CSTACK$$Limit           0x000400          --   Gb  - Linker created -
EEPROM_EEC_IRQHandler   0x00997c    0x1  Code  Gb  stm8s_it.o [1]
ES1642_Init             0x009816    0xb  Code  Gb  es1642.o [1]
ES1642_InputByte        0x0081ab   0xa0  Code  Gb  es1642.o [1]
ES1642_ParseFrame       0x00808b  0x120  Code  Gb  es1642.o [1]
ES1642_ResetRx          0x008080    0xb  Code  Gb  es1642.o [1]
EXTI_PORTA_IRQHandler   0x00996f    0x1  Code  Gb  stm8s_it.o [1]
EXTI_PORTB_IRQHandler   0x009970    0x1  Code  Gb  stm8s_it.o [1]
EXTI_PORTC_IRQHandler   0x009971    0x1  Code  Gb  stm8s_it.o [1]
EXTI_PORTD_IRQHandler   0x009972    0x1  Code  Gb  stm8s_it.o [1]
EXTI_PORTE_IRQHandler   0x009973    0x1  Code  Gb  stm8s_it.o [1]
GPIO_Init               0x008b0c   0xad  Code  Gb  stm8s_gpio.o [1]
GPIO_ReadInputPin       0x009914    0x7  Code  Gb  stm8s_gpio.o [1]
GPIO_WriteHigh          0x009906    0x7  Code  Gb  stm8s_gpio.o [1]
GPIO_WriteLow           0x00994c    0x4  Code  Gb  stm8s_gpio.o [1]
GPIO_WriteReverse       0x00990d    0x7  Code  Gb  stm8s_gpio.o [1]
HSIDivFactor            0x009948    0x4  Data  Gb  stm8s_clk.o [1]
I2C_IRQHandler          0x00997a    0x1  Code  Gb  stm8s_it.o [1]
INTVEC$$Base            0x008000          --   Gb  - Linker created -
INTVEC$$Limit           0x008080          --   Gb  - Linker created -
IWDG_Enable             0x00993e    0x5  Code  Gb  stm8s_iwdg.o [1]
IWDG_ReloadCounter      0x009939    0x5  Code  Gb  stm8s_iwdg.o [1]
IWDG_SetPrescaler       0x009434   0x2f  Code  Gb  stm8s_iwdg.o [1]
IWDG_SetReload          0x009950    0x4  Code  Gb  stm8s_iwdg.o [1]
IWDG_WriteAccessCmd     0x00965a   0x1c  Code  Gb  stm8s_iwdg.o [1]
Region$$Table$$Base     0x0095ed          --   Gb  - Linker created -
Region$$Table$$Limit    0x0095ff          --   Gb  - Linker created -
SPI_IRQHandler          0x009974    0x1  Code  Gb  stm8s_it.o [1]
TIM1_CAP_COM_IRQHandler
                        0x009976    0x1  Code  Gb  stm8s_it.o [1]
TIM1_UPD_OVF_TRG_BRK_IRQHandler
                        0x009975    0x1  Code  Gb  stm8s_it.o [1]
TIM2_CAP_COM_IRQHandler
                        0x009978    0x1  Code  Gb  stm8s_it.o [1]
TIM2_UPD_OVF_BRK_IRQHandler
                        0x009977    0x1  Code  Gb  stm8s_it.o [1]
TIM4_ARRPreloadConfig   0x00974b   0x16  Code  Gb  stm8s_tim4.o [1]
TIM4_ClearFlag          0x0096a8   0x19  Code  Gb  stm8s_tim4.o [1]
TIM4_ClearITPendingBit  0x0096c1   0x19  Code  Gb  stm8s_tim4.o [1]
TIM4_Cmd                0x009735   0x16  Code  Gb  stm8s_tim4.o [1]
TIM4_DeInit             0x00968f   0x19  Code  Gb  stm8s_tim4.o [1]
TIM4_ITConfig           0x0093cf   0x34  Code  Gb  stm8s_tim4.o [1]
TIM4_TimeBaseInit       0x009326   0x3a  Code  Gb  stm8s_tim4.o [1]
TIM4_UPD_OVF_IRQHandler
                        0x00961e   0x1e  Code  Gb  stm8s_it.o [1]
TLI_IRQHandler          0x00996c    0x1  Code  Gb  stm8s_it.o [1]
TRAP_IRQHandler         0x00996b    0x1  Code  Gb  stm8s_it.o [1]
TempTable               0x009161   0x48  Data  Lc  heater_ctrl.o [1]
UART1_DeInit            0x0094bc   0x2b  Code  Gb  stm8s_uart1.o [1]
UART1_ITConfig          0x008bb9   0x95  Code  Gb  stm8s_uart1.o [1]
UART1_Init              0x008250  0x1b6  Code  Gb  stm8s_uart1.o [1]
UART1_RX_IRQHandler     0x00971f   0x16  Code  Gb  stm8s_it.o [1]
UART1_ReceiveData8      0x009954    0x4  Code  Gb  stm8s_uart1.o [1]
UART1_TX_IRQHandler     0x009979    0x1  Code  Gb  stm8s_it.o [1]
__DebugBreak            0x00997d    0x1  Code  Gb  __dbg_break.o [3]
__exit                  0x0097a0   0x14  Code  Gb  __dbg_xxexit.o [3]
__iar_copy_init2        0x009539         Code  Gb  init_small.o [4]
__iar_data_init2        0x00978c   0x14  Code  Gb  init.o [4]
__iar_program_start     0x0097b4         Code  Gb  cstartup.o [4]
__iar_unhandled_exception
                        0x009964         Code  Gb  unhandled_exception.o [4]
__iar_zero_init2        0x00963c         Code  Gb  init_small.o [4]
__intvec                0x008000         Data  Gb  interrupt.o [4]
__low_level_init        0x00995e    0x3  Code  Gb  low_level_init.o [4]
_exit                   0x009943         Code  Gb  cexit.o [4]
_interrupt_1            0x00996b         Code  Gb  stm8s_it.o [1]
_interrupt_12           0x009974         Code  Gb  stm8s_it.o [1]
_interrupt_13           0x009975         Code  Gb  stm8s_it.o [1]
_interrupt_14           0x009976         Code  Gb  stm8s_it.o [1]
_interrupt_15           0x009977         Code  Gb  stm8s_it.o [1]
_interrupt_16           0x009978         Code  Gb  stm8s_it.o [1]
_interrupt_19           0x009979         Code  Gb  stm8s_it.o [1]
_interrupt_2            0x00996c         Code  Gb  stm8s_it.o [1]
_interrupt_20           0x00971f         Code  Gb  stm8s_it.o [1]
_interrupt_21           0x00997a         Code  Gb  stm8s_it.o [1]
_interrupt_24           0x00997b         Code  Gb  stm8s_it.o [1]
_interrupt_25           0x00961e         Code  Gb  stm8s_it.o [1]
_interrupt_26           0x00997c         Code  Gb  stm8s_it.o [1]
_interrupt_3            0x00996d         Code  Gb  stm8s_it.o [1]
_interrupt_4            0x00996e         Code  Gb  stm8s_it.o [1]
_interrupt_5            0x00996f         Code  Gb  stm8s_it.o [1]
_interrupt_6            0x009970         Code  Gb  stm8s_it.o [1]
_interrupt_7            0x009971         Code  Gb  stm8s_it.o [1]
_interrupt_8            0x009972         Code  Gb  stm8s_it.o [1]
_interrupt_9            0x009973         Code  Gb  stm8s_it.o [1]
adc_read_channel        0x00905c   0x60  Code  Lc  heater_ctrl.o [1]
assert_failed           0x009967    0x2  Code  Gb  main.o [1]
board_input1_read       0x0097c7   0x11  Code  Gb  ek_gpio.o [1]
board_input2_read       0x0097d8   0x11  Code  Gb  ek_gpio.o [1]
board_outputs_all_off   0x0096f2   0x17  Code  Gb  ek_gpio.o [1]
ek_delay                0x0095cc   0x21  Code  Gb  ek_tim.o [1]
ek_delay_counter        0x009676   0x19  Code  Gb  ek_tim.o [1]
ek_delay_tick           0x00009d    0x4  Data  Gb  ek_tim.o [1]
ek_gpio_init            0x0091f0   0x44  Code  Gb  ek_gpio.o [1]
ek_soft_timer           0x009111   0x50  Code  Gb  ek_tim.o [1]
ek_sys_clk_init         0x0098b9    0x8  Code  Gb  ek_clk.o [1]
ek_sys_tim_init         0x009561   0x24  Code  Gb  ek_tim.o [1]
ek_uart_init            0x0095a9   0x23  Code  Gb  ek_uart.o [1]
ek_uart_read_byte       0x0094e7   0x2a  Code  Gb  ek_uart.o [1]
ek_uart_rx_isr          0x009585   0x24  Code  Gb  ek_uart.o [1]
es1642_app_init         0x00980a    0xc  Code  Gb  es1642_port_stm8.o [1]
es1642_app_poll         0x0096da   0x18  Code  Gb  es1642_port_stm8.o [1]
es1642_calc_checksum    0x0092b0   0x3b  Code  Lc  es1642.o [1]
es1642_get_le16         0x009777   0x15  Code  Lc  es1642.o [1]
es1642_uart_rx_irq_handler
                        0x009958    0x3  Code  Gb  es1642_port_stm8.o [1]
exit                    0x009961    0x3  Code  Gb  exit.o [4]
g_es1642                0x000012   0x4b  Data  Lc  es1642_port_stm8.o [1]
g_input_vol             0x0000a9    0x2  Data  Gb  heater_ctrl.o [1]
g_master_cmd            0x000010    0x1  Data  Gb  heater_ctrl.o [1]
g_state                 0x000011    0x1  Data  Gb  heater_ctrl.o [1]
g_temperature           0x0000af    0x1  Data  Gb  heater_ctrl.o [1]
heater_close            0x008519   0x45  Code  Gb  heater_ctrl.o [1]
heater_ctrl_init        0x0095ff   0x1f  Code  Gb  heater_ctrl.o [1]
heater_delay_seconds    0x009403   0x31  Code  Gb  heater_ctrl.o [1]
heater_get_input_vol    0x008488   0x3a  Code  Gb  heater_ctrl.o [1]
heater_get_relay_state  0x008406    0xc  Code  Gb  heater_ctrl.o [1]
heater_get_temperature  0x008412   0x76  Code  Gb  heater_ctrl.o [1]
heater_open             0x0084c2   0x57  Code  Gb  heater_ctrl.o [1]
heater_process          0x0086f0  0x13b  Code  Gb  heater_ctrl.o [1]
main                    0x0090bc   0x55  Code  Gb  main.o [1]
memset                  0x009761   0x16  Code  Gb  memset.o [4]
s_abnormal_flag         0x0000b0    0x1  Data  Lc  heater_ctrl.o [1]
s_normal_cnt            0x0000ab    0x2  Data  Lc  heater_ctrl.o [1]
s_rx_fifo               0x00005d   0x40  Data  Lc  ek_uart.o [1]
s_rx_r                  0x0000ae    0x1  Data  Lc  ek_uart.o [1]
s_rx_w                  0x0000ad    0x1  Data  Lc  ek_uart.o [1]
sec_time                0x0000a5    0x4  Data  Gb  ek_tim.o [1]
tick_10ms               0x0000a1    0x4  Data  Gb  ek_tim.o [1]


[1] = F:\Cubemx_Project\STM8XB\stm8s003f3p6_template_led_and_printf\EWSTM8\STM8S003F3\Obj
[2] = command line
[3] = dbgstm8smd.a
[4] = dlstm8smn.a

  5 630 bytes of readonly  code memory
    896 bytes of readonly  data memory
    433 bytes of readwrite data memory

Errors: none
Warnings: none
