###############################################################################
#
# IAR ELF Linker V3.11.1.207 for STM8                     08/May/2026  10:02:36
# Copyright 2010-2019 IAR Systems AB.
#
#    Output file  =  
#        F:\Cubemx_Project\STM8XB\stm8s003f3p6_template_led_and_printf\EWSTM8\STM8S003F3\Exe\ek_stm8_template.out
#    Map file     =  
#        F:\Cubemx_Project\STM8XB\stm8s003f3p6_template_led_and_printf\EWSTM8\STM8S003F3\List\ek_stm8_template.map
#    Command line =  
#        -f C:\Users\AUSU\AppData\Local\Temp\EW6FBC.tmp
#        (F:\Cubemx_Project\STM8XB\stm8s003f3p6_template_led_and_printf\EWSTM8\STM8S003F3\Obj\ek_clk.o
#        F:\Cubemx_Project\STM8XB\stm8s003f3p6_template_led_and_printf\EWSTM8\STM8S003F3\Obj\ek_gpio.o
#        F:\Cubemx_Project\STM8XB\stm8s003f3p6_template_led_and_printf\EWSTM8\STM8S003F3\Obj\ek_tim.o
#        F:\Cubemx_Project\STM8XB\stm8s003f3p6_template_led_and_printf\EWSTM8\STM8S003F3\Obj\ek_uart.o
#        F:\Cubemx_Project\STM8XB\stm8s003f3p6_template_led_and_printf\EWSTM8\STM8S003F3\Obj\es1642.o
#        F:\Cubemx_Project\STM8XB\stm8s003f3p6_template_led_and_printf\EWSTM8\STM8S003F3\Obj\es1642_port_stm8.o
#        F:\Cubemx_Project\STM8XB\stm8s003f3p6_template_led_and_printf\EWSTM8\STM8S003F3\Obj\heater_ctrl.o
#        F:\Cubemx_Project\STM8XB\stm8s003f3p6_template_led_and_printf\EWSTM8\STM8S003F3\Obj\main.o
#        F:\Cubemx_Project\STM8XB\stm8s003f3p6_template_led_and_printf\EWSTM8\STM8S003F3\Obj\stm8s_adc1.o
#        F:\Cubemx_Project\STM8XB\stm8s003f3p6_template_led_and_printf\EWSTM8\STM8S003F3\Obj\stm8s_clk.o
#        F:\Cubemx_Project\STM8XB\stm8s003f3p6_template_led_and_printf\EWSTM8\STM8S003F3\Obj\stm8s_gpio.o
#        F:\Cubemx_Project\STM8XB\stm8s003f3p6_template_led_and_printf\EWSTM8\STM8S003F3\Obj\stm8s_it.o
#        F:\Cubemx_Project\STM8XB\stm8s003f3p6_template_led_and_printf\EWSTM8\STM8S003F3\Obj\stm8s_itc.o
#        F:\Cubemx_Project\STM8XB\stm8s003f3p6_template_led_and_printf\EWSTM8\STM8S003F3\Obj\stm8s_iwdg.o
#        F:\Cubemx_Project\STM8XB\stm8s003f3p6_template_led_and_printf\EWSTM8\STM8S003F3\Obj\stm8s_tim2.o
#        F:\Cubemx_Project\STM8XB\stm8s003f3p6_template_led_and_printf\EWSTM8\STM8S003F3\Obj\stm8s_uart1.o
#        --redirect _Printf=_PrintfSmall --redirect _Scanf=_ScanfSmall
#        --no_out_extension -o
#        F:\Cubemx_Project\STM8XB\stm8s003f3p6_template_led_and_printf\EWSTM8\STM8S003F3\Exe\ek_stm8_template.out
#        --map
#        F:\Cubemx_Project\STM8XB\stm8s003f3p6_template_led_and_printf\EWSTM8\STM8S003F3\List\ek_stm8_template.map
#        --config E:\IARSTM8\stm8\config\lnkstm8s003f3.icf --config_def
#        _CSTACK_SIZE=0x100 --config_def _HEAP_SIZE=0x100 --entry
#        __iar_program_start --debug_lib)
#
###############################################################################

*******************************************************************************
*** RUNTIME MODEL ATTRIBUTES
***

__SystemLibrary            = DLib
__code_model               = small
__core                     = stm8
__data_model               = medium
__dlib_file_descriptor     = 0
__dlib_full_locale_support = 0
__rt_version               = 4


*******************************************************************************
*** PLACEMENT SUMMARY
***

"A0":  place at start of [0x000000-0x0000ff] { rw section .vregs };
"A1":  place at end of [0x000000-0x0003ff] { block CSTACK };
"P2":  place in [from 0x000000 to 0x0003ff] {
          block HEAP, rw section __DLIB_PERTHREAD, rw section .far.bss,
          rw section .far.data, rw section .far.noinit,
          rw section .far_func.textrw, rw section .huge.bss,
          rw section .huge.data, rw section .huge.noinit,
          rw section .huge_func.textrw, rw section .iar.dynexit,
          rw section .near.bss, rw section .near.data, rw section .near.noinit,
          rw section .near_func.textrw };
"A2":  place at start of [0x008000-0x009fff] { block INTVEC };
"P3":  place in [from 0x008000 to 0x009fff] {
          ro section __DLIB_PERTHREAD_init, ro section .far.data_init,
          ro section .far_func.textrw_init, ro section .huge.data_init,
          ro section .huge_func.textrw_init, ro section .iar.init_table,
          ro section .init_array, ro section .near.data_init,
          ro section .near.rodata, ro section .near_func.text,
          ro section .near_func.textrw_init, ro section .tiny.data_init,
          ro section .tiny.rodata_init };
"P4":  place in [from 0x008000 to 0x009fff] {
          ro section .far.rodata, ro section .far_func.text };
"P5":  place in [from 0x008000 to 0x009fff] {
          ro section .huge.rodata, ro section .huge_func.text };
do not initialize {
   rw section .eeprom.noinit, rw section .far.noinit, rw section .huge.noinit,
   rw section .near.noinit, rw section .tiny.noinit, rw section .vregs };
initialize by copy {
   rw section .far.bss, rw section .far.data, rw section .far_func.textrw,
   rw section .huge.bss, rw section .huge.data, rw section .huge_func.textrw,
   rw section .iar.dynexit, rw section .near.bss, rw section .near.data,
   rw section .near_func.textrw, rw section .tiny.bss, rw section .tiny.data,
   ro section .tiny.rodata };

No sections matched the following patterns:

  ro section .far.data_init          in "P3-P5"
  ro section .far.rodata             in "P3-P5"
  ro section .far_func.text          in "P3-P5"
  ro section .far_func.textrw_init   in "P3-P5"
  ro section .huge.data_init         in "P3-P5"
  ro section .huge.rodata            in "P3-P5"
  ro section .huge_func.text         in "P3-P5"
  ro section .huge_func.textrw_init  in "P3-P5"
  ro section .iar.init_table         in "P3-P5"
  ro section .init_array             in "P3-P5"
  ro section .near_func.textrw_init  in "P3-P5"
  ro section .tiny.data_init         in "P3-P5"
  ro section .tiny.rodata_init       in "P3-P5"
  ro section __DLIB_PERTHREAD_init   in "P3-P5"
  rw section .far.bss                in "P2"
  rw section .far.data               in "P2"
  rw section .far.noinit             in "P2"
  rw section .far_func.textrw        in "P2"
  rw section .huge.bss               in "P2"
  rw section .huge.data              in "P2"
  rw section .huge.noinit            in "P2"
  rw section .huge_func.textrw       in "P2"
  rw section .iar.dynexit            in "P2"
  rw section .near.noinit            in "P2"
  rw section .near_func.textrw       in "P2"
  rw section .tiny.bss               in "P1"
  rw section .tiny.data              in "P1"
  rw section .tiny.noinit            in "P1"
  rw section .tiny.rodata            in "P1"
  rw section __DLIB_PERTHREAD        in "P2"
  section .eeprom.data               in "P6-P8"
  section .eeprom.noinit             in "P6-P8"
  section .eeprom.rodata             in "P6-P8"


  Section            Kind      Address    Size  Object
  -------            ----      -------    ----  ------
"A0":                                     0x10
  .vregs             uninit   0x000000    0x10  vregs.o [4]
                            - 0x000010    0x10

"P2", part 1 of 2:                         0x2
  P2-1                        0x000010     0x2  <Init block>
    .near.data       inited   0x000010     0x2  heater_ctrl.o [1]
                            - 0x000012     0x2

"P2", part 2 of 2:                        0xac
  .near.bss          zero     0x000012    0x40  ek_uart.o [1]
  .near.bss          zero     0x000052    0x33  es1642_port_stm8.o [1]
  .near.bss          zero     0x000085    0x11  es1642_port_stm8.o [1]
  .near.bss          zero     0x000096     0xc  es1642_port_stm8.o [1]
  .near.bss          zero     0x0000a2     0x6  es1642_port_stm8.o [1]
  .near.bss          zero     0x0000a8     0x4  ek_tim.o [1]
  .near.bss          zero     0x0000ac     0x4  ek_tim.o [1]
  .near.bss          zero     0x0000b0     0x2  heater_ctrl.o [1]
  .near.bss          zero     0x0000b2     0x2  heater_ctrl.o [1]
  .near.bss          zero     0x0000b4     0x1  ek_uart.o [1]
  .near.bss          zero     0x0000b5     0x1  ek_uart.o [1]
  .near.bss          zero     0x0000b6     0x1  heater_ctrl.o [1]
  .near.bss          zero     0x0000b7     0x1  heater_ctrl.o [1]
  .near.bss          zero     0x0000b8     0x1  heater_ctrl.o [1]
  .near.bss          zero     0x0000b9     0x1  heater_ctrl.o [1]
  .near.bss          zero     0x0000ba     0x1  heater_ctrl.o [1]
  .near.bss          zero     0x0000bb     0x1  heater_ctrl.o [1]
  .near.bss          zero     0x0000bc     0x1  heater_ctrl.o [1]
  .near.bss          zero     0x0000bd     0x1  heater_ctrl.o [1]
                            - 0x0000be    0xac

"A1":                                    0x100
  CSTACK                      0x000300   0x100  <Block>
    CSTACK           uninit   0x000300   0x100  <Block tail>
                            - 0x000400   0x100

"A2":                                     0x80
  INTVEC                      0x008000    0x80  <Block>
    .intvec          const    0x008000    0x80  interrupt.o [4]
                            - 0x008080    0x80

"P3-P5":                                0x1f7b
  .near_func.text    ro code  0x008080   0x451  es1642.o [1]
  .near_func.text    ro code  0x0084d1   0x207  heater_ctrl.o [1]
  .near_func.text    ro code  0x0086d8   0x1b6  stm8s_uart1.o [1]
  .near_func.text    ro code  0x00888e   0x1b1  long.o [4]
  .near_func.text    ro code  0x008a3f   0x149  vreg_util.o [4]
  .near_func.text    ro code  0x008b88   0x13b  es1642_port_stm8.o [1]
  .near_func.text    ro code  0x008cc3   0x124  stm8s_adc1.o [1]
  .near_func.text    ro code  0x008de7    0xb8  heater_ctrl.o [1]
  .near_func.text    ro code  0x008e9f    0xb0  stm8s_adc1.o [1]
  .near_func.text    ro code  0x008f4f    0xad  stm8s_gpio.o [1]
  .near_func.text    ro code  0x008ffc    0x97  es1642.o [1]
  .near_func.text    ro code  0x009093    0x95  stm8s_uart1.o [1]
  .near_func.text    ro code  0x009128    0x8a  stm8s_adc1.o [1]
  .near_func.text    ro code  0x0091b2    0x74  stm8s_adc1.o [1]
  .near.rodata       const    0x009226    0x71  stm8s_uart1.o [1]
  .near.rodata       const    0x009297    0x70  stm8s_adc1.o [1]
  .near.rodata       const    0x009307    0x70  stm8s_gpio.o [1]
  .near.rodata       const    0x009377    0x70  stm8s_iwdg.o [1]
  .near.rodata       const    0x0093e7    0x70  stm8s_tim2.o [1]
  .near_func.text    ro code  0x009457    0x70  stm8s_adc1.o [1]
  .near.rodata       const    0x0094c7    0x6f  stm8s_clk.o [1]
  .near_func.text    ro code  0x009536    0x65  heater_ctrl.o [1]
  .near_func.text    ro code  0x00959b    0x64  es1642.o [1]
  .near_func.text    ro code  0x0095ff    0x63  stm8s_uart1.o [1]
  .near_func.text    ro code  0x009662    0x55  main.o [1]
  .near_func.text    ro code  0x0096b7    0x4f  stm8s_tim2.o [1]
  .near.rodata       const    0x009706    0x48  heater_ctrl.o [1]
  .near_func.text    ro code  0x00974e    0x47  long_util.o [4]
  .near_func.text    ro code  0x009795    0x45  short.o [4]
  .near_func.text    ro code  0x0097da    0x44  ek_gpio.o [1]
  .near_func.text    ro code  0x00981e    0x3f  es1642.o [1]
  .near_func.text    ro code  0x00985d    0x3f  stm8s_adc1.o [1]
  .near_func.text    ro code  0x00989c    0x3d  stm8s_adc1.o [1]
  .near_func.text    ro code  0x0098d9    0x3b  stm8s_clk.o [1]
  .near_func.text    ro code  0x009914    0x3a  dc_util.o [4]
  .near_func.text    ro code  0x00994e    0x39  stm8s_adc1.o [1]
  .near_func.text    ro code  0x009987    0x37  stm8s_tim2.o [1]
  .near_func.text    ro code  0x0099be    0x36  stm8s_clk.o [1]
  .near_func.text    ro code  0x0099f4    0x34  heater_ctrl.o [1]
  .near_func.text    ro code  0x009a28    0x2f  stm8s_iwdg.o [1]
  .near_func.text    ro code  0x009a57    0x2e  es1642_port_stm8.o [1]
  .near_func.text    ro code  0x009a85    0x2c  ek_uart.o [1]
  .near_func.text    ro code  0x009ab1    0x2c  es1642.o [1]
  .near_func.text    ro code  0x009add    0x2b  stm8s_uart1.o [1]
  .near_func.text    ro code  0x009b08    0x2a  ek_uart.o [1]
  .near_func.text    ro code  0x009b32    0x28  ek_tim.o [1]
  .near_func.text    ro code  0x009b5a    0x28  stm8s_clk.o [1]
  .near_func.text    ro code  0x009b82    0x28  init_small.o [4]
  .near_func.text    ro code  0x009baa    0x24  ek_uart.o [1]
  .near_func.text    ro code  0x009bce    0x24  stm8s_tim2.o [1]
  .near_func.text    ro code  0x009bf2    0x23  ek_tim.o [1]
  .near_func.text    ro code  0x009c15    0x23  ek_uart.o [1]
  .near_func.text    ro code  0x009c38    0x21  es1642_port_stm8.o [1]
  .iar.init_table    const    0x009c59    0x12  - Linker created -
  .near_func.text    ro code  0x009c6b    0x1f  heater_ctrl.o [1]
  .near_func.text    ro code  0x009c8a    0x1f  memcpy.o [4]
  .near_func.text    ro code  0x009ca9    0x1e  stm8s_it.o [1]
  .near_func.text    ro code  0x009cc7    0x1e  init_small.o [4]
  .near_func.text    ro code  0x009ce5    0x1c  stm8s_iwdg.o [1]
  .near_func.text    ro code  0x009d01    0x1c  stm8s_tim2.o [1]
  .near_func.text    ro code  0x009d1d    0x19  ek_tim.o [1]
  .near_func.text    ro code  0x009d36    0x18  es1642_port_stm8.o [1]
  .near_func.text    ro code  0x009d4e    0x17  ek_gpio.o [1]
  .near_func.text    ro code  0x009d65    0x16  stm8s_adc1.o [1]
  .near_func.text    ro code  0x009d7b    0x16  stm8s_it.o [1]
  .near_func.text    ro code  0x009d91    0x16  stm8s_tim2.o [1]
  .near_func.text    ro code  0x009da7    0x16  stm8s_tim2.o [1]
  .near_func.text    ro code  0x009dbd    0x16  memset.o [4]
  .near_func.text    ro code  0x009dd3    0x14  init.o [4]
  .near_func.text    ro code  0x009de7    0x14  __dbg_xxexit.o [3]
  .near_func.text    ro code  0x009dfb    0x13  cstartup.o [4]
  .near_func.text    ro code  0x009e0e    0x11  ek_gpio.o [1]
  .near_func.text    ro code  0x009e1f    0x11  ek_gpio.o [1]
  .near_func.text    ro code  0x009e30    0x10  es1642.o [1]
  .near_func.text    ro code  0x009e40     0xe  es1642_port_stm8.o [1]
  .near_func.text    ro code  0x009e4e     0xd  heater_ctrl.o [1]
  .near_func.text    ro code  0x009e5b     0xd  move.o [4]
  .near_func.text    ro code  0x009e68     0xb  stm8s_adc1.o [1]
  .near_func.text    ro code  0x009e73     0xb  stm8s_adc1.o [1]
  .near_func.text    ro code  0x009e7e     0xb  stm8s_adc1.o [1]
  .near_func.text    ro code  0x009e89     0xb  stm8s_clk.o [1]
  .near_func.text    ro code  0x009e94     0xb  stm8s_gpio.o [1]
  .near_func.text    ro code  0x009e9f     0xb  stm8s_iwdg.o [1]
  .near_func.text    ro code  0x009eaa     0xb  stm8s_tim2.o [1]
  .near_func.text    ro code  0x009eb5     0xb  stm8s_uart1.o [1]
  .near_func.text    ro code  0x009ec0     0x9  ek_tim.o [1]
  .near_func.text    ro code  0x009ec9     0x9  ek_uart.o [1]
  .near_func.text    ro code  0x009ed2     0x9  es1642.o [1]
  .near_func.text    ro code  0x009edb     0x9  es1642.o [1]
  .near_func.text    ro code  0x009ee4     0x9  stm8s_adc1.o [1]
  .near_func.text    ro code  0x009eed     0x9  stm8s_adc1.o [1]
  .near_func.text    ro code  0x009ef6     0x9  stm8s_adc1.o [1]
  .near_func.text    ro code  0x009eff     0x9  stm8s_clk.o [1]
  .near_func.text    ro code  0x009f08     0x9  stm8s_tim2.o [1]
  .near_func.text    ro code  0x009f11     0x9  stm8s_tim2.o [1]
  .near_func.text    ro code  0x009f1a     0x9  stm8s_uart1.o [1]
  .near_func.text    ro code  0x009f23     0x8  ek_clk.o [1]
  .near_func.text    ro code  0x009f2b     0x8  ek_gpio.o [1]
  .near_func.text    ro code  0x009f33     0x8  heater_ctrl.o [1]
  .near_func.text    ro code  0x009f3b     0x8  stm8s_adc1.o [1]
  .near_func.text    ro code  0x009f43     0x8  stm8s_uart1.o [1]
  .near_func.text    ro code  0x009f4b     0x8  stm8s_uart1.o [1]
  .near_func.text    ro code  0x009f53     0x7  es1642.o [1]
  .near_func.text    ro code  0x009f5a     0x7  stm8s_adc1.o [1]
  .near_func.text    ro code  0x009f61     0x7  stm8s_adc1.o [1]
  .near_func.text    ro code  0x009f68     0x7  stm8s_gpio.o [1]
  .near_func.text    ro code  0x009f6f     0x7  stm8s_gpio.o [1]
  .near_func.text    ro code  0x009f76     0x7  stm8s_tim2.o [1]
  .near_func.text    ro code  0x009f7d     0x6  ek_gpio.o [1]
  .near_func.text    ro code  0x009f83     0x6  ek_gpio.o [1]
  .near_func.text    ro code  0x009f89     0x6  es1642.o [1]
  .near_func.text    ro code  0x009f8f     0x6  heater_ctrl.o [1]
  .near_func.text    ro code  0x009f95     0x6  heater_ctrl.o [1]
  .near_func.text    ro code  0x009f9b     0x6  stm8s_uart1.o [1]
  .near_func.text    ro code  0x009fa1     0x5  stm8s_iwdg.o [1]
  .near_func.text    ro code  0x009fa6     0x5  stm8s_iwdg.o [1]
  .near_func.text    ro code  0x009fab     0x5  cexit.o [4]
  .near.rodata       const    0x009fb0     0x4  stm8s_clk.o [1]
  .near_func.text    ro code  0x009fb4     0x4  heater_ctrl.o [1]
  .near_func.text    ro code  0x009fb8     0x4  stm8s_gpio.o [1]
  .near_func.text    ro code  0x009fbc     0x4  stm8s_iwdg.o [1]
  .near_func.text    ro code  0x009fc0     0x4  stm8s_uart1.o [1]
  .near_func.text    ro code  0x009fc4     0x4  stm8s_uart1.o [1]
  .near.rodata       const    0x009fc8     0x3  es1642_port_stm8.o [1]
  .near.rodata       const    0x009fcb     0x3  es1642_port_stm8.o [1]
  .near.rodata       const    0x009fce     0x3  es1642_port_stm8.o [1]
  .near.rodata       const    0x009fd1     0x3  es1642_port_stm8.o [1]
  .near_func.text    ro code  0x009fd4     0x3  es1642_port_stm8.o [1]
  .near_func.text    ro code  0x009fd7     0x3  interrupt.o [4]
  .near_func.text    ro code  0x009fda     0x3  low_level_init.o [4]
  .near_func.text    ro code  0x009fdd     0x3  exit.o [4]
  .near_func.text    ro code  0x009fe0     0x3  unhandled_exception.o [4]
  .near_func.text    ro code  0x009fe3     0x2  main.o [1]
  Initializer bytes  const    0x009fe5     0x2  <for P2-1>
  .near_func.text    ro code  0x009fe7     0x1  ek_tim.o [1]
  .near_func.text    ro code  0x009fe8     0x1  stm8s_it.o [1]
  .near_func.text    ro code  0x009fe9     0x1  stm8s_it.o [1]
  .near_func.text    ro code  0x009fea     0x1  stm8s_it.o [1]
  .near_func.text    ro code  0x009feb     0x1  stm8s_it.o [1]
  .near_func.text    ro code  0x009fec     0x1  stm8s_it.o [1]
  .near_func.text    ro code  0x009fed     0x1  stm8s_it.o [1]
  .near_func.text    ro code  0x009fee     0x1  stm8s_it.o [1]
  .near_func.text    ro code  0x009fef     0x1  stm8s_it.o [1]
  .near_func.text    ro code  0x009ff0     0x1  stm8s_it.o [1]
  .near_func.text    ro code  0x009ff1     0x1  stm8s_it.o [1]
  .near_func.text    ro code  0x009ff2     0x1  stm8s_it.o [1]
  .near_func.text    ro code  0x009ff3     0x1  stm8s_it.o [1]
  .near_func.text    ro code  0x009ff4     0x1  stm8s_it.o [1]
  .near_func.text    ro code  0x009ff5     0x1  stm8s_it.o [1]
  .near_func.text    ro code  0x009ff6     0x1  stm8s_it.o [1]
  .near_func.text    ro code  0x009ff7     0x1  stm8s_it.o [1]
  .near_func.text    ro code  0x009ff8     0x1  stm8s_it.o [1]
  .near_func.text    ro code  0x009ff9     0x1  stm8s_it.o [1]
  .near_func.text    ro code  0x009ffa     0x1  __dbg_break.o [3]
                            - 0x009ffb  0x1f7b


*******************************************************************************
*** INIT TABLE
***

          Address   Size
          -------   ----
Zero (__iar_zero_init2)
    1 destination range, total size 0xac:
          0x000012  0xac

Copy (__iar_copy_init2)
    1 source range, total size 0x2:
          0x009fe5   0x2
    1 destination range, total size 0x2:
          0x000010   0x2



*******************************************************************************
*** MODULE SUMMARY
***

    Module                 ro code  ro data  rw data
    ------                 -------  -------  -------
F:\Cubemx_Project\STM8XB\stm8s003f3p6_template_led_and_printf\EWSTM8\STM8S003F3\Obj: [1]
    ek_clk.o                     8
    ek_gpio.o                  145
    ek_tim.o                   110                 8
    ek_uart.o                  166                66
    es1642.o                 1 510
    es1642_port_stm8.o         435       12       86
    heater_ctrl.o              924       74       14
    main.o                      87
    stm8s_adc1.o             1 119      112
    stm8s_clk.o                173      115
    stm8s_gpio.o               202      112
    stm8s_it.o                  70
    stm8s_iwdg.o               100      112
    stm8s_tim2.o               278      112
    stm8s_uart1.o              779      113
    ------------------------------------------------
    Total:                   6 106      762      174

command line: [2]
    ------------------------------------------------
    Total:

dbgstm8smd.a: [3]
    __dbg_break.o                1
    __dbg_xxexit.o              20
    ------------------------------------------------
    Total:                      21

dlstm8smn.a: [4]
    cexit.o                      5
    cstartup.o                  19
    dc_util.o                   58
    exit.o                       3
    init.o                      20
    init_small.o                70
    interrupt.o                  3      128
    long.o                     433
    long_util.o                 71
    low_level_init.o             3
    memcpy.o                    31
    memset.o                    22
    move.o                      13
    short.o                     69
    unhandled_exception.o        3
    vreg_util.o                329
    vregs.o                                       16
    ------------------------------------------------
    Total:                   1 152      128       16

    Linker created                       18      256
----------------------------------------------------
    Grand Total:             7 279      908      446


*******************************************************************************
*** ENTRY LIST
***

Entry                    Address   Size  Type      Object
-----                    -------   ----  ----      ------
.iar.init_table$$Base   0x009c59          --   Gb  - Linker created -
.iar.init_table$$Limit  0x009c6b          --   Gb  - Linker created -
?add32_l0_l0_0x         0x0088bd         Code  Gb  long.o [4]
?add32_l0_l0_l1         0x0088ba         Code  Gb  long.o [4]
?and16_x_x_dw           0x0097ae         Code  Gb  short.o [4]
?and16_x_x_w0           0x0097b1         Code  Gb  short.o [4]
?b0                     0x000000         Data  Gb  vregs.o [4]
?b1                     0x000001         Data  Gb  vregs.o [4]
?b10                    0x00000a         Data  Gb  vregs.o [4]
?b11                    0x00000b         Data  Gb  vregs.o [4]
?b12                    0x00000c         Data  Gb  vregs.o [4]
?b13                    0x00000d         Data  Gb  vregs.o [4]
?b14                    0x00000e         Data  Gb  vregs.o [4]
?b15                    0x00000f         Data  Gb  vregs.o [4]
?b2                     0x000002         Data  Gb  vregs.o [4]
?b3                     0x000003         Data  Gb  vregs.o [4]
?b4                     0x000004         Data  Gb  vregs.o [4]
?b5                     0x000005         Data  Gb  vregs.o [4]
?b6                     0x000006         Data  Gb  vregs.o [4]
?b7                     0x000007         Data  Gb  vregs.o [4]
?b8                     0x000008         Data  Gb  vregs.o [4]
?b9                     0x000009         Data  Gb  vregs.o [4]
?dc16_w0                0x00991b         Code  Gb  dc_util.o [4]
?dc32_l0                0x009929         Code  Gb  dc_util.o [4]
?dc32_l1                0x009936         Code  Gb  dc_util.o [4]
?dc32_px                0x009943         Code  Gb  dc_util.o [4]
?dc8_px                 0x009914         Code  Gb  dc_util.o [4]
?dec32_0x_0x            0x0088a6         Code  Gb  long.o [4]
?dec32_l0_l0            0x0088a1         Code  Gb  long.o [4]
?e0                     0x000001         Data  Gb  vregs.o [4]
?e1                     0x000005         Data  Gb  vregs.o [4]
?e2                     0x000009         Data  Gb  vregs.o [4]
?e3                     0x00000d         Data  Gb  vregs.o [4]
?epilogue_l2            0x008ae6         Code  Gb  vreg_util.o [4]
?epilogue_l2_l3         0x008ae3         Code  Gb  vreg_util.o [4]
?epilogue_l2_w6         0x008aea         Code  Gb  vreg_util.o [4]
?epilogue_w4            0x008af1         Code  Gb  vreg_util.o [4]
?inc32_0x_0x            0x008893         Code  Gb  long.o [4]
?inc32_l0_l0            0x00888e         Code  Gb  long.o [4]
?l0                     0x000000         Data  Gb  vregs.o [4]
?l1                     0x000004         Data  Gb  vregs.o [4]
?l2                     0x000008         Data  Gb  vregs.o [4]
?l3                     0x00000c         Data  Gb  vregs.o [4]
?load32_0x_l0           0x009787         Code  Gb  long_util.o [4]
?load32_asp_l0          0x00977b         Code  Gb  long_util.o [4]
?load32_dbsp_l0         0x009776         Code  Gb  long_util.o [4]
?load32_l0_0x           0x00975e         Code  Gb  long_util.o [4]
?load32_l0_asp          0x009753         Code  Gb  long_util.o [4]
?load32_l0_dbsp         0x00974e         Code  Gb  long_util.o [4]
?load32_l0_xsp          0x009755         Code  Gb  long_util.o [4]
?load32_l1_0x           0x00976a         Code  Gb  long_util.o [4]
?load32_xsp_l0          0x00977d         Code  Gb  long_util.o [4]
?mov_e0_e2              0x008b30         Code  Gb  vreg_util.o [4]
?mov_e0_e3              0x008b3d         Code  Gb  vreg_util.o [4]
?mov_e1_e0              0x008b4a         Code  Gb  vreg_util.o [4]
?mov_e1_e2              0x008b57         Code  Gb  vreg_util.o [4]
?mov_e1_e3              0x008b64         Code  Gb  vreg_util.o [4]
?mov_e2_e0              0x008b71         Code  Gb  vreg_util.o [4]
?mov_e3_e0              0x008b7e         Code  Gb  vreg_util.o [4]
?mov_l0_l2              0x008b2d         Code  Gb  vreg_util.o [4]
?mov_l0_l3              0x008b3a         Code  Gb  vreg_util.o [4]
?mov_l1_l0              0x008b47         Code  Gb  vreg_util.o [4]
?mov_l1_l2              0x008b54         Code  Gb  vreg_util.o [4]
?mov_l1_l3              0x008b61         Code  Gb  vreg_util.o [4]
?mov_l2_l0              0x008b6e         Code  Gb  vreg_util.o [4]
?mov_l3_l0              0x008b7b         Code  Gb  vreg_util.o [4]
?mov_w0_w4              0x008af5         Code  Gb  vreg_util.o [4]
?mov_w0_w7              0x008afc         Code  Gb  vreg_util.o [4]
?mov_w1_w5              0x008b33         Code  Gb  vreg_util.o [4]
?mov_w1_w7              0x008b40         Code  Gb  vreg_util.o [4]
?mov_w2_w1              0x008b03         Code  Gb  vreg_util.o [4]
?mov_w2_w6              0x008b0a         Code  Gb  vreg_util.o [4]
?mov_w3_w1              0x008b4d         Code  Gb  vreg_util.o [4]
?mov_w3_w5              0x008b5a         Code  Gb  vreg_util.o [4]
?mov_w3_w7              0x008b67         Code  Gb  vreg_util.o [4]
?mov_w4_w0              0x008b11         Code  Gb  vreg_util.o [4]
?mov_w4_w1              0x008b18         Code  Gb  vreg_util.o [4]
?mov_w5_w1              0x008b74         Code  Gb  vreg_util.o [4]
?mov_w6_w1              0x008b1f         Code  Gb  vreg_util.o [4]
?mov_w7_w0              0x008b26         Code  Gb  vreg_util.o [4]
?mov_w7_w1              0x008b81         Code  Gb  vreg_util.o [4]
?move1616_v_x_y_a       0x009e5b         Code  Gb  move.o [4]
?mul32_l0_l0_0x         0x0088f3         Code  Gb  long.o [4]
?mul32_l0_l0_dl         0x0088f0         Code  Gb  long.o [4]
?mul32_l0_l0_l1         0x0088fc         Code  Gb  long.o [4]
?or32_l0_l0_0x          0x0089fd         Code  Gb  long.o [4]
?or32_l0_l0_l1          0x0089fa         Code  Gb  long.o [4]
?pop_l0                 0x008aaf         Code  Gb  vreg_util.o [4]
?pop_l1                 0x008aba         Code  Gb  vreg_util.o [4]
?pop_l2                 0x008ac5         Code  Gb  vreg_util.o [4]
?pop_l3                 0x008ad0         Code  Gb  vreg_util.o [4]
?pop_w4                 0x008a61         Code  Gb  vreg_util.o [4]
?pop_w6                 0x008a68         Code  Gb  vreg_util.o [4]
?pop_w7                 0x008a6f         Code  Gb  vreg_util.o [4]
?push_l0                0x008a7e         Code  Gb  vreg_util.o [4]
?push_l1                0x008a83         Code  Gb  vreg_util.o [4]
?push_l2                0x008a88         Code  Gb  vreg_util.o [4]
?push_l3                0x008a8d         Code  Gb  vreg_util.o [4]
?push_w4                0x008a3f         Code  Gb  vreg_util.o [4]
?push_w6                0x008a44         Code  Gb  vreg_util.o [4]
?push_w7                0x008a49         Code  Gb  vreg_util.o [4]
?sdiv16_x_x_y           0x009795         Code  Gb  short.o [4]
?sext16_x_a             0x0097d3         Code  Gb  short.o [4]
?sll16_x_x_10           0x0097c3         Code  Gb  short.o [4]
?sll16_x_x_11           0x0097c2         Code  Gb  short.o [4]
?sll16_x_x_12           0x0097c1         Code  Gb  short.o [4]
?sll16_x_x_4            0x0097c9         Code  Gb  short.o [4]
?sll16_x_x_5            0x0097c8         Code  Gb  short.o [4]
?sll16_x_x_6            0x0097c7         Code  Gb  short.o [4]
?sll16_x_x_7            0x0097c6         Code  Gb  short.o [4]
?sll16_x_x_8            0x0097c5         Code  Gb  short.o [4]
?sll16_x_x_9            0x0097c4         Code  Gb  short.o [4]
?sll16_x_x_a            0x0097b9         Code  Gb  short.o [4]
?sll32_0x_0x_a          0x008a1c         Code  Gb  long.o [4]
?sll32_l0_l0_a          0x008a19         Code  Gb  long.o [4]
?sll32_l0_l0_db         0x008a15         Code  Gb  long.o [4]
?srl16_x_x_4            0x0097ce         Code  Gb  short.o [4]
?srl32_0x_0x_a          0x008a31         Code  Gb  long.o [4]
?srl32_l0_l0_a          0x008a2e         Code  Gb  long.o [4]
?srl32_l0_l0_db         0x008a2a         Code  Gb  long.o [4]
?sub32_l0_l0_0x         0x0088d8         Code  Gb  long.o [4]
?sub32_l0_l0_l1         0x0088d5         Code  Gb  long.o [4]
?ucmp32_c_l0_l1         0x0089ef         Code  Gb  long.o [4]
?udiv32_l0_dl_l1        0x00897a         Code  Gb  long.o [4]
?udiv32_l0_l0_dl        0x00897f         Code  Gb  long.o [4]
?udiv32_l0_l0_l1        0x008982         Code  Gb  long.o [4]
?umod32_l1_l0_l1        0x008982         Code  Gb  long.o [4]
?w0                     0x000000         Data  Gb  vregs.o [4]
?w1                     0x000002         Data  Gb  vregs.o [4]
?w2                     0x000004         Data  Gb  vregs.o [4]
?w3                     0x000006         Data  Gb  vregs.o [4]
?w4                     0x000008         Data  Gb  vregs.o [4]
?w5                     0x00000a         Data  Gb  vregs.o [4]
?w6                     0x00000c         Data  Gb  vregs.o [4]
?w7                     0x00000e         Data  Gb  vregs.o [4]
ADC1_ClearFlag          0x0091b2   0x74  Code  Gb  stm8s_adc1.o [1]
ADC1_Cmd                0x009d65   0x16  Code  Gb  stm8s_adc1.o [1]
ADC1_ConversionConfig   0x009128   0x8a  Code  Gb  stm8s_adc1.o [1]
ADC1_ExternalTriggerConfig
                        0x00985d   0x3f  Code  Gb  stm8s_adc1.o [1]
ADC1_GetConversionValue
                        0x00994e   0x39  Code  Gb  stm8s_adc1.o [1]
ADC1_GetFlagStatus      0x009457   0x70  Code  Gb  stm8s_adc1.o [1]
ADC1_IRQHandler         0x009ff7    0x1  Code  Gb  stm8s_it.o [1]
ADC1_Init               0x008cc3  0x124  Code  Gb  stm8s_adc1.o [1]
ADC1_PrescalerConfig    0x00989c   0x3d  Code  Gb  stm8s_adc1.o [1]
ADC1_SchmittTriggerConfig
                        0x008e9f   0xb0  Code  Gb  stm8s_adc1.o [1]
AWU_IRQHandler          0x009fea    0x1  Code  Gb  stm8s_it.o [1]
CLK_DeInit              0x0099be   0x36  Code  Gb  stm8s_clk.o [1]
CLK_GetClockFreq        0x0098d9   0x3b  Code  Gb  stm8s_clk.o [1]
CLK_HSIPrescalerConfig  0x009b5a   0x28  Code  Gb  stm8s_clk.o [1]
CLK_IRQHandler          0x009feb    0x1  Code  Gb  stm8s_it.o [1]
CSTACK$$Base            0x000300          --   Gb  - Linker created -
CSTACK$$Limit           0x000400          --   Gb  - Linker created -
EEPROM_EEC_IRQHandler   0x009ff9    0x1  Code  Gb  stm8s_it.o [1]
ES1642_DecodeEmptyResponse
                        0x0084ce    0x3  Code  Gb  es1642.o [1]
ES1642_DecodeMac        0x009ab1   0x2c  Code  Gb  es1642.o [1]
ES1642_DecodeRecvData   0x0083e3   0xca  Code  Gb  es1642.o [1]
ES1642_DecodeSearchNotify
                        0x008ffc   0x97  Code  Gb  es1642.o [1]
ES1642_Init             0x00809d   0x27  Code  Gb  es1642.o [1]
ES1642_InputByte        0x00829e   0xc8  Code  Gb  es1642.o [1]
ES1642_MakeSendDataCtrlByte
                        0x0080cf    0x9  Code  Gb  es1642.o [1]
ES1642_ReadMac          0x009e40    0xe  Code  Gb  es1642_port_stm8.o [1]
ES1642_ResetRx          0x0080c4    0xb  Code  Gb  es1642.o [1]
ES1642_SendData         0x00836b   0x78  Code  Gb  es1642.o [1]
ES1642_SendFrame        0x0080d8   0xa7  Code  Gb  es1642.o [1]
ES1642_SendReadMac      0x0084bf    0xf  Code  Gb  es1642.o [1]
ES1642_SendSearchReply  0x00959b   0x64  Code  Gb  es1642.o [1]
ES1642_SendSetAddr      0x0084ad   0x12  Code  Gb  es1642.o [1]
EXTI_PORTA_IRQHandler   0x009fec    0x1  Code  Gb  stm8s_it.o [1]
EXTI_PORTB_IRQHandler   0x009fed    0x1  Code  Gb  stm8s_it.o [1]
EXTI_PORTC_IRQHandler   0x009fee    0x1  Code  Gb  stm8s_it.o [1]
EXTI_PORTD_IRQHandler   0x009fef    0x1  Code  Gb  stm8s_it.o [1]
EXTI_PORTE_IRQHandler   0x009ff0    0x1  Code  Gb  stm8s_it.o [1]
GPIO_Init               0x008f4f   0xad  Code  Gb  stm8s_gpio.o [1]
GPIO_ReadInputPin       0x009f6f    0x7  Code  Gb  stm8s_gpio.o [1]
GPIO_WriteHigh          0x009f68    0x7  Code  Gb  stm8s_gpio.o [1]
GPIO_WriteLow           0x009fb8    0x4  Code  Gb  stm8s_gpio.o [1]
HSIDivFactor            0x009fb0    0x4  Data  Gb  stm8s_clk.o [1]
I2C_IRQHandler          0x009ff6    0x1  Code  Gb  stm8s_it.o [1]
INTVEC$$Base            0x008000          --   Gb  - Linker created -
INTVEC$$Limit           0x008080          --   Gb  - Linker created -
IWDG_Enable             0x009fa6    0x5  Code  Gb  stm8s_iwdg.o [1]
IWDG_ReloadCounter      0x009fa1    0x5  Code  Gb  stm8s_iwdg.o [1]
IWDG_SetPrescaler       0x009a28   0x2f  Code  Gb  stm8s_iwdg.o [1]
IWDG_SetReload          0x009fbc    0x4  Code  Gb  stm8s_iwdg.o [1]
IWDG_WriteAccessCmd     0x009ce5   0x1c  Code  Gb  stm8s_iwdg.o [1]
Region$$Table$$Base     0x009c59          --   Gb  - Linker created -
Region$$Table$$Limit    0x009c6b          --   Gb  - Linker created -
SPI_IRQHandler          0x009ff1    0x1  Code  Gb  stm8s_it.o [1]
TIM1_CAP_COM_IRQHandler
                        0x009ff3    0x1  Code  Gb  stm8s_it.o [1]
TIM1_UPD_OVF_TRG_BRK_IRQHandler
                        0x009ff2    0x1  Code  Gb  stm8s_it.o [1]
TIM2_ARRPreloadConfig   0x009da7   0x16  Code  Gb  stm8s_tim2.o [1]
TIM2_CAP_COM_IRQHandler
                        0x009ff4    0x1  Code  Gb  stm8s_it.o [1]
TIM2_ClearFlag          0x009bce   0x24  Code  Gb  stm8s_tim2.o [1]
TIM2_ClearITPendingBit  0x009d01   0x1c  Code  Gb  stm8s_tim2.o [1]
TIM2_Cmd                0x009d91   0x16  Code  Gb  stm8s_tim2.o [1]
TIM2_DeInit             0x0096b7   0x4f  Code  Gb  stm8s_tim2.o [1]
TIM2_ITConfig           0x009987   0x37  Code  Gb  stm8s_tim2.o [1]
TIM2_TimeBaseInit       0x009f76    0x7  Code  Gb  stm8s_tim2.o [1]
TIM2_UPD_OVF_BRK_IRQHandler
                        0x009ca9   0x1e  Code  Gb  stm8s_it.o [1]
TIM4_UPD_OVF_IRQHandler
                        0x009ff8    0x1  Code  Gb  stm8s_it.o [1]
TLI_IRQHandler          0x009fe9    0x1  Code  Gb  stm8s_it.o [1]
TRAP_IRQHandler         0x009fe8    0x1  Code  Gb  stm8s_it.o [1]
TempTable               0x009706   0x48  Data  Lc  heater_ctrl.o [1]
UART1_DeInit            0x009add   0x2b  Code  Gb  stm8s_uart1.o [1]
UART1_GetFlagStatus     0x0095ff   0x63  Code  Gb  stm8s_uart1.o [1]
UART1_ITConfig          0x009093   0x95  Code  Gb  stm8s_uart1.o [1]
UART1_Init              0x0086d8  0x1b6  Code  Gb  stm8s_uart1.o [1]
UART1_RX_IRQHandler     0x009d7b   0x16  Code  Gb  stm8s_it.o [1]
UART1_ReceiveData8      0x009fc0    0x4  Code  Gb  stm8s_uart1.o [1]
UART1_SendData8         0x009fc4    0x4  Code  Gb  stm8s_uart1.o [1]
UART1_TX_IRQHandler     0x009ff5    0x1  Code  Gb  stm8s_it.o [1]
__DebugBreak            0x009ffa    0x1  Code  Gb  __dbg_break.o [3]
__exit                  0x009de7   0x14  Code  Gb  __dbg_xxexit.o [3]
__iar_copy_init2        0x009b82         Code  Gb  init_small.o [4]
__iar_data_init2        0x009dd3   0x14  Code  Gb  init.o [4]
__iar_program_start     0x009dfb         Code  Gb  cstartup.o [4]
__iar_unhandled_exception
                        0x009fe0         Code  Gb  unhandled_exception.o [4]
__iar_zero_init2        0x009cc7         Code  Gb  init_small.o [4]
__intvec                0x008000         Data  Gb  interrupt.o [4]
__low_level_init        0x009fda    0x3  Code  Gb  low_level_init.o [4]
_exit                   0x009fab         Code  Gb  cexit.o [4]
_interrupt_1            0x009fe8         Code  Gb  stm8s_it.o [1]
_interrupt_12           0x009ff1         Code  Gb  stm8s_it.o [1]
_interrupt_13           0x009ff2         Code  Gb  stm8s_it.o [1]
_interrupt_14           0x009ff3         Code  Gb  stm8s_it.o [1]
_interrupt_15           0x009ca9         Code  Gb  stm8s_it.o [1]
_interrupt_16           0x009ff4         Code  Gb  stm8s_it.o [1]
_interrupt_19           0x009ff5         Code  Gb  stm8s_it.o [1]
_interrupt_2            0x009fe9         Code  Gb  stm8s_it.o [1]
_interrupt_20           0x009d7b         Code  Gb  stm8s_it.o [1]
_interrupt_21           0x009ff6         Code  Gb  stm8s_it.o [1]
_interrupt_24           0x009ff7         Code  Gb  stm8s_it.o [1]
_interrupt_25           0x009ff8         Code  Gb  stm8s_it.o [1]
_interrupt_26           0x009ff9         Code  Gb  stm8s_it.o [1]
_interrupt_3            0x009fea         Code  Gb  stm8s_it.o [1]
_interrupt_4            0x009feb         Code  Gb  stm8s_it.o [1]
_interrupt_5            0x009fec         Code  Gb  stm8s_it.o [1]
_interrupt_6            0x009fed         Code  Gb  stm8s_it.o [1]
_interrupt_7            0x009fee         Code  Gb  stm8s_it.o [1]
_interrupt_8            0x009fef         Code  Gb  stm8s_it.o [1]
_interrupt_9            0x009ff0         Code  Gb  stm8s_it.o [1]
adc_read_channel        0x009536   0x65  Code  Lc  heater_ctrl.o [1]
assert_failed           0x009fe3    0x2  Code  Gb  main.o [1]
board_input1_read       0x009e0e   0x11  Code  Gb  ek_gpio.o [1]
board_input2_read       0x009e1f   0x11  Code  Gb  ek_gpio.o [1]
board_outputs_all_off   0x009d4e   0x17  Code  Gb  ek_gpio.o [1]
ek_delay                0x009d1d   0x19  Code  Gb  ek_tim.o [1]
ek_delay_counter        0x009b32   0x28  Code  Gb  ek_tim.o [1]
ek_delay_tick           0x0000a8    0x4  Data  Gb  ek_tim.o [1]
ek_gpio_init            0x0097da   0x44  Code  Gb  ek_gpio.o [1]
ek_millis_tick          0x0000ac    0x4  Data  Lc  ek_tim.o [1]
ek_soft_timer           0x009fe7    0x1  Code  Gb  ek_tim.o [1]
ek_sys_clk_init         0x009f23    0x8  Code  Gb  ek_clk.o [1]
ek_sys_tim_init         0x009bf2   0x23  Code  Gb  ek_tim.o [1]
ek_uart_init            0x009c15   0x23  Code  Gb  ek_uart.o [1]
ek_uart_read_byte       0x009b08   0x2a  Code  Gb  ek_uart.o [1]
ek_uart_rx_isr          0x009baa   0x24  Code  Gb  ek_uart.o [1]
ek_uart_send_bytes      0x009a85   0x2c  Code  Gb  ek_uart.o [1]
es1642_app_init         0x009a57   0x2e  Code  Gb  es1642_port_stm8.o [1]
es1642_app_poll         0x009d36   0x18  Code  Gb  es1642_port_stm8.o [1]
es1642_calc_checksum    0x00981e   0x3f  Code  Lc  es1642.o [1]
es1642_expect_normal    0x008080   0x1d  Code  Lc  es1642.o [1]
es1642_get_le16         0x009e30   0x10  Code  Lc  es1642.o [1]
es1642_on_frame         0x008b88  0x13b  Code  Lc  es1642_port_stm8.o [1]
es1642_parse_frame      0x00817f  0x11f  Code  Lc  es1642.o [1]
es1642_put_le16         0x009f53    0x7  Code  Lc  es1642.o [1]
es1642_uart_rx_irq_handler
                        0x009fd4    0x3  Code  Gb  es1642_port_stm8.o [1]
exit                    0x009fdd    0x3  Code  Gb  exit.o [4]
g_es1642                0x000052   0x33  Data  Lc  es1642_port_stm8.o [1]
g_input_vol             0x0000b0    0x2  Data  Gb  heater_ctrl.o [1]
g_master_cmd            0x0000b7    0x1  Data  Gb  heater_ctrl.o [1]
g_state                 0x0000b8    0x1  Data  Gb  heater_ctrl.o [1]
g_temperature           0x0000b6    0x1  Data  Gb  heater_ctrl.o [1]
heater_close            0x008653   0x44  Code  Gb  heater_ctrl.o [1]
heater_ctrl_init        0x009c6b   0x1f  Code  Gb  heater_ctrl.o [1]
heater_delay_seconds    0x0099f4   0x34  Code  Gb  heater_ctrl.o [1]
heater_get_input_vol    0x0085c9   0x3a  Code  Gb  heater_ctrl.o [1]
heater_get_relay_state  0x0084d1    0xc  Code  Gb  heater_ctrl.o [1]
heater_get_temperature  0x0084dd   0xdb  Code  Gb  heater_ctrl.o [1]
heater_open             0x008603   0x50  Code  Gb  heater_ctrl.o [1]
heater_process          0x008de7   0xb8  Code  Gb  heater_ctrl.o [1]
mac_addr                0x0000a2    0x6  Data  Lc  es1642_port_stm8.o [1]
main                    0x009662   0x55  Code  Gb  main.o [1]
memcpy                  0x009c8a   0x1f  Code  Gb  memcpy.o [4]
memset                  0x009dbd   0x16  Code  Gb  memset.o [4]
notify                  0x000096    0xc  Data  Lc  es1642_port_stm8.o [1]
recv_data               0x000085   0x11  Data  Lc  es1642_port_stm8.o [1]
s_abnormal_flag         0x0000bd    0x1  Data  Lc  heater_ctrl.o [1]
s_err_over_cycle        0x0000bc    0x1  Data  Lc  heater_ctrl.o [1]
s_normal_cnt            0x0000b2    0x2  Data  Lc  heater_ctrl.o [1]
s_over_err_cnt          0x0000bb    0x1  Data  Lc  heater_ctrl.o [1]
s_rx_fifo               0x000012   0x40  Data  Lc  ek_uart.o [1]
s_rx_r                  0x0000b5    0x1  Data  Lc  ek_uart.o [1]
s_rx_w                  0x0000b4    0x1  Data  Lc  ek_uart.o [1]
s_temp_filter_cnt       0x0000ba    0x1  Data  Lc  heater_ctrl.o [1]
s_temp_last             0x0000b9    0x1  Data  Lc  heater_ctrl.o [1]
s_vol_start             0x000010    0x2  Data  Lc  heater_ctrl.o [1]
stm8_es1642_write       0x009c38   0x21  Code  Lc  es1642_port_stm8.o [1]


[1] = F:\Cubemx_Project\STM8XB\stm8s003f3p6_template_led_and_printf\EWSTM8\STM8S003F3\Obj
[2] = command line
[3] = dbgstm8smd.a
[4] = dlstm8smn.a

  7 279 bytes of readonly  code memory
    908 bytes of readonly  data memory
    446 bytes of readwrite data memory

Errors: none
Warnings: none
