###############################################################################
#
# IAR ELF Linker V3.11.1.207 for STM8                     07/May/2026  16:04:26
# Copyright 2010-2019 IAR Systems AB.
#
#    Output file  =  
#        F:\Cubemx_Project\STM8XB\stm8s003f3p6_template_led_and_printf\EWSTM8\STM8S003F3\Exe\ek_stm8_template.out
#    Map file     =  
#        F:\Cubemx_Project\STM8XB\stm8s003f3p6_template_led_and_printf\EWSTM8\STM8S003F3\List\ek_stm8_template.map
#    Command line =  
#        -f C:\Users\AUSU\AppData\Local\Temp\EW571F.tmp
#        (F:\Cubemx_Project\STM8XB\stm8s003f3p6_template_led_and_printf\EWSTM8\STM8S003F3\Obj\ek_clk.o
#        F:\Cubemx_Project\STM8XB\stm8s003f3p6_template_led_and_printf\EWSTM8\STM8S003F3\Obj\ek_gpio.o
#        F:\Cubemx_Project\STM8XB\stm8s003f3p6_template_led_and_printf\EWSTM8\STM8S003F3\Obj\ek_tim.o
#        F:\Cubemx_Project\STM8XB\stm8s003f3p6_template_led_and_printf\EWSTM8\STM8S003F3\Obj\ek_uart.o
#        F:\Cubemx_Project\STM8XB\stm8s003f3p6_template_led_and_printf\EWSTM8\STM8S003F3\Obj\es1642.o
#        F:\Cubemx_Project\STM8XB\stm8s003f3p6_template_led_and_printf\EWSTM8\STM8S003F3\Obj\es1642_port_stm8.o
#        F:\Cubemx_Project\STM8XB\stm8s003f3p6_template_led_and_printf\EWSTM8\STM8S003F3\Obj\heater_ctrl.o
#        F:\Cubemx_Project\STM8XB\stm8s003f3p6_template_led_and_printf\EWSTM8\STM8S003F3\Obj\main.o
#        F:\Cubemx_Project\STM8XB\stm8s003f3p6_template_led_and_printf\EWSTM8\STM8S003F3\Obj\stm8s_adc1.o
#        F:\Cubemx_Project\STM8XB\stm8s003f3p6_template_led_and_printf\EWSTM8\STM8S003F3\Obj\stm8s_clk.o
#        F:\Cubemx_Project\STM8XB\stm8s003f3p6_template_led_and_printf\EWSTM8\STM8S003F3\Obj\stm8s_gpio.o
#        F:\Cubemx_Project\STM8XB\stm8s003f3p6_template_led_and_printf\EWSTM8\STM8S003F3\Obj\stm8s_it.o
#        F:\Cubemx_Project\STM8XB\stm8s003f3p6_template_led_and_printf\EWSTM8\STM8S003F3\Obj\stm8s_itc.o
#        F:\Cubemx_Project\STM8XB\stm8s003f3p6_template_led_and_printf\EWSTM8\STM8S003F3\Obj\stm8s_iwdg.o
#        F:\Cubemx_Project\STM8XB\stm8s003f3p6_template_led_and_printf\EWSTM8\STM8S003F3\Obj\stm8s_tim2.o
#        F:\Cubemx_Project\STM8XB\stm8s003f3p6_template_led_and_printf\EWSTM8\STM8S003F3\Obj\stm8s_uart1.o
#        --redirect _Printf=_PrintfSmall --redirect _Scanf=_ScanfSmall
#        --no_out_extension -o
#        F:\Cubemx_Project\STM8XB\stm8s003f3p6_template_led_and_printf\EWSTM8\STM8S003F3\Exe\ek_stm8_template.out
#        --map
#        F:\Cubemx_Project\STM8XB\stm8s003f3p6_template_led_and_printf\EWSTM8\STM8S003F3\List\ek_stm8_template.map
#        --config E:\IARSTM8\stm8\config\lnkstm8s003f3.icf --config_def
#        _CSTACK_SIZE=0x100 --config_def _HEAP_SIZE=0x100 --entry
#        __iar_program_start --debug_lib)
#
###############################################################################

*******************************************************************************
*** MESSAGES
***

Error[Lp011]: section placement failed
            unable to allocate space for sections/blocks with a total estimated
                      minimum size of 0x1fd0 bytes (max align 0x1) in
                      <[0x008000-0x009fff]> (total uncommitted space 0x1f80).


*******************************************************************************
*** RUNTIME MODEL ATTRIBUTES
***

__SystemLibrary            = DLib
__code_model               = small
__core                     = stm8
__data_model               = medium
__dlib_file_descriptor     = 0
__dlib_full_locale_support = 0
__rt_version               = 4


*******************************************************************************
*** PLACEMENT SUMMARY
***

"A0":  place at start of [0x000000-0x0000ff] { rw section .vregs };
"A1":  place at end of [0x000000-0x0003ff] { block CSTACK };
"P2":  place in [from 0x000000 to 0x0003ff] {
          block HEAP, rw section __DLIB_PERTHREAD, rw section .far.bss,
          rw section .far.data, rw section .far.noinit,
          rw section .far_func.textrw, rw section .huge.bss,
          rw section .huge.data, rw section .huge.noinit,
          rw section .huge_func.textrw, rw section .iar.dynexit,
          rw section .near.bss, rw section .near.data, rw section .near.noinit,
          rw section .near_func.textrw };
"A2":  place at start of [0x008000-0x009fff] { block INTVEC };
"P3":  place in [from 0x008000 to 0x009fff] {
          ro section __DLIB_PERTHREAD_init, ro section .far.data_init,
          ro section .far_func.textrw_init, ro section .huge.data_init,
          ro section .huge_func.textrw_init, ro section .iar.init_table,
          ro section .init_array, ro section .near.data_init,
          ro section .near.rodata, ro section .near_func.text,
          ro section .near_func.textrw_init, ro section .tiny.data_init,
          ro section .tiny.rodata_init };
"P4":  place in [from 0x008000 to 0x009fff] {
          ro section .far.rodata, ro section .far_func.text };
"P5":  place in [from 0x008000 to 0x009fff] {
          ro section .huge.rodata, ro section .huge_func.text };
do not initialize {
   rw section .eeprom.noinit, rw section .far.noinit, rw section .huge.noinit,
   rw section .near.noinit, rw section .tiny.noinit, rw section .vregs };
initialize by copy {
   rw section .far.bss, rw section .far.data, rw section .far_func.textrw,
   rw section .huge.bss, rw section .huge.data, rw section .huge_func.textrw,
   rw section .iar.dynexit, rw section .near.bss, rw section .near.data,
   rw section .near_func.textrw, rw section .tiny.bss, rw section .tiny.data,
   ro section .tiny.rodata };

No sections matched the following patterns:

  ro section .far.data_init          in "P3-P5"
  ro section .far.rodata             in "P3-P5"
  ro section .far_func.text          in "P3-P5"
  ro section .far_func.textrw_init   in "P3-P5"
  ro section .huge.data_init         in "P3-P5"
  ro section .huge.rodata            in "P3-P5"
  ro section .huge_func.text         in "P3-P5"
  ro section .huge_func.textrw_init  in "P3-P5"
  ro section .iar.init_table         in "P3-P5"
  ro section .init_array             in "P3-P5"
  ro section .near_func.textrw_init  in "P3-P5"
  ro section .tiny.data_init         in "P3-P5"
  ro section .tiny.rodata_init       in "P3-P5"
  ro section __DLIB_PERTHREAD_init   in "P3-P5"
  rw section .far.bss                in "P2"
  rw section .far.data               in "P2"
  rw section .far.noinit             in "P2"
  rw section .far_func.textrw        in "P2"
  rw section .huge.bss               in "P2"
  rw section .huge.data              in "P2"
  rw section .huge.noinit            in "P2"
  rw section .huge_func.textrw       in "P2"
  rw section .iar.dynexit            in "P2"
  rw section .near.noinit            in "P2"
  rw section .near_func.textrw       in "P2"
  rw section .tiny.bss               in "P1"
  rw section .tiny.data              in "P1"
  rw section .tiny.noinit            in "P1"
  rw section .tiny.rodata            in "P1"
  rw section __DLIB_PERTHREAD        in "P2"
  section .eeprom.data               in "P6-P8"
  section .eeprom.noinit             in "P6-P8"
  section .eeprom.rodata             in "P6-P8"


  Section            Kind      Address    Size  Object
  -------            ----      -------    ----  ------
"A0":                                     0x10
  .vregs             uninit   0x000000    0x10  vregs.o [4]
                            - 0x000010    0x10

"P2", part 1 of 2:                         0x2
  P2-1                        0x000010     0x2  <Init block>
    .near.data       inited   0x000010     0x2  heater_ctrl.o [1]
                            - 0x000012     0x2

"P2", part 2 of 2:                        0xac
  .near.bss          zero     0x000012    0x40  ek_uart.o [1]
  .near.bss          zero     0x000052    0x33  es1642_port_stm8.o [1]
  .near.bss          zero     0x000085    0x11  es1642_port_stm8.o [1]
  .near.bss          zero     0x000096     0xc  es1642_port_stm8.o [1]
  .near.bss          zero     0x0000a2     0x6  es1642_port_stm8.o [1]
  .near.bss          zero     0x0000a8     0x4  ek_tim.o [1]
  .near.bss          zero     0x0000ac     0x4  ek_tim.o [1]
  .near.bss          zero     0x0000b0     0x2  heater_ctrl.o [1]
  .near.bss          zero     0x0000b2     0x2  heater_ctrl.o [1]
  .near.bss          zero     0x0000b4     0x1  ek_uart.o [1]
  .near.bss          zero     0x0000b5     0x1  ek_uart.o [1]
  .near.bss          zero     0x0000b6     0x1  heater_ctrl.o [1]
  .near.bss          zero     0x0000b7     0x1  heater_ctrl.o [1]
  .near.bss          zero     0x0000b8     0x1  heater_ctrl.o [1]
  .near.bss          zero     0x0000b9     0x1  heater_ctrl.o [1]
  .near.bss          zero     0x0000ba     0x1  heater_ctrl.o [1]
  .near.bss          zero     0x0000bb     0x1  heater_ctrl.o [1]
  .near.bss          zero     0x0000bc     0x1  heater_ctrl.o [1]
  .near.bss          zero     0x0000bd     0x1  heater_ctrl.o [1]
                            - 0x0000be    0xac

"A1":                                    0x100
  CSTACK                      0x000300   0x100  <Block>
    CSTACK           uninit   0x000300   0x100  <Block tail>
                            - 0x000400   0x100

"A2":                                     0x80
  INTVEC                      0x008000    0x80  <Block>
    .intvec          const    0x008000    0x80  interrupt.o [4]
                            - 0x008080    0x80

"P3-P5" (*** FAILED ***):               0x1fd0
  .near_func.text    ro code             0x49e  es1642.o [1]
  .near_func.text    ro code             0x207  heater_ctrl.o [1]
  .near_func.text    ro code             0x1b6  stm8s_uart1.o [1]
  .near_func.text    ro code             0x1b1  long.o [4]
  .near_func.text    ro code             0x149  vreg_util.o [4]
  .near_func.text    ro code             0x13b  es1642_port_stm8.o [1]
  .near_func.text    ro code             0x124  stm8s_adc1.o [1]
  .near_func.text    ro code              0xb8  heater_ctrl.o [1]
  .near_func.text    ro code              0xb0  stm8s_adc1.o [1]
  .near_func.text    ro code              0xad  stm8s_gpio.o [1]
  .near_func.text    ro code              0x97  es1642.o [1]
  .near_func.text    ro code              0x95  stm8s_uart1.o [1]
  .near_func.text    ro code              0x8a  stm8s_adc1.o [1]
  .near_func.text    ro code              0x74  stm8s_adc1.o [1]
  .near.rodata       const                0x71  stm8s_uart1.o [1]
  .near.rodata       const                0x70  stm8s_adc1.o [1]
  .near.rodata       const                0x70  stm8s_gpio.o [1]
  .near.rodata       const                0x70  stm8s_iwdg.o [1]
  .near.rodata       const                0x70  stm8s_tim2.o [1]
  .near_func.text    ro code              0x70  stm8s_adc1.o [1]
  .near.rodata       const                0x6f  stm8s_clk.o [1]
  .near_func.text    ro code              0x65  heater_ctrl.o [1]
  .near_func.text    ro code              0x64  es1642.o [1]
  .near_func.text    ro code              0x63  stm8s_uart1.o [1]
  .near_func.text    ro code              0x55  main.o [1]
  .near_func.text    ro code              0x4f  stm8s_tim2.o [1]
  .near.rodata       const                0x48  heater_ctrl.o [1]
  .near_func.text    ro code              0x47  long_util.o [4]
  .near_func.text    ro code              0x45  short.o [4]
  .near_func.text    ro code              0x44  ek_gpio.o [1]
  .near_func.text    ro code              0x3f  es1642.o [1]
  .near_func.text    ro code              0x3f  stm8s_adc1.o [1]
  .near_func.text    ro code              0x3d  stm8s_adc1.o [1]
  .near_func.text    ro code              0x3b  stm8s_clk.o [1]
  .near_func.text    ro code              0x3a  dc_util.o [4]
  .near_func.text    ro code              0x39  stm8s_adc1.o [1]
  .near_func.text    ro code              0x37  stm8s_tim2.o [1]
  .near_func.text    ro code              0x36  stm8s_clk.o [1]
  .near_func.text    ro code              0x34  es1642.o [1]
  .near_func.text    ro code              0x34  heater_ctrl.o [1]
  .near_func.text    ro code              0x2f  stm8s_iwdg.o [1]
  .near_func.text    ro code              0x2e  es1642_port_stm8.o [1]
  .near_func.text    ro code              0x2c  ek_uart.o [1]
  .near_func.text    ro code              0x2b  stm8s_uart1.o [1]
  .near_func.text    ro code              0x2a  ek_uart.o [1]
  .near_func.text    ro code              0x28  ek_tim.o [1]
  .near_func.text    ro code              0x28  stm8s_clk.o [1]
  .near_func.text    ro code              0x28  init_small.o [4]
  .near_func.text    ro code              0x24  ek_uart.o [1]
  .near_func.text    ro code              0x24  stm8s_tim2.o [1]
  .near_func.text    ro code              0x23  ek_tim.o [1]
  .near_func.text    ro code              0x23  ek_uart.o [1]
  .near_func.text    ro code              0x21  es1642_port_stm8.o [1]
  .iar.init_table    const                0x12  - Linker created -
  .near_func.text    ro code              0x1f  heater_ctrl.o [1]
  .near_func.text    ro code              0x1f  memcpy.o [4]
  .near_func.text    ro code              0x1e  stm8s_it.o [1]
  .near_func.text    ro code              0x1e  init_small.o [4]
  .near_func.text    ro code              0x1c  stm8s_iwdg.o [1]
  .near_func.text    ro code              0x1c  stm8s_tim2.o [1]
  .near_func.text    ro code              0x19  ek_tim.o [1]
  .near_func.text    ro code              0x18  es1642_port_stm8.o [1]
  .near_func.text    ro code              0x17  ek_gpio.o [1]
  .near_func.text    ro code              0x16  stm8s_adc1.o [1]
  .near_func.text    ro code              0x16  stm8s_it.o [1]
  .near_func.text    ro code              0x16  stm8s_tim2.o [1]
  .near_func.text    ro code              0x16  stm8s_tim2.o [1]
  .near_func.text    ro code              0x16  memset.o [4]
  .near_func.text    ro code              0x14  init.o [4]
  .near_func.text    ro code              0x14  __dbg_xxexit.o [3]
  .near_func.text    ro code              0x13  cstartup.o [4]
  .near_func.text    ro code              0x11  ek_gpio.o [1]
  .near_func.text    ro code              0x11  ek_gpio.o [1]
  .near_func.text    ro code              0x10  es1642.o [1]
  .near_func.text    ro code               0xe  es1642_port_stm8.o [1]
  .near_func.text    ro code               0xd  heater_ctrl.o [1]
  .near_func.text    ro code               0xd  move.o [4]
  .near_func.text    ro code               0xb  stm8s_adc1.o [1]
  .near_func.text    ro code               0xb  stm8s_adc1.o [1]
  .near_func.text    ro code               0xb  stm8s_adc1.o [1]
  .near_func.text    ro code               0xb  stm8s_clk.o [1]
  .near_func.text    ro code               0xb  stm8s_gpio.o [1]
  .near_func.text    ro code               0xb  stm8s_iwdg.o [1]
  .near_func.text    ro code               0xb  stm8s_tim2.o [1]
  .near_func.text    ro code               0xb  stm8s_uart1.o [1]
  .near_func.text    ro code               0x9  ek_tim.o [1]
  .near_func.text    ro code               0x9  ek_uart.o [1]
  .near_func.text    ro code               0x9  es1642.o [1]
  .near_func.text    ro code               0x9  es1642.o [1]
  .near_func.text    ro code               0x9  stm8s_adc1.o [1]
  .near_func.text    ro code               0x9  stm8s_adc1.o [1]
  .near_func.text    ro code               0x9  stm8s_adc1.o [1]
  .near_func.text    ro code               0x9  stm8s_clk.o [1]
  .near_func.text    ro code               0x9  stm8s_tim2.o [1]
  .near_func.text    ro code               0x9  stm8s_tim2.o [1]
  .near_func.text    ro code               0x9  stm8s_uart1.o [1]
  .near_func.text    ro code               0x8  ek_clk.o [1]
  .near_func.text    ro code               0x8  ek_gpio.o [1]
  .near_func.text    ro code               0x8  heater_ctrl.o [1]
  .near_func.text    ro code               0x8  stm8s_adc1.o [1]
  .near_func.text    ro code               0x8  stm8s_uart1.o [1]
  .near_func.text    ro code               0x8  stm8s_uart1.o [1]
  .near_func.text    ro code               0x7  es1642.o [1]
  .near_func.text    ro code               0x7  stm8s_adc1.o [1]
  .near_func.text    ro code               0x7  stm8s_adc1.o [1]
  .near_func.text    ro code               0x7  stm8s_gpio.o [1]
  .near_func.text    ro code               0x7  stm8s_gpio.o [1]
  .near_func.text    ro code               0x7  stm8s_tim2.o [1]
  .near_func.text    ro code               0x6  ek_gpio.o [1]
  .near_func.text    ro code               0x6  ek_gpio.o [1]
  .near_func.text    ro code               0x6  es1642.o [1]
  .near_func.text    ro code               0x6  heater_ctrl.o [1]
  .near_func.text    ro code               0x6  heater_ctrl.o [1]
  .near_func.text    ro code               0x6  stm8s_uart1.o [1]
  .near_func.text    ro code               0x5  stm8s_iwdg.o [1]
  .near_func.text    ro code               0x5  stm8s_iwdg.o [1]
  .near_func.text    ro code               0x5  cexit.o [4]
  .near.rodata       const                 0x4  stm8s_clk.o [1]
  .near_func.text    ro code               0x4  heater_ctrl.o [1]
  .near_func.text    ro code               0x4  stm8s_gpio.o [1]
  .near_func.text    ro code               0x4  stm8s_iwdg.o [1]
  .near_func.text    ro code               0x4  stm8s_uart1.o [1]
  .near_func.text    ro code               0x4  stm8s_uart1.o [1]
  .near.rodata       const                 0x3  es1642_port_stm8.o [1]
  .near.rodata       const                 0x3  es1642_port_stm8.o [1]
  .near.rodata       const                 0x3  es1642_port_stm8.o [1]
  .near.rodata       const                 0x3  es1642_port_stm8.o [1]
  .near_func.text    ro code               0x3  es1642_port_stm8.o [1]
  .near_func.text    ro code               0x3  interrupt.o [4]
  .near_func.text    ro code               0x3  low_level_init.o [4]
  .near_func.text    ro code               0x3  exit.o [4]
  .near_func.text    ro code               0x3  unhandled_exception.o [4]
  .near_func.text    ro code               0x2  main.o [1]
  Initializer bytes  const                 0x2  <for P2-1> (used: 0x0)
  .near_func.text    ro code               0x1  ek_tim.o [1]
  .near_func.text    ro code               0x1  stm8s_it.o [1]
  .near_func.text    ro code               0x1  stm8s_it.o [1]
  .near_func.text    ro code               0x1  stm8s_it.o [1]
  .near_func.text    ro code               0x1  stm8s_it.o [1]
  .near_func.text    ro code               0x1  stm8s_it.o [1]
  .near_func.text    ro code               0x1  stm8s_it.o [1]
  .near_func.text    ro code               0x1  stm8s_it.o [1]
  .near_func.text    ro code               0x1  stm8s_it.o [1]
  .near_func.text    ro code               0x1  stm8s_it.o [1]
  .near_func.text    ro code               0x1  stm8s_it.o [1]
  .near_func.text    ro code               0x1  stm8s_it.o [1]
  .near_func.text    ro code               0x1  stm8s_it.o [1]
  .near_func.text    ro code               0x1  stm8s_it.o [1]
  .near_func.text    ro code               0x1  stm8s_it.o [1]
  .near_func.text    ro code               0x1  stm8s_it.o [1]
  .near_func.text    ro code               0x1  stm8s_it.o [1]
  .near_func.text    ro code               0x1  stm8s_it.o [1]
  .near_func.text    ro code               0x1  stm8s_it.o [1]
  .near_func.text    ro code               0x1  __dbg_break.o [3]
                                        0x1fd0


*******************************************************************************
*** INIT TABLE
***

          Address     Size
          -------     ----
Zero (__iar_zero_init2)
    1 destination range, total size 0xac:
            0x000012  0xac

Copy (__iar_copy_init2)
    1 source range, total size 0x2:
          0x00001fba   0x2
    1 destination range, total size 0x2:
            0x000010   0x2



*******************************************************************************
*** MODULE SUMMARY
***

    Module                 ro code  ro data  rw data
    ------                 -------  -------  -------
F:\Cubemx_Project\STM8XB\stm8s003f3p6_template_led_and_printf\EWSTM8\STM8S003F3\Obj: [1]
    ek_clk.o                     8
    ek_gpio.o                  145
    ek_tim.o                   110                 8
    ek_uart.o                  166                66
    es1642.o                 1 595
    es1642_port_stm8.o         435       12       86
    heater_ctrl.o              924       74       14
    main.o                      87
    stm8s_adc1.o             1 119      112
    stm8s_clk.o                173      115
    stm8s_gpio.o               202      112
    stm8s_it.o                  70
    stm8s_iwdg.o               100      112
    stm8s_tim2.o               278      112
    stm8s_uart1.o              779      113
    ------------------------------------------------
    Total:                   6 191      762      174

command line: [2]
    ------------------------------------------------
    Total:

dbgstm8smd.a: [3]
    __dbg_break.o                1
    __dbg_xxexit.o              20
    ------------------------------------------------
    Total:                      21

dlstm8smn.a: [4]
    cexit.o                      5
    cstartup.o                  19
    dc_util.o                   58
    exit.o                       3
    init.o                      20
    init_small.o                70
    interrupt.o                  3      128
    long.o                     433
    long_util.o                 71
    low_level_init.o             3
    memcpy.o                    31
    memset.o                    22
    move.o                      13
    short.o                     69
    unhandled_exception.o        3
    vreg_util.o                329
    vregs.o                                       16
    ------------------------------------------------
    Total:                   1 152      128       16

    Linker created                       18      256
----------------------------------------------------
    Grand Total:             7 364      908      446


*******************************************************************************
*** ENTRY LIST
***

Entry                      Address   Size  Type      Object
-----                      -------   ----  ----      ------
.iar.init_table$$Base   0x00001c2e          --   Gb  - Linker created -
.iar.init_table$$Limit  0x00001c40          --   Gb  - Linker created -
?add32_l0_l0_0x         0x0000088a         Code  Gb  long.o [4]
?add32_l0_l0_l1         0x00000887         Code  Gb  long.o [4]
?and16_x_x_dw           0x0000177b         Code  Gb  short.o [4]
?and16_x_x_w0           0x0000177e         Code  Gb  short.o [4]
?b0                       0x000000         Data  Gb  vregs.o [4]
?b1                       0x000001         Data  Gb  vregs.o [4]
?b10                      0x00000a         Data  Gb  vregs.o [4]
?b11                      0x00000b         Data  Gb  vregs.o [4]
?b12                      0x00000c         Data  Gb  vregs.o [4]
?b13                      0x00000d         Data  Gb  vregs.o [4]
?b14                      0x00000e         Data  Gb  vregs.o [4]
?b15                      0x00000f         Data  Gb  vregs.o [4]
?b2                       0x000002         Data  Gb  vregs.o [4]
?b3                       0x000003         Data  Gb  vregs.o [4]
?b4                       0x000004         Data  Gb  vregs.o [4]
?b5                       0x000005         Data  Gb  vregs.o [4]
?b6                       0x000006         Data  Gb  vregs.o [4]
?b7                       0x000007         Data  Gb  vregs.o [4]
?b8                       0x000008         Data  Gb  vregs.o [4]
?b9                       0x000009         Data  Gb  vregs.o [4]
?dc16_w0                0x000018e8         Code  Gb  dc_util.o [4]
?dc32_l0                0x000018f6         Code  Gb  dc_util.o [4]
?dc32_l1                0x00001903         Code  Gb  dc_util.o [4]
?dc32_px                0x00001910         Code  Gb  dc_util.o [4]
?dc8_px                 0x000018e1         Code  Gb  dc_util.o [4]
?dec32_0x_0x            0x00000873         Code  Gb  long.o [4]
?dec32_l0_l0            0x0000086e         Code  Gb  long.o [4]
?e0                       0x000001         Data  Gb  vregs.o [4]
?e1                       0x000005         Data  Gb  vregs.o [4]
?e2                       0x000009         Data  Gb  vregs.o [4]
?e3                       0x00000d         Data  Gb  vregs.o [4]
?epilogue_l2            0x00000ab3         Code  Gb  vreg_util.o [4]
?epilogue_l2_l3         0x00000ab0         Code  Gb  vreg_util.o [4]
?epilogue_l2_w6         0x00000ab7         Code  Gb  vreg_util.o [4]
?epilogue_w4            0x00000abe         Code  Gb  vreg_util.o [4]
?inc32_0x_0x            0x00000860         Code  Gb  long.o [4]
?inc32_l0_l0            0x0000085b         Code  Gb  long.o [4]
?l0                       0x000000         Data  Gb  vregs.o [4]
?l1                       0x000004         Data  Gb  vregs.o [4]
?l2                       0x000008         Data  Gb  vregs.o [4]
?l3                       0x00000c         Data  Gb  vregs.o [4]
?load32_0x_l0           0x00001754         Code  Gb  long_util.o [4]
?load32_asp_l0          0x00001748         Code  Gb  long_util.o [4]
?load32_dbsp_l0         0x00001743         Code  Gb  long_util.o [4]
?load32_l0_0x           0x0000172b         Code  Gb  long_util.o [4]
?load32_l0_asp          0x00001720         Code  Gb  long_util.o [4]
?load32_l0_dbsp         0x0000171b         Code  Gb  long_util.o [4]
?load32_l0_xsp          0x00001722         Code  Gb  long_util.o [4]
?load32_l1_0x           0x00001737         Code  Gb  long_util.o [4]
?load32_xsp_l0          0x0000174a         Code  Gb  long_util.o [4]
?mov_e0_e2              0x00000afd         Code  Gb  vreg_util.o [4]
?mov_e0_e3              0x00000b0a         Code  Gb  vreg_util.o [4]
?mov_e1_e0              0x00000b17         Code  Gb  vreg_util.o [4]
?mov_e1_e2              0x00000b24         Code  Gb  vreg_util.o [4]
?mov_e1_e3              0x00000b31         Code  Gb  vreg_util.o [4]
?mov_e2_e0              0x00000b3e         Code  Gb  vreg_util.o [4]
?mov_e3_e0              0x00000b4b         Code  Gb  vreg_util.o [4]
?mov_l0_l2              0x00000afa         Code  Gb  vreg_util.o [4]
?mov_l0_l3              0x00000b07         Code  Gb  vreg_util.o [4]
?mov_l1_l0              0x00000b14         Code  Gb  vreg_util.o [4]
?mov_l1_l2              0x00000b21         Code  Gb  vreg_util.o [4]
?mov_l1_l3              0x00000b2e         Code  Gb  vreg_util.o [4]
?mov_l2_l0              0x00000b3b         Code  Gb  vreg_util.o [4]
?mov_l3_l0              0x00000b48         Code  Gb  vreg_util.o [4]
?mov_w0_w4              0x00000ac2         Code  Gb  vreg_util.o [4]
?mov_w0_w7              0x00000ac9         Code  Gb  vreg_util.o [4]
?mov_w1_w5              0x00000b00         Code  Gb  vreg_util.o [4]
?mov_w1_w7              0x00000b0d         Code  Gb  vreg_util.o [4]
?mov_w2_w1              0x00000ad0         Code  Gb  vreg_util.o [4]
?mov_w2_w6              0x00000ad7         Code  Gb  vreg_util.o [4]
?mov_w3_w1              0x00000b1a         Code  Gb  vreg_util.o [4]
?mov_w3_w5              0x00000b27         Code  Gb  vreg_util.o [4]
?mov_w3_w7              0x00000b34         Code  Gb  vreg_util.o [4]
?mov_w4_w0              0x00000ade         Code  Gb  vreg_util.o [4]
?mov_w4_w1              0x00000ae5         Code  Gb  vreg_util.o [4]
?mov_w5_w1              0x00000b41         Code  Gb  vreg_util.o [4]
?mov_w6_w1              0x00000aec         Code  Gb  vreg_util.o [4]
?mov_w7_w0              0x00000af3         Code  Gb  vreg_util.o [4]
?mov_w7_w1              0x00000b4e         Code  Gb  vreg_util.o [4]
?move1616_v_x_y_a       0x00001e30         Code  Gb  move.o [4]
?mul32_l0_l0_0x         0x000008c0         Code  Gb  long.o [4]
?mul32_l0_l0_dl         0x000008bd         Code  Gb  long.o [4]
?mul32_l0_l0_l1         0x000008c9         Code  Gb  long.o [4]
?or32_l0_l0_0x          0x000009ca         Code  Gb  long.o [4]
?or32_l0_l0_l1          0x000009c7         Code  Gb  long.o [4]
?pop_l0                 0x00000a7c         Code  Gb  vreg_util.o [4]
?pop_l1                 0x00000a87         Code  Gb  vreg_util.o [4]
?pop_l2                 0x00000a92         Code  Gb  vreg_util.o [4]
?pop_l3                 0x00000a9d         Code  Gb  vreg_util.o [4]
?pop_w4                 0x00000a2e         Code  Gb  vreg_util.o [4]
?pop_w6                 0x00000a35         Code  Gb  vreg_util.o [4]
?pop_w7                 0x00000a3c         Code  Gb  vreg_util.o [4]
?push_l0                0x00000a4b         Code  Gb  vreg_util.o [4]
?push_l1                0x00000a50         Code  Gb  vreg_util.o [4]
?push_l2                0x00000a55         Code  Gb  vreg_util.o [4]
?push_l3                0x00000a5a         Code  Gb  vreg_util.o [4]
?push_w4                0x00000a0c         Code  Gb  vreg_util.o [4]
?push_w6                0x00000a11         Code  Gb  vreg_util.o [4]
?push_w7                0x00000a16         Code  Gb  vreg_util.o [4]
?sdiv16_x_x_y           0x00001762         Code  Gb  short.o [4]
?sext16_x_a             0x000017a0         Code  Gb  short.o [4]
?sll16_x_x_10           0x00001790         Code  Gb  short.o [4]
?sll16_x_x_11           0x0000178f         Code  Gb  short.o [4]
?sll16_x_x_12           0x0000178e         Code  Gb  short.o [4]
?sll16_x_x_4            0x00001796         Code  Gb  short.o [4]
?sll16_x_x_5            0x00001795         Code  Gb  short.o [4]
?sll16_x_x_6            0x00001794         Code  Gb  short.o [4]
?sll16_x_x_7            0x00001793         Code  Gb  short.o [4]
?sll16_x_x_8            0x00001792         Code  Gb  short.o [4]
?sll16_x_x_9            0x00001791         Code  Gb  short.o [4]
?sll16_x_x_a            0x00001786         Code  Gb  short.o [4]
?sll32_0x_0x_a          0x000009e9         Code  Gb  long.o [4]
?sll32_l0_l0_a          0x000009e6         Code  Gb  long.o [4]
?sll32_l0_l0_db         0x000009e2         Code  Gb  long.o [4]
?srl16_x_x_4            0x0000179b         Code  Gb  short.o [4]
?srl32_0x_0x_a          0x000009fe         Code  Gb  long.o [4]
?srl32_l0_l0_a          0x000009fb         Code  Gb  long.o [4]
?srl32_l0_l0_db         0x000009f7         Code  Gb  long.o [4]
?sub32_l0_l0_0x         0x000008a5         Code  Gb  long.o [4]
?sub32_l0_l0_l1         0x000008a2         Code  Gb  long.o [4]
?ucmp32_c_l0_l1         0x000009bc         Code  Gb  long.o [4]
?udiv32_l0_dl_l1        0x00000947         Code  Gb  long.o [4]
?udiv32_l0_l0_dl        0x0000094c         Code  Gb  long.o [4]
?udiv32_l0_l0_l1        0x0000094f         Code  Gb  long.o [4]
?umod32_l1_l0_l1        0x0000094f         Code  Gb  long.o [4]
?w0                       0x000000         Data  Gb  vregs.o [4]
?w1                       0x000002         Data  Gb  vregs.o [4]
?w2                       0x000004         Data  Gb  vregs.o [4]
?w3                       0x000006         Data  Gb  vregs.o [4]
?w4                       0x000008         Data  Gb  vregs.o [4]
?w5                       0x00000a         Data  Gb  vregs.o [4]
?w6                       0x00000c         Data  Gb  vregs.o [4]
?w7                       0x00000e         Data  Gb  vregs.o [4]
ADC1_ClearFlag          0x0000117f   0x74  Code  Gb  stm8s_adc1.o [1]
ADC1_Cmd                0x00001d3a   0x16  Code  Gb  stm8s_adc1.o [1]
ADC1_ConversionConfig   0x000010f5   0x8a  Code  Gb  stm8s_adc1.o [1]
ADC1_ExternalTriggerConfig
                        0x0000182a   0x3f  Code  Gb  stm8s_adc1.o [1]
ADC1_GetConversionValue
                        0x0000191b   0x39  Code  Gb  stm8s_adc1.o [1]
ADC1_GetFlagStatus      0x00001424   0x70  Code  Gb  stm8s_adc1.o [1]
ADC1_IRQHandler         0x00001fcc    0x1  Code  Gb  stm8s_it.o [1]
ADC1_Init               0x00000c90  0x124  Code  Gb  stm8s_adc1.o [1]
ADC1_PrescalerConfig    0x00001869   0x3d  Code  Gb  stm8s_adc1.o [1]
ADC1_SchmittTriggerConfig
                        0x00000e6c   0xb0  Code  Gb  stm8s_adc1.o [1]
AWU_IRQHandler          0x00001fbf    0x1  Code  Gb  stm8s_it.o [1]
CLK_DeInit              0x0000198b   0x36  Code  Gb  stm8s_clk.o [1]
CLK_GetClockFreq        0x000018a6   0x3b  Code  Gb  stm8s_clk.o [1]
CLK_HSIPrescalerConfig  0x00001b2f   0x28  Code  Gb  stm8s_clk.o [1]
CLK_IRQHandler          0x00001fc0    0x1  Code  Gb  stm8s_it.o [1]
CSTACK$$Base              0x000300          --   Gb  - Linker created -
CSTACK$$Limit             0x000400          --   Gb  - Linker created -
EEPROM_EEC_IRQHandler   0x00001fce    0x1  Code  Gb  stm8s_it.o [1]
ES1642_DecodeEmptyResponse
                        0x0000049b    0x3  Code  Gb  es1642.o [1]
ES1642_DecodeMac        0x000019c1   0x34  Code  Gb  es1642.o [1]
ES1642_DecodeRecvData   0x000003b0   0xca  Code  Gb  es1642.o [1]
ES1642_DecodeSearchNotify
                        0x00000fc9   0x97  Code  Gb  es1642.o [1]
ES1642_Init             0x00000024   0x2a  Code  Gb  es1642.o [1]
ES1642_InputByte        0x00000255   0xcf  Code  Gb  es1642.o [1]
ES1642_MakeSendDataCtrlByte
                        0x0000005c    0x9  Code  Gb  es1642.o [1]
ES1642_ParseFrame       0x00000129  0x12c  Code  Gb  es1642.o [1]
ES1642_ReadMac          0x00001e15    0xe  Code  Gb  es1642_port_stm8.o [1]
ES1642_ResetRx          0x0000004e    0xe  Code  Gb  es1642.o [1]
ES1642_SendData         0x00000329   0x87  Code  Gb  es1642.o [1]
ES1642_SendFrame        0x00000065   0xc4  Code  Gb  es1642.o [1]
ES1642_SendReadMac      0x0000048c    0xf  Code  Gb  es1642.o [1]
ES1642_SendSearchReply  0x00001568   0x64  Code  Gb  es1642.o [1]
ES1642_SendSetAddr      0x0000047a   0x12  Code  Gb  es1642.o [1]
EXTI_PORTA_IRQHandler   0x00001fc1    0x1  Code  Gb  stm8s_it.o [1]
EXTI_PORTB_IRQHandler   0x00001fc2    0x1  Code  Gb  stm8s_it.o [1]
EXTI_PORTC_IRQHandler   0x00001fc3    0x1  Code  Gb  stm8s_it.o [1]
EXTI_PORTD_IRQHandler   0x00001fc4    0x1  Code  Gb  stm8s_it.o [1]
EXTI_PORTE_IRQHandler   0x00001fc5    0x1  Code  Gb  stm8s_it.o [1]
GPIO_Init               0x00000f1c   0xad  Code  Gb  stm8s_gpio.o [1]
GPIO_ReadInputPin       0x00001f44    0x7  Code  Gb  stm8s_gpio.o [1]
GPIO_WriteHigh          0x00001f3d    0x7  Code  Gb  stm8s_gpio.o [1]
GPIO_WriteLow           0x00001f8d    0x4  Code  Gb  stm8s_gpio.o [1]
HSIDivFactor            0x00001f85    0x4  Data  Gb  stm8s_clk.o [1]
I2C_IRQHandler          0x00001fcb    0x1  Code  Gb  stm8s_it.o [1]
INTVEC$$Base              0x008000          --   Gb  - Linker created -
INTVEC$$Limit             0x008080          --   Gb  - Linker created -
IWDG_Enable             0x00001f7b    0x5  Code  Gb  stm8s_iwdg.o [1]
IWDG_ReloadCounter      0x00001f76    0x5  Code  Gb  stm8s_iwdg.o [1]
IWDG_SetPrescaler       0x00001a29   0x2f  Code  Gb  stm8s_iwdg.o [1]
IWDG_SetReload          0x00001f91    0x4  Code  Gb  stm8s_iwdg.o [1]
IWDG_WriteAccessCmd     0x00001cba   0x1c  Code  Gb  stm8s_iwdg.o [1]
Region$$Table$$Base     0x00001c2e          --   Gb  - Linker created -
Region$$Table$$Limit    0x00001c40          --   Gb  - Linker created -
SPI_IRQHandler          0x00001fc6    0x1  Code  Gb  stm8s_it.o [1]
TIM1_CAP_COM_IRQHandler
                        0x00001fc8    0x1  Code  Gb  stm8s_it.o [1]
TIM1_UPD_OVF_TRG_BRK_IRQHandler
                        0x00001fc7    0x1  Code  Gb  stm8s_it.o [1]
TIM2_ARRPreloadConfig   0x00001d7c   0x16  Code  Gb  stm8s_tim2.o [1]
TIM2_CAP_COM_IRQHandler
                        0x00001fc9    0x1  Code  Gb  stm8s_it.o [1]
TIM2_ClearFlag          0x00001ba3   0x24  Code  Gb  stm8s_tim2.o [1]
TIM2_ClearITPendingBit  0x00001cd6   0x1c  Code  Gb  stm8s_tim2.o [1]
TIM2_Cmd                0x00001d66   0x16  Code  Gb  stm8s_tim2.o [1]
TIM2_DeInit             0x00001684   0x4f  Code  Gb  stm8s_tim2.o [1]
TIM2_ITConfig           0x00001954   0x37  Code  Gb  stm8s_tim2.o [1]
TIM2_TimeBaseInit       0x00001f4b    0x7  Code  Gb  stm8s_tim2.o [1]
TIM2_UPD_OVF_BRK_IRQHandler
                        0x00001c7e   0x1e  Code  Gb  stm8s_it.o [1]
TIM4_UPD_OVF_IRQHandler
                        0x00001fcd    0x1  Code  Gb  stm8s_it.o [1]
TLI_IRQHandler          0x00001fbe    0x1  Code  Gb  stm8s_it.o [1]
TRAP_IRQHandler         0x00001fbd    0x1  Code  Gb  stm8s_it.o [1]
TempTable               0x000016d3   0x48  Data  Lc  heater_ctrl.o [1]
UART1_DeInit            0x00001ab2   0x2b  Code  Gb  stm8s_uart1.o [1]
UART1_GetFlagStatus     0x000015cc   0x63  Code  Gb  stm8s_uart1.o [1]
UART1_ITConfig          0x00001060   0x95  Code  Gb  stm8s_uart1.o [1]
UART1_Init              0x000006a5  0x1b6  Code  Gb  stm8s_uart1.o [1]
UART1_RX_IRQHandler     0x00001d50   0x16  Code  Gb  stm8s_it.o [1]
UART1_ReceiveData8      0x00001f95    0x4  Code  Gb  stm8s_uart1.o [1]
UART1_SendData8         0x00001f99    0x4  Code  Gb  stm8s_uart1.o [1]
UART1_TX_IRQHandler     0x00001fca    0x1  Code  Gb  stm8s_it.o [1]
__DebugBreak            0x00001fcf    0x1  Code  Gb  __dbg_break.o [3]
__exit                  0x00001dbc   0x14  Code  Gb  __dbg_xxexit.o [3]
__iar_copy_init2        0x00001b57         Code  Gb  init_small.o [4]
__iar_data_init2        0x00001da8   0x14  Code  Gb  init.o [4]
__iar_program_start     0x00001dd0         Code  Gb  cstartup.o [4]
__iar_unhandled_exception
                        0x00001fb5         Code  Gb  unhandled_exception.o [4]
__iar_zero_init2        0x00001c9c         Code  Gb  init_small.o [4]
__intvec                  0x008000         Data  Gb  interrupt.o [4]
__low_level_init        0x00001faf    0x3  Code  Gb  low_level_init.o [4]
_exit                   0x00001f80         Code  Gb  cexit.o [4]
_interrupt_1            0x00001fbd         Code  Gb  stm8s_it.o [1]
_interrupt_12           0x00001fc6         Code  Gb  stm8s_it.o [1]
_interrupt_13           0x00001fc7         Code  Gb  stm8s_it.o [1]
_interrupt_14           0x00001fc8         Code  Gb  stm8s_it.o [1]
_interrupt_15           0x00001c7e         Code  Gb  stm8s_it.o [1]
_interrupt_16           0x00001fc9         Code  Gb  stm8s_it.o [1]
_interrupt_19           0x00001fca         Code  Gb  stm8s_it.o [1]
_interrupt_2            0x00001fbe         Code  Gb  stm8s_it.o [1]
_interrupt_20           0x00001d50         Code  Gb  stm8s_it.o [1]
_interrupt_21           0x00001fcb         Code  Gb  stm8s_it.o [1]
_interrupt_24           0x00001fcc         Code  Gb  stm8s_it.o [1]
_interrupt_25           0x00001fcd         Code  Gb  stm8s_it.o [1]
_interrupt_26           0x00001fce         Code  Gb  stm8s_it.o [1]
_interrupt_3            0x00001fbf         Code  Gb  stm8s_it.o [1]
_interrupt_4            0x00001fc0         Code  Gb  stm8s_it.o [1]
_interrupt_5            0x00001fc1         Code  Gb  stm8s_it.o [1]
_interrupt_6            0x00001fc2         Code  Gb  stm8s_it.o [1]
_interrupt_7            0x00001fc3         Code  Gb  stm8s_it.o [1]
_interrupt_8            0x00001fc4         Code  Gb  stm8s_it.o [1]
_interrupt_9            0x00001fc5         Code  Gb  stm8s_it.o [1]
adc_read_channel        0x00001503   0x65  Code  Lc  heater_ctrl.o [1]
assert_failed           0x00001fb8    0x2  Code  Gb  main.o [1]
board_input1_read       0x00001de3   0x11  Code  Gb  ek_gpio.o [1]
board_input2_read       0x00001df4   0x11  Code  Gb  ek_gpio.o [1]
board_outputs_all_off   0x00001d23   0x17  Code  Gb  ek_gpio.o [1]
ek_delay                0x00001cf2   0x19  Code  Gb  ek_tim.o [1]
ek_delay_counter        0x00001b07   0x28  Code  Gb  ek_tim.o [1]
ek_delay_tick             0x0000a8    0x4  Data  Gb  ek_tim.o [1]
ek_gpio_init            0x000017a7   0x44  Code  Gb  ek_gpio.o [1]
ek_millis_tick            0x0000ac    0x4  Data  Lc  ek_tim.o [1]
ek_soft_timer           0x00001fbc    0x1  Code  Gb  ek_tim.o [1]
ek_sys_clk_init         0x00001ef8    0x8  Code  Gb  ek_clk.o [1]
ek_sys_tim_init         0x00001bc7   0x23  Code  Gb  ek_tim.o [1]
ek_uart_init            0x00001bea   0x23  Code  Gb  ek_uart.o [1]
ek_uart_read_byte       0x00001add   0x2a  Code  Gb  ek_uart.o [1]
ek_uart_rx_isr          0x00001b7f   0x24  Code  Gb  ek_uart.o [1]
ek_uart_send_bytes      0x00001a86   0x2c  Code  Gb  ek_uart.o [1]
es1642_app_init         0x00001a58   0x2e  Code  Gb  es1642_port_stm8.o [1]
es1642_app_poll         0x00001d0b   0x18  Code  Gb  es1642_port_stm8.o [1]
es1642_calc_checksum    0x000017eb   0x3f  Code  Lc  es1642.o [1]
es1642_expect_normal    0x00000000   0x24  Code  Lc  es1642.o [1]
es1642_get_le16         0x00001e05   0x10  Code  Lc  es1642.o [1]
es1642_on_frame         0x00000b55  0x13b  Code  Lc  es1642_port_stm8.o [1]
es1642_put_le16         0x00001f28    0x7  Code  Lc  es1642.o [1]
es1642_uart_rx_irq_handler
                        0x00001fa9    0x3  Code  Gb  es1642_port_stm8.o [1]
exit                    0x00001fb2    0x3  Code  Gb  exit.o [4]
g_es1642                  0x000052   0x33  Data  Lc  es1642_port_stm8.o [1]
g_input_vol               0x0000b0    0x2  Data  Gb  heater_ctrl.o [1]
g_master_cmd              0x0000b7    0x1  Data  Gb  heater_ctrl.o [1]
g_state                   0x0000b8    0x1  Data  Gb  heater_ctrl.o [1]
g_temperature             0x0000b6    0x1  Data  Gb  heater_ctrl.o [1]
heater_close            0x00000620   0x44  Code  Gb  heater_ctrl.o [1]
heater_ctrl_init        0x00001c40   0x1f  Code  Gb  heater_ctrl.o [1]
heater_delay_seconds    0x000019f5   0x34  Code  Gb  heater_ctrl.o [1]
heater_get_input_vol    0x00000596   0x3a  Code  Gb  heater_ctrl.o [1]
heater_get_relay_state  0x0000049e    0xc  Code  Gb  heater_ctrl.o [1]
heater_get_temperature  0x000004aa   0xdb  Code  Gb  heater_ctrl.o [1]
heater_open             0x000005d0   0x50  Code  Gb  heater_ctrl.o [1]
heater_process          0x00000db4   0xb8  Code  Gb  heater_ctrl.o [1]
mac_addr                  0x0000a2    0x6  Data  Lc  es1642_port_stm8.o [1]
main                    0x0000162f   0x55  Code  Gb  main.o [1]
memcpy                  0x00001c5f   0x1f  Code  Gb  memcpy.o [4]
memset                  0x00001d92   0x16  Code  Gb  memset.o [4]
notify                    0x000096    0xc  Data  Lc  es1642_port_stm8.o [1]
recv_data                 0x000085   0x11  Data  Lc  es1642_port_stm8.o [1]
s_abnormal_flag           0x0000bd    0x1  Data  Lc  heater_ctrl.o [1]
s_err_over_cycle          0x0000bc    0x1  Data  Lc  heater_ctrl.o [1]
s_normal_cnt              0x0000b2    0x2  Data  Lc  heater_ctrl.o [1]
s_over_err_cnt            0x0000bb    0x1  Data  Lc  heater_ctrl.o [1]
s_rx_fifo                 0x000012   0x40  Data  Lc  ek_uart.o [1]
s_rx_r                    0x0000b5    0x1  Data  Lc  ek_uart.o [1]
s_rx_w                    0x0000b4    0x1  Data  Lc  ek_uart.o [1]
s_temp_filter_cnt         0x0000ba    0x1  Data  Lc  heater_ctrl.o [1]
s_temp_last               0x0000b9    0x1  Data  Lc  heater_ctrl.o [1]
s_vol_start               0x000010    0x2  Data  Lc  heater_ctrl.o [1]
stm8_es1642_write       0x00001c0d   0x21  Code  Lc  es1642_port_stm8.o [1]


[1] = F:\Cubemx_Project\STM8XB\stm8s003f3p6_template_led_and_printf\EWSTM8\STM8S003F3\Obj
[2] = command line
[3] = dbgstm8smd.a
[4] = dlstm8smn.a

  7 364 bytes of readonly  code memory
    908 bytes of readonly  data memory
    446 bytes of readwrite data memory

Errors: 1
Warnings: none
