###############################################################################
#
# IAR ELF Linker V3.11.1.207 for STM8                     18/Jun/2026  15:13:04
# Copyright 2010-2019 IAR Systems AB.
#
#    Output file  =  
#        F:\Cubemx_Project\STM8XB\stm8s003f3p6_template_led_and_printf\EWSTM8\STM8S003F3\Exe\ek_stm8_template.out
#    Map file     =  
#        F:\Cubemx_Project\STM8XB\stm8s003f3p6_template_led_and_printf\EWSTM8\STM8S003F3\List\ek_stm8_template.map
#    Command line =  
#        -f C:\Users\AUSU\AppData\Local\Temp\EWC35.tmp
#        (F:\Cubemx_Project\STM8XB\stm8s003f3p6_template_led_and_printf\EWSTM8\STM8S003F3\Obj\ek_clk.o
#        F:\Cubemx_Project\STM8XB\stm8s003f3p6_template_led_and_printf\EWSTM8\STM8S003F3\Obj\ek_gpio.o
#        F:\Cubemx_Project\STM8XB\stm8s003f3p6_template_led_and_printf\EWSTM8\STM8S003F3\Obj\ek_tim.o
#        F:\Cubemx_Project\STM8XB\stm8s003f3p6_template_led_and_printf\EWSTM8\STM8S003F3\Obj\ek_uart.o
#        F:\Cubemx_Project\STM8XB\stm8s003f3p6_template_led_and_printf\EWSTM8\STM8S003F3\Obj\es1642.o
#        F:\Cubemx_Project\STM8XB\stm8s003f3p6_template_led_and_printf\EWSTM8\STM8S003F3\Obj\es1642_port_stm8.o
#        F:\Cubemx_Project\STM8XB\stm8s003f3p6_template_led_and_printf\EWSTM8\STM8S003F3\Obj\heater_ctrl.o
#        F:\Cubemx_Project\STM8XB\stm8s003f3p6_template_led_and_printf\EWSTM8\STM8S003F3\Obj\main.o
#        F:\Cubemx_Project\STM8XB\stm8s003f3p6_template_led_and_printf\EWSTM8\STM8S003F3\Obj\stm8s_adc1.o
#        F:\Cubemx_Project\STM8XB\stm8s003f3p6_template_led_and_printf\EWSTM8\STM8S003F3\Obj\stm8s_clk.o
#        F:\Cubemx_Project\STM8XB\stm8s003f3p6_template_led_and_printf\EWSTM8\STM8S003F3\Obj\stm8s_gpio.o
#        F:\Cubemx_Project\STM8XB\stm8s003f3p6_template_led_and_printf\EWSTM8\STM8S003F3\Obj\stm8s_it.o
#        F:\Cubemx_Project\STM8XB\stm8s003f3p6_template_led_and_printf\EWSTM8\STM8S003F3\Obj\stm8s_itc.o
#        F:\Cubemx_Project\STM8XB\stm8s003f3p6_template_led_and_printf\EWSTM8\STM8S003F3\Obj\stm8s_iwdg.o
#        F:\Cubemx_Project\STM8XB\stm8s003f3p6_template_led_and_printf\EWSTM8\STM8S003F3\Obj\stm8s_tim4.o
#        F:\Cubemx_Project\STM8XB\stm8s003f3p6_template_led_and_printf\EWSTM8\STM8S003F3\Obj\stm8s_uart1.o
#        --redirect _Printf=_PrintfSmall --redirect _Scanf=_ScanfSmall
#        --no_out_extension -o
#        F:\Cubemx_Project\STM8XB\stm8s003f3p6_template_led_and_printf\EWSTM8\STM8S003F3\Exe\ek_stm8_template.out
#        --map
#        F:\Cubemx_Project\STM8XB\stm8s003f3p6_template_led_and_printf\EWSTM8\STM8S003F3\List\ek_stm8_template.map
#        --config E:\IARSTM8\stm8\config\lnkstm8s003f3.icf --config_def
#        _CSTACK_SIZE=0x100 --config_def _HEAP_SIZE=0x100 --entry
#        __iar_program_start --debug_lib)
#
###############################################################################

*******************************************************************************
*** RUNTIME MODEL ATTRIBUTES
***

__SystemLibrary            = DLib
__code_model               = small
__core                     = stm8
__data_model               = medium
__dlib_file_descriptor     = 0
__dlib_full_locale_support = 0
__rt_version               = 4


*******************************************************************************
*** PLACEMENT SUMMARY
***

"A0":  place at start of [0x000000-0x0000ff] { rw section .vregs };
"A1":  place at end of [0x000000-0x0003ff] { block CSTACK };
"P2":  place in [from 0x000000 to 0x0003ff] {
          block HEAP, rw section __DLIB_PERTHREAD, rw section .far.bss,
          rw section .far.data, rw section .far.noinit,
          rw section .far_func.textrw, rw section .huge.bss,
          rw section .huge.data, rw section .huge.noinit,
          rw section .huge_func.textrw, rw section .iar.dynexit,
          rw section .near.bss, rw section .near.data, rw section .near.noinit,
          rw section .near_func.textrw };
"A2":  place at start of [0x008000-0x009fff] { block INTVEC };
"P3":  place in [from 0x008000 to 0x009fff] {
          ro section __DLIB_PERTHREAD_init, ro section .far.data_init,
          ro section .far_func.textrw_init, ro section .huge.data_init,
          ro section .huge_func.textrw_init, ro section .iar.init_table,
          ro section .init_array, ro section .near.data_init,
          ro section .near.rodata, ro section .near_func.text,
          ro section .near_func.textrw_init, ro section .tiny.data_init,
          ro section .tiny.rodata_init };
"P4":  place in [from 0x008000 to 0x009fff] {
          ro section .far.rodata, ro section .far_func.text };
"P5":  place in [from 0x008000 to 0x009fff] {
          ro section .huge.rodata, ro section .huge_func.text };
do not initialize {
   rw section .eeprom.noinit, rw section .far.noinit, rw section .huge.noinit,
   rw section .near.noinit, rw section .tiny.noinit, rw section .vregs };
initialize by copy {
   rw section .far.bss, rw section .far.data, rw section .far_func.textrw,
   rw section .huge.bss, rw section .huge.data, rw section .huge_func.textrw,
   rw section .iar.dynexit, rw section .near.bss, rw section .near.data,
   rw section .near_func.textrw, rw section .tiny.bss, rw section .tiny.data,
   ro section .tiny.rodata };

No sections matched the following patterns:

  ro section .far.data_init          in "P3-P5"
  ro section .far.rodata             in "P3-P5"
  ro section .far_func.text          in "P3-P5"
  ro section .far_func.textrw_init   in "P3-P5"
  ro section .huge.data_init         in "P3-P5"
  ro section .huge.rodata            in "P3-P5"
  ro section .huge_func.text         in "P3-P5"
  ro section .huge_func.textrw_init  in "P3-P5"
  ro section .iar.init_table         in "P3-P5"
  ro section .init_array             in "P3-P5"
  ro section .near_func.textrw_init  in "P3-P5"
  ro section .tiny.data_init         in "P3-P5"
  ro section .tiny.rodata_init       in "P3-P5"
  ro section __DLIB_PERTHREAD_init   in "P3-P5"
  rw section .far.bss                in "P2"
  rw section .far.data               in "P2"
  rw section .far.noinit             in "P2"
  rw section .far_func.textrw        in "P2"
  rw section .huge.bss               in "P2"
  rw section .huge.data              in "P2"
  rw section .huge.noinit            in "P2"
  rw section .huge_func.textrw       in "P2"
  rw section .iar.dynexit            in "P2"
  rw section .near.noinit            in "P2"
  rw section .near_func.textrw       in "P2"
  rw section .tiny.bss               in "P1"
  rw section .tiny.data              in "P1"
  rw section .tiny.noinit            in "P1"
  rw section .tiny.rodata            in "P1"
  rw section __DLIB_PERTHREAD        in "P2"
  section .eeprom.data               in "P6-P8"
  section .eeprom.noinit             in "P6-P8"
  section .eeprom.rodata             in "P6-P8"


  Section            Kind      Address    Size  Object
  -------            ----      -------    ----  ------
"A0":                                     0x10
  .vregs             uninit   0x000000    0x10  vregs.o [4]
                            - 0x000010    0x10

"P2", part 1 of 2:                         0x2
  P2-1                        0x000010     0x2  <Init block>
    .near.data       inited   0x000010     0x1  heater_ctrl.o [1]
    .near.data       inited   0x000011     0x1  heater_ctrl.o [1]
                            - 0x000012     0x2

"P2", part 2 of 2:                        0xc2
  .near.bss          zero     0x000012    0x4b  es1642_port_stm8.o [1]
  .near.bss          zero     0x00005d    0x40  ek_uart.o [1]
  .near.bss          zero     0x00009d    0x11  es1642_port_stm8.o [1]
  .near.bss          zero     0x0000ae     0xc  es1642_port_stm8.o [1]
  .near.bss          zero     0x0000ba     0x6  es1642_port_stm8.o [1]
  .near.bss          zero     0x0000c0     0x4  ek_tim.o [1]
  .near.bss          zero     0x0000c4     0x4  ek_tim.o [1]
  .near.bss          zero     0x0000c8     0x4  ek_tim.o [1]
  .near.bss          zero     0x0000cc     0x2  heater_ctrl.o [1]
  .near.bss          zero     0x0000ce     0x2  heater_ctrl.o [1]
  .near.bss          zero     0x0000d0     0x1  ek_uart.o [1]
  .near.bss          zero     0x0000d1     0x1  ek_uart.o [1]
  .near.bss          zero     0x0000d2     0x1  heater_ctrl.o [1]
  .near.bss          zero     0x0000d3     0x1  heater_ctrl.o [1]
                            - 0x0000d4    0xc2

"A1":                                    0x100
  CSTACK                      0x000300   0x100  <Block>
    CSTACK           uninit   0x000300   0x100  <Block tail>
                            - 0x000400   0x100

"A2":                                     0x80
  INTVEC                      0x008000    0x80  <Block>
    .intvec          const    0x008000    0x80  interrupt.o [4]
                            - 0x008080    0x80

"P3-P5":                                0x1f73
  .near_func.text    ro code  0x008080   0x2e4  es1642.o [1]
  .near_func.text    ro code  0x008364   0x1b6  stm8s_uart1.o [1]
  .near_func.text    ro code  0x00851a   0x19b  long.o [4]
  .near_func.text    ro code  0x0086b5   0x175  heater_ctrl.o [1]
  .near_func.text    ro code  0x00882a   0x164  vreg_util.o [4]
  .near_func.text    ro code  0x00898e   0x137  es1642_port_stm8.o [1]
  .near_func.text    ro code  0x008ac5   0x130  heater_ctrl.o [1]
  .near_func.text    ro code  0x008bf5   0x124  stm8s_adc1.o [1]
  .near_func.text    ro code  0x008d19    0xd0  es1642.o [1]
  .near_func.text    ro code  0x008de9    0xb0  stm8s_adc1.o [1]
  .near_func.text    ro code  0x008e99    0xad  stm8s_gpio.o [1]
  .near_func.text    ro code  0x008f46    0x95  stm8s_uart1.o [1]
  .near_func.text    ro code  0x008fdb    0x8a  stm8s_adc1.o [1]
  .near_func.text    ro code  0x009065    0x84  es1642.o [1]
  .near_func.text    ro code  0x0090e9    0x74  es1642.o [1]
  .near_func.text    ro code  0x00915d    0x74  stm8s_adc1.o [1]
  .near.rodata       const    0x0091d1    0x71  stm8s_uart1.o [1]
  .near.rodata       const    0x009242    0x70  stm8s_adc1.o [1]
  .near.rodata       const    0x0092b2    0x70  stm8s_gpio.o [1]
  .near.rodata       const    0x009322    0x70  stm8s_iwdg.o [1]
  .near.rodata       const    0x009392    0x70  stm8s_tim4.o [1]
  .near_func.text    ro code  0x009402    0x70  stm8s_adc1.o [1]
  .near.rodata       const    0x009472    0x6f  stm8s_clk.o [1]
  .near_func.text    ro code  0x0094e1    0x68  es1642.o [1]
  .near_func.text    ro code  0x009549    0x63  stm8s_uart1.o [1]
  .near_func.text    ro code  0x0095ac    0x60  heater_ctrl.o [1]
  .near_func.text    ro code  0x00960c    0x55  long_util.o [4]
  .near_func.text    ro code  0x009661    0x50  ek_tim.o [1]
  .near_func.text    ro code  0x0096b1    0x4a  main.o [1]
  .near.rodata       const    0x0096fb    0x48  heater_ctrl.o [1]
  .near_func.text    ro code  0x009743    0x44  ek_gpio.o [1]
  .near_func.text    ro code  0x009787    0x3f  stm8s_adc1.o [1]
  .near_func.text    ro code  0x0097c6    0x3d  stm8s_adc1.o [1]
  .near_func.text    ro code  0x009803    0x3b  es1642.o [1]
  .near_func.text    ro code  0x00983e    0x3b  stm8s_clk.o [1]
  .near_func.text    ro code  0x009879    0x3a  stm8s_tim4.o [1]
  .near_func.text    ro code  0x0098b3    0x39  stm8s_adc1.o [1]
  .near_func.text    ro code  0x0098ec    0x36  stm8s_clk.o [1]
  .near_func.text    ro code  0x009922    0x34  stm8s_tim4.o [1]
  .near_func.text    ro code  0x009956    0x33  short.o [4]
  .near_func.text    ro code  0x009989    0x31  ek_uart.o [1]
  .near_func.text    ro code  0x0099ba    0x31  heater_ctrl.o [1]
  .near_func.text    ro code  0x0099eb    0x2f  stm8s_iwdg.o [1]
  .near_func.text    ro code  0x009a1a    0x2c  es1642.o [1]
  .near_func.text    ro code  0x009a46    0x2c  dc_util.o [4]
  .near_func.text    ro code  0x009a72    0x2b  stm8s_uart1.o [1]
  .near_func.text    ro code  0x009a9d    0x2a  ek_uart.o [1]
  .near_func.text    ro code  0x009ac7    0x28  stm8s_clk.o [1]
  .near_func.text    ro code  0x009aef    0x28  init_small.o [4]
  .near_func.text    ro code  0x009b17    0x24  ek_tim.o [1]
  .near_func.text    ro code  0x009b3b    0x24  ek_uart.o [1]
  .near_func.text    ro code  0x009b5f    0x23  ek_uart.o [1]
  .near_func.text    ro code  0x009b82    0x21  ek_tim.o [1]
  .near_func.text    ro code  0x009ba3    0x21  es1642_port_stm8.o [1]
  .iar.init_table    const    0x009bc4    0x12  - Linker created -
  .near_func.text    ro code  0x009bd6    0x1f  heater_ctrl.o [1]
  .near_func.text    ro code  0x009bf5    0x1f  memcpy.o [4]
  .near_func.text    ro code  0x009c14    0x1e  stm8s_it.o [1]
  .near_func.text    ro code  0x009c32    0x1e  init_small.o [4]
  .near_func.text    ro code  0x009c50    0x1d  es1642.o [1]
  .near_func.text    ro code  0x009c6d    0x1c  stm8s_iwdg.o [1]
  .near_func.text    ro code  0x009c89    0x19  ek_tim.o [1]
  .near_func.text    ro code  0x009ca2    0x19  stm8s_tim4.o [1]
  .near_func.text    ro code  0x009cbb    0x19  stm8s_tim4.o [1]
  .near_func.text    ro code  0x009cd4    0x19  stm8s_tim4.o [1]
  .near_func.text    ro code  0x009ced    0x18  es1642.o [1]
  .near_func.text    ro code  0x009d05    0x18  es1642_port_stm8.o [1]
  .near_func.text    ro code  0x009d1d    0x17  ek_gpio.o [1]
  .near_func.text    ro code  0x009d34    0x16  stm8s_adc1.o [1]
  .near_func.text    ro code  0x009d4a    0x16  stm8s_it.o [1]
  .near_func.text    ro code  0x009d60    0x16  stm8s_tim4.o [1]
  .near_func.text    ro code  0x009d76    0x16  stm8s_tim4.o [1]
  .near_func.text    ro code  0x009d8c    0x16  memset.o [4]
  .near_func.text    ro code  0x009da2    0x15  es1642.o [1]
  .near_func.text    ro code  0x009db7    0x14  init.o [4]
  .near_func.text    ro code  0x009dcb    0x14  __dbg_xxexit.o [3]
  .near_func.text    ro code  0x009ddf    0x13  cstartup.o [4]
  .near_func.text    ro code  0x009df2    0x11  ek_gpio.o [1]
  .near_func.text    ro code  0x009e03    0x11  ek_gpio.o [1]
  .near_func.text    ro code  0x009e14    0x11  heater_ctrl.o [1]
  .near_func.text    ro code  0x009e25    0x10  heater_ctrl.o [1]
  .near_func.text    ro code  0x009e35     0xe  es1642_port_stm8.o [1]
  .near_func.text    ro code  0x009e43     0xd  move.o [4]
  .near_func.text    ro code  0x009e50     0xc  es1642_port_stm8.o [1]
  .near_func.text    ro code  0x009e5c     0xb  es1642.o [1]
  .near_func.text    ro code  0x009e67     0xb  es1642.o [1]
  .near_func.text    ro code  0x009e72     0xb  stm8s_adc1.o [1]
  .near_func.text    ro code  0x009e7d     0xb  stm8s_adc1.o [1]
  .near_func.text    ro code  0x009e88     0xb  stm8s_adc1.o [1]
  .near_func.text    ro code  0x009e93     0xb  stm8s_clk.o [1]
  .near_func.text    ro code  0x009e9e     0xb  stm8s_gpio.o [1]
  .near_func.text    ro code  0x009ea9     0xb  stm8s_iwdg.o [1]
  .near_func.text    ro code  0x009eb4     0xb  stm8s_tim4.o [1]
  .near_func.text    ro code  0x009ebf     0xb  stm8s_uart1.o [1]
  .near_func.text    ro code  0x009eca     0xa  heater_ctrl.o [1]
  .near_func.text    ro code  0x009ed4     0x9  ek_tim.o [1]
  .near_func.text    ro code  0x009edd     0x9  stm8s_adc1.o [1]
  .near_func.text    ro code  0x009ee6     0x9  stm8s_adc1.o [1]
  .near_func.text    ro code  0x009eef     0x9  stm8s_adc1.o [1]
  .near_func.text    ro code  0x009ef8     0x9  stm8s_clk.o [1]
  .near_func.text    ro code  0x009f01     0x9  stm8s_uart1.o [1]
  .near_func.text    ro code  0x009f0a     0x8  ek_clk.o [1]
  .near_func.text    ro code  0x009f12     0x8  ek_gpio.o [1]
  .near_func.text    ro code  0x009f1a     0x8  heater_ctrl.o [1]
  .near_func.text    ro code  0x009f22     0x8  heater_ctrl.o [1]
  .near_func.text    ro code  0x009f2a     0x8  stm8s_adc1.o [1]
  .near_func.text    ro code  0x009f32     0x8  stm8s_uart1.o [1]
  .near_func.text    ro code  0x009f3a     0x8  stm8s_uart1.o [1]
  .near_func.text    ro code  0x009f42     0x7  es1642.o [1]
  .near_func.text    ro code  0x009f49     0x7  es1642.o [1]
  .near_func.text    ro code  0x009f50     0x7  heater_ctrl.o [1]
  .near_func.text    ro code  0x009f57     0x7  stm8s_adc1.o [1]
  .near_func.text    ro code  0x009f5e     0x7  stm8s_adc1.o [1]
  .near_func.text    ro code  0x009f65     0x7  stm8s_gpio.o [1]
  .near_func.text    ro code  0x009f6c     0x7  stm8s_gpio.o [1]
  .near_func.text    ro code  0x009f73     0x7  stm8s_gpio.o [1]
  .near_func.text    ro code  0x009f7a     0x6  ek_gpio.o [1]
  .near_func.text    ro code  0x009f80     0x6  ek_gpio.o [1]
  .near_func.text    ro code  0x009f86     0x6  es1642.o [1]
  .near_func.text    ro code  0x009f8c     0x6  heater_ctrl.o [1]
  .near_func.text    ro code  0x009f92     0x6  heater_ctrl.o [1]
  .near_func.text    ro code  0x009f98     0x6  stm8s_uart1.o [1]
  .near_func.text    ro code  0x009f9e     0x5  stm8s_iwdg.o [1]
  .near_func.text    ro code  0x009fa3     0x5  stm8s_iwdg.o [1]
  .near_func.text    ro code  0x009fa8     0x5  cexit.o [4]
  .near.rodata       const    0x009fad     0x4  stm8s_clk.o [1]
  .near_func.text    ro code  0x009fb1     0x4  stm8s_gpio.o [1]
  .near_func.text    ro code  0x009fb5     0x4  stm8s_iwdg.o [1]
  .near_func.text    ro code  0x009fb9     0x4  stm8s_uart1.o [1]
  .near_func.text    ro code  0x009fbd     0x4  stm8s_uart1.o [1]
  .near.rodata       const    0x009fc1     0x3  es1642_port_stm8.o [1]
  .near.rodata       const    0x009fc4     0x3  es1642_port_stm8.o [1]
  .near.rodata       const    0x009fc7     0x3  es1642_port_stm8.o [1]
  .near.rodata       const    0x009fca     0x3  es1642_port_stm8.o [1]
  .near_func.text    ro code  0x009fcd     0x3  es1642_port_stm8.o [1]
  .near_func.text    ro code  0x009fd0     0x3  interrupt.o [4]
  .near_func.text    ro code  0x009fd3     0x3  low_level_init.o [4]
  .near_func.text    ro code  0x009fd6     0x3  exit.o [4]
  .near_func.text    ro code  0x009fd9     0x3  unhandled_exception.o [4]
  .near_func.text    ro code  0x009fdc     0x2  main.o [1]
  Initializer bytes  const    0x009fde     0x2  <for P2-1>
  .near_func.text    ro code  0x009fe0     0x1  stm8s_it.o [1]
  .near_func.text    ro code  0x009fe1     0x1  stm8s_it.o [1]
  .near_func.text    ro code  0x009fe2     0x1  stm8s_it.o [1]
  .near_func.text    ro code  0x009fe3     0x1  stm8s_it.o [1]
  .near_func.text    ro code  0x009fe4     0x1  stm8s_it.o [1]
  .near_func.text    ro code  0x009fe5     0x1  stm8s_it.o [1]
  .near_func.text    ro code  0x009fe6     0x1  stm8s_it.o [1]
  .near_func.text    ro code  0x009fe7     0x1  stm8s_it.o [1]
  .near_func.text    ro code  0x009fe8     0x1  stm8s_it.o [1]
  .near_func.text    ro code  0x009fe9     0x1  stm8s_it.o [1]
  .near_func.text    ro code  0x009fea     0x1  stm8s_it.o [1]
  .near_func.text    ro code  0x009feb     0x1  stm8s_it.o [1]
  .near_func.text    ro code  0x009fec     0x1  stm8s_it.o [1]
  .near_func.text    ro code  0x009fed     0x1  stm8s_it.o [1]
  .near_func.text    ro code  0x009fee     0x1  stm8s_it.o [1]
  .near_func.text    ro code  0x009fef     0x1  stm8s_it.o [1]
  .near_func.text    ro code  0x009ff0     0x1  stm8s_it.o [1]
  .near_func.text    ro code  0x009ff1     0x1  stm8s_it.o [1]
  .near_func.text    ro code  0x009ff2     0x1  __dbg_break.o [3]
                            - 0x009ff3  0x1f73


*******************************************************************************
*** INIT TABLE
***

          Address   Size
          -------   ----
Zero (__iar_zero_init2)
    1 destination range, total size 0xc2:
          0x000012  0xc2

Copy (__iar_copy_init2)
    1 source range, total size 0x2:
          0x009fde   0x2
    1 destination range, total size 0x2:
          0x000010   0x2



*******************************************************************************
*** MODULE SUMMARY
***

    Module                 ro code  ro data  rw data
    ------                 -------  -------  -------
F:\Cubemx_Project\STM8XB\stm8s003f3p6_template_led_and_printf\EWSTM8\STM8S003F3\Obj: [1]
    ek_clk.o                     8
    ek_gpio.o                  145
    ek_tim.o                   183                12
    ek_uart.o                  162                66
    es1642.o                 1 519
    es1642_port_stm8.o         397       12      110
    heater_ctrl.o              931       74        8
    main.o                      76
    stm8s_adc1.o             1 119      112
    stm8s_clk.o                173      115
    stm8s_gpio.o               209      112
    stm8s_it.o                  70
    stm8s_iwdg.o               100      112
    stm8s_tim4.o               240      112
    stm8s_uart1.o              779      113
    ------------------------------------------------
    Total:                   6 111      762      196

command line: [2]
    ------------------------------------------------
    Total:

dbgstm8smd.a: [3]
    __dbg_break.o                1
    __dbg_xxexit.o              20
    ------------------------------------------------
    Total:                      21

dlstm8smn.a: [4]
    cexit.o                      5
    cstartup.o                  19
    dc_util.o                   44
    exit.o                       3
    init.o                      20
    init_small.o                70
    interrupt.o                  3      128
    long.o                     411
    long_util.o                 85
    low_level_init.o             3
    memcpy.o                    31
    memset.o                    22
    move.o                      13
    short.o                     51
    unhandled_exception.o        3
    vreg_util.o                356
    vregs.o                                       16
    ------------------------------------------------
    Total:                   1 139      128       16

    Linker created                       18      256
----------------------------------------------------
    Grand Total:             7 271      908      468


*******************************************************************************
*** ENTRY LIST
***

Entry                    Address   Size  Type      Object
-----                    -------   ----  ----      ------
.iar.init_table$$Base   0x009bc4          --   Gb  - Linker created -
.iar.init_table$$Limit  0x009bd6          --   Gb  - Linker created -
?b0                     0x000000         Data  Gb  vregs.o [4]
?b1                     0x000001         Data  Gb  vregs.o [4]
?b10                    0x00000a         Data  Gb  vregs.o [4]
?b11                    0x00000b         Data  Gb  vregs.o [4]
?b12                    0x00000c         Data  Gb  vregs.o [4]
?b13                    0x00000d         Data  Gb  vregs.o [4]
?b14                    0x00000e         Data  Gb  vregs.o [4]
?b15                    0x00000f         Data  Gb  vregs.o [4]
?b2                     0x000002         Data  Gb  vregs.o [4]
?b3                     0x000003         Data  Gb  vregs.o [4]
?b4                     0x000004         Data  Gb  vregs.o [4]
?b5                     0x000005         Data  Gb  vregs.o [4]
?b6                     0x000006         Data  Gb  vregs.o [4]
?b7                     0x000007         Data  Gb  vregs.o [4]
?b8                     0x000008         Data  Gb  vregs.o [4]
?b9                     0x000009         Data  Gb  vregs.o [4]
?dc32_l0                0x009a4d         Code  Gb  dc_util.o [4]
?dc32_l1                0x009a5a         Code  Gb  dc_util.o [4]
?dc32_px                0x009a67         Code  Gb  dc_util.o [4]
?dc8_px                 0x009a46         Code  Gb  dc_util.o [4]
?dec32_0x_0x            0x008532         Code  Gb  long.o [4]
?dec32_l0_l0            0x00852d         Code  Gb  long.o [4]
?e0                     0x000001         Data  Gb  vregs.o [4]
?e1                     0x000005         Data  Gb  vregs.o [4]
?e2                     0x000009         Data  Gb  vregs.o [4]
?e3                     0x00000d         Data  Gb  vregs.o [4]
?epilogue_l2            0x0088ca         Code  Gb  vreg_util.o [4]
?epilogue_l2_l3         0x0088c7         Code  Gb  vreg_util.o [4]
?epilogue_l2_w6         0x0088ce         Code  Gb  vreg_util.o [4]
?epilogue_w4            0x0088d5         Code  Gb  vreg_util.o [4]
?inc32_0x_0x            0x00851f         Code  Gb  long.o [4]
?inc32_l0_l0            0x00851a         Code  Gb  long.o [4]
?l0                     0x000000         Data  Gb  vregs.o [4]
?l1                     0x000004         Data  Gb  vregs.o [4]
?l2                     0x000008         Data  Gb  vregs.o [4]
?l3                     0x00000c         Data  Gb  vregs.o [4]
?load32_0x_l0           0x009645         Code  Gb  long_util.o [4]
?load32_0x_l1           0x009653         Code  Gb  long_util.o [4]
?load32_asp_l0          0x009639         Code  Gb  long_util.o [4]
?load32_dbsp_l0         0x009634         Code  Gb  long_util.o [4]
?load32_l0_0x           0x00961c         Code  Gb  long_util.o [4]
?load32_l0_asp          0x009611         Code  Gb  long_util.o [4]
?load32_l0_dbsp         0x00960c         Code  Gb  long_util.o [4]
?load32_l0_xsp          0x009613         Code  Gb  long_util.o [4]
?load32_l1_0x           0x009628         Code  Gb  long_util.o [4]
?load32_xsp_l0          0x00963b         Code  Gb  long_util.o [4]
?mov_e0_e1              0x008929         Code  Gb  vreg_util.o [4]
?mov_e0_e2              0x008936         Code  Gb  vreg_util.o [4]
?mov_e0_e3              0x008943         Code  Gb  vreg_util.o [4]
?mov_e1_e0              0x008950         Code  Gb  vreg_util.o [4]
?mov_e1_e2              0x00895d         Code  Gb  vreg_util.o [4]
?mov_e1_e3              0x00896a         Code  Gb  vreg_util.o [4]
?mov_e2_e0              0x008977         Code  Gb  vreg_util.o [4]
?mov_e3_e0              0x008984         Code  Gb  vreg_util.o [4]
?mov_l0_l1              0x008926         Code  Gb  vreg_util.o [4]
?mov_l0_l2              0x008933         Code  Gb  vreg_util.o [4]
?mov_l0_l3              0x008940         Code  Gb  vreg_util.o [4]
?mov_l1_l0              0x00894d         Code  Gb  vreg_util.o [4]
?mov_l1_l2              0x00895a         Code  Gb  vreg_util.o [4]
?mov_l1_l3              0x008967         Code  Gb  vreg_util.o [4]
?mov_l2_l0              0x008974         Code  Gb  vreg_util.o [4]
?mov_l3_l0              0x008981         Code  Gb  vreg_util.o [4]
?mov_w0_w4              0x0088d9         Code  Gb  vreg_util.o [4]
?mov_w0_w7              0x0088e0         Code  Gb  vreg_util.o [4]
?mov_w1_w3              0x00892c         Code  Gb  vreg_util.o [4]
?mov_w1_w4              0x0088e7         Code  Gb  vreg_util.o [4]
?mov_w1_w5              0x008939         Code  Gb  vreg_util.o [4]
?mov_w1_w7              0x008946         Code  Gb  vreg_util.o [4]
?mov_w2_w1              0x0088ee         Code  Gb  vreg_util.o [4]
?mov_w2_w4              0x0088f5         Code  Gb  vreg_util.o [4]
?mov_w2_w6              0x0088fc         Code  Gb  vreg_util.o [4]
?mov_w3_w1              0x008953         Code  Gb  vreg_util.o [4]
?mov_w3_w5              0x008960         Code  Gb  vreg_util.o [4]
?mov_w3_w7              0x00896d         Code  Gb  vreg_util.o [4]
?mov_w4_w0              0x008903         Code  Gb  vreg_util.o [4]
?mov_w4_w1              0x00890a         Code  Gb  vreg_util.o [4]
?mov_w5_w1              0x00897a         Code  Gb  vreg_util.o [4]
?mov_w6_w0              0x008911         Code  Gb  vreg_util.o [4]
?mov_w6_w1              0x008918         Code  Gb  vreg_util.o [4]
?mov_w6_w5              0x00891f         Code  Gb  vreg_util.o [4]
?mov_w7_w1              0x008987         Code  Gb  vreg_util.o [4]
?move1616_v_x_y_a       0x009e43         Code  Gb  move.o [4]
?mul32_l0_l0_0x         0x008564         Code  Gb  long.o [4]
?mul32_l0_l0_dl         0x008561         Code  Gb  long.o [4]
?mul32_l0_l0_l1         0x00856d         Code  Gb  long.o [4]
?or32_l0_l0_0x          0x008673         Code  Gb  long.o [4]
?or32_l0_l0_l1          0x008670         Code  Gb  long.o [4]
?pop_l0                 0x008893         Code  Gb  vreg_util.o [4]
?pop_l1                 0x00889e         Code  Gb  vreg_util.o [4]
?pop_l2                 0x0088a9         Code  Gb  vreg_util.o [4]
?pop_l3                 0x0088b4         Code  Gb  vreg_util.o [4]
?pop_w4                 0x00884c         Code  Gb  vreg_util.o [4]
?pop_w6                 0x008853         Code  Gb  vreg_util.o [4]
?push_l0                0x008862         Code  Gb  vreg_util.o [4]
?push_l1                0x008867         Code  Gb  vreg_util.o [4]
?push_l2                0x00886c         Code  Gb  vreg_util.o [4]
?push_l3                0x008871         Code  Gb  vreg_util.o [4]
?push_w3                0x00882a         Code  Gb  vreg_util.o [4]
?push_w4                0x00882f         Code  Gb  vreg_util.o [4]
?push_w6                0x008834         Code  Gb  vreg_util.o [4]
?sdiv16_x_x_y           0x009956         Code  Gb  short.o [4]
?sll16_x_x_10           0x009979         Code  Gb  short.o [4]
?sll16_x_x_11           0x009978         Code  Gb  short.o [4]
?sll16_x_x_12           0x009977         Code  Gb  short.o [4]
?sll16_x_x_4            0x00997f         Code  Gb  short.o [4]
?sll16_x_x_5            0x00997e         Code  Gb  short.o [4]
?sll16_x_x_6            0x00997d         Code  Gb  short.o [4]
?sll16_x_x_7            0x00997c         Code  Gb  short.o [4]
?sll16_x_x_8            0x00997b         Code  Gb  short.o [4]
?sll16_x_x_9            0x00997a         Code  Gb  short.o [4]
?sll16_x_x_a            0x00996f         Code  Gb  short.o [4]
?sll32_0x_0x_a          0x008692         Code  Gb  long.o [4]
?sll32_l0_l0_a          0x00868f         Code  Gb  long.o [4]
?sll32_l0_l0_db         0x00868b         Code  Gb  long.o [4]
?srl16_x_x_4            0x009984         Code  Gb  short.o [4]
?srl32_0x_0x_a          0x0086a7         Code  Gb  long.o [4]
?srl32_l0_l0_a          0x0086a4         Code  Gb  long.o [4]
?srl32_l0_l0_db         0x0086a0         Code  Gb  long.o [4]
?sub32_l0_l0_0x         0x008549         Code  Gb  long.o [4]
?sub32_l0_l0_l1         0x008546         Code  Gb  long.o [4]
?ucmp32_c_l0_l1         0x008665         Code  Gb  long.o [4]
?udiv32_l0_dl_l1        0x0085f0         Code  Gb  long.o [4]
?udiv32_l0_l0_dl        0x0085f5         Code  Gb  long.o [4]
?udiv32_l0_l0_l1        0x0085f8         Code  Gb  long.o [4]
?umod32_l1_l0_dl        0x0085eb         Code  Gb  long.o [4]
?umod32_l1_l0_l1        0x0085f8         Code  Gb  long.o [4]
?w0                     0x000000         Data  Gb  vregs.o [4]
?w1                     0x000002         Data  Gb  vregs.o [4]
?w2                     0x000004         Data  Gb  vregs.o [4]
?w3                     0x000006         Data  Gb  vregs.o [4]
?w4                     0x000008         Data  Gb  vregs.o [4]
?w5                     0x00000a         Data  Gb  vregs.o [4]
?w6                     0x00000c         Data  Gb  vregs.o [4]
?w7                     0x00000e         Data  Gb  vregs.o [4]
ADC1_ClearFlag          0x00915d   0x74  Code  Gb  stm8s_adc1.o [1]
ADC1_Cmd                0x009d34   0x16  Code  Gb  stm8s_adc1.o [1]
ADC1_ConversionConfig   0x008fdb   0x8a  Code  Gb  stm8s_adc1.o [1]
ADC1_ExternalTriggerConfig
                        0x009787   0x3f  Code  Gb  stm8s_adc1.o [1]
ADC1_GetConversionValue
                        0x0098b3   0x39  Code  Gb  stm8s_adc1.o [1]
ADC1_GetFlagStatus      0x009402   0x70  Code  Gb  stm8s_adc1.o [1]
ADC1_IRQHandler         0x009ff0    0x1  Code  Gb  stm8s_it.o [1]
ADC1_Init               0x008bf5  0x124  Code  Gb  stm8s_adc1.o [1]
ADC1_PrescalerConfig    0x0097c6   0x3d  Code  Gb  stm8s_adc1.o [1]
ADC1_SchmittTriggerConfig
                        0x008de9   0xb0  Code  Gb  stm8s_adc1.o [1]
AWU_IRQHandler          0x009fe2    0x1  Code  Gb  stm8s_it.o [1]
CLK_DeInit              0x0098ec   0x36  Code  Gb  stm8s_clk.o [1]
CLK_GetClockFreq        0x00983e   0x3b  Code  Gb  stm8s_clk.o [1]
CLK_HSIPrescalerConfig  0x009ac7   0x28  Code  Gb  stm8s_clk.o [1]
CLK_IRQHandler          0x009fe3    0x1  Code  Gb  stm8s_it.o [1]
CSTACK$$Base            0x000300          --   Gb  - Linker created -
CSTACK$$Limit           0x000400          --   Gb  - Linker created -
EEPROM_EEC_IRQHandler   0x009ff1    0x1  Code  Gb  stm8s_it.o [1]
ES1642_BuildFrame       0x008094   0x93  Code  Gb  es1642.o [1]
ES1642_DecodeEmptyResponse
                        0x009ced   0x18  Code  Gb  es1642.o [1]
ES1642_DecodeMac        0x009a1a   0x2c  Code  Gb  es1642.o [1]
ES1642_DecodeRecvData   0x008d19   0xd0  Code  Gb  es1642.o [1]
ES1642_DecodeSearchNotify
                        0x009065   0x84  Code  Gb  es1642.o [1]
ES1642_Init             0x009e5c    0xb  Code  Gb  es1642.o [1]
ES1642_InputByte        0x008295   0xa9  Code  Gb  es1642.o [1]
ES1642_MakeSearchReplyCtrl
                        0x00808b    0x9  Code  Gb  es1642.o [1]
ES1642_ParseFrame       0x008175  0x120  Code  Gb  es1642.o [1]
ES1642_ReadMac          0x009e35    0xe  Code  Gb  es1642_port_stm8.o [1]
ES1642_ResetRx          0x008080    0xb  Code  Gb  es1642.o [1]
ES1642_SendData         0x0094e1   0x68  Code  Gb  es1642.o [1]
ES1642_SendFrame        0x008127   0x4e  Code  Gb  es1642.o [1]
ES1642_SendReadMac      0x008343    0xf  Code  Gb  es1642.o [1]
ES1642_SendSearchReply  0x0090e9   0x74  Code  Gb  es1642.o [1]
ES1642_SendSetAddr      0x008352   0x12  Code  Gb  es1642.o [1]
EXTI_PORTA_IRQHandler   0x009fe4    0x1  Code  Gb  stm8s_it.o [1]
EXTI_PORTB_IRQHandler   0x009fe5    0x1  Code  Gb  stm8s_it.o [1]
EXTI_PORTC_IRQHandler   0x009fe6    0x1  Code  Gb  stm8s_it.o [1]
EXTI_PORTD_IRQHandler   0x009fe7    0x1  Code  Gb  stm8s_it.o [1]
EXTI_PORTE_IRQHandler   0x009fe8    0x1  Code  Gb  stm8s_it.o [1]
GPIO_Init               0x008e99   0xad  Code  Gb  stm8s_gpio.o [1]
GPIO_ReadInputPin       0x009f73    0x7  Code  Gb  stm8s_gpio.o [1]
GPIO_WriteHigh          0x009f65    0x7  Code  Gb  stm8s_gpio.o [1]
GPIO_WriteLow           0x009fb1    0x4  Code  Gb  stm8s_gpio.o [1]
GPIO_WriteReverse       0x009f6c    0x7  Code  Gb  stm8s_gpio.o [1]
HSIDivFactor            0x009fad    0x4  Data  Gb  stm8s_clk.o [1]
I2C_IRQHandler          0x009fef    0x1  Code  Gb  stm8s_it.o [1]
INTVEC$$Base            0x008000          --   Gb  - Linker created -
INTVEC$$Limit           0x008080          --   Gb  - Linker created -
IWDG_Enable             0x009fa3    0x5  Code  Gb  stm8s_iwdg.o [1]
IWDG_ReloadCounter      0x009f9e    0x5  Code  Gb  stm8s_iwdg.o [1]
IWDG_SetPrescaler       0x0099eb   0x2f  Code  Gb  stm8s_iwdg.o [1]
IWDG_SetReload          0x009fb5    0x4  Code  Gb  stm8s_iwdg.o [1]
IWDG_WriteAccessCmd     0x009c6d   0x1c  Code  Gb  stm8s_iwdg.o [1]
Region$$Table$$Base     0x009bc4          --   Gb  - Linker created -
Region$$Table$$Limit    0x009bd6          --   Gb  - Linker created -
SPI_IRQHandler          0x009fe9    0x1  Code  Gb  stm8s_it.o [1]
TIM1_CAP_COM_IRQHandler
                        0x009feb    0x1  Code  Gb  stm8s_it.o [1]
TIM1_UPD_OVF_TRG_BRK_IRQHandler
                        0x009fea    0x1  Code  Gb  stm8s_it.o [1]
TIM2_CAP_COM_IRQHandler
                        0x009fed    0x1  Code  Gb  stm8s_it.o [1]
TIM2_UPD_OVF_BRK_IRQHandler
                        0x009fec    0x1  Code  Gb  stm8s_it.o [1]
TIM4_ARRPreloadConfig   0x009d76   0x16  Code  Gb  stm8s_tim4.o [1]
TIM4_ClearFlag          0x009cbb   0x19  Code  Gb  stm8s_tim4.o [1]
TIM4_ClearITPendingBit  0x009cd4   0x19  Code  Gb  stm8s_tim4.o [1]
TIM4_Cmd                0x009d60   0x16  Code  Gb  stm8s_tim4.o [1]
TIM4_DeInit             0x009ca2   0x19  Code  Gb  stm8s_tim4.o [1]
TIM4_ITConfig           0x009922   0x34  Code  Gb  stm8s_tim4.o [1]
TIM4_TimeBaseInit       0x009879   0x3a  Code  Gb  stm8s_tim4.o [1]
TIM4_UPD_OVF_IRQHandler
                        0x009c14   0x1e  Code  Gb  stm8s_it.o [1]
TLI_IRQHandler          0x009fe1    0x1  Code  Gb  stm8s_it.o [1]
TRAP_IRQHandler         0x009fe0    0x1  Code  Gb  stm8s_it.o [1]
TempTable               0x0096fb   0x48  Data  Lc  heater_ctrl.o [1]
UART1_DeInit            0x009a72   0x2b  Code  Gb  stm8s_uart1.o [1]
UART1_GetFlagStatus     0x009549   0x63  Code  Gb  stm8s_uart1.o [1]
UART1_ITConfig          0x008f46   0x95  Code  Gb  stm8s_uart1.o [1]
UART1_Init              0x008364  0x1b6  Code  Gb  stm8s_uart1.o [1]
UART1_RX_IRQHandler     0x009d4a   0x16  Code  Gb  stm8s_it.o [1]
UART1_ReceiveData8      0x009fb9    0x4  Code  Gb  stm8s_uart1.o [1]
UART1_SendData8         0x009fbd    0x4  Code  Gb  stm8s_uart1.o [1]
UART1_TX_IRQHandler     0x009fee    0x1  Code  Gb  stm8s_it.o [1]
__DebugBreak            0x009ff2    0x1  Code  Gb  __dbg_break.o [3]
__exit                  0x009dcb   0x14  Code  Gb  __dbg_xxexit.o [3]
__iar_copy_init2        0x009aef         Code  Gb  init_small.o [4]
__iar_data_init2        0x009db7   0x14  Code  Gb  init.o [4]
__iar_program_start     0x009ddf         Code  Gb  cstartup.o [4]
__iar_unhandled_exception
                        0x009fd9         Code  Gb  unhandled_exception.o [4]
__iar_zero_init2        0x009c32         Code  Gb  init_small.o [4]
__intvec                0x008000         Data  Gb  interrupt.o [4]
__low_level_init        0x009fd3    0x3  Code  Gb  low_level_init.o [4]
_exit                   0x009fa8         Code  Gb  cexit.o [4]
_interrupt_1            0x009fe0         Code  Gb  stm8s_it.o [1]
_interrupt_12           0x009fe9         Code  Gb  stm8s_it.o [1]
_interrupt_13           0x009fea         Code  Gb  stm8s_it.o [1]
_interrupt_14           0x009feb         Code  Gb  stm8s_it.o [1]
_interrupt_15           0x009fec         Code  Gb  stm8s_it.o [1]
_interrupt_16           0x009fed         Code  Gb  stm8s_it.o [1]
_interrupt_19           0x009fee         Code  Gb  stm8s_it.o [1]
_interrupt_2            0x009fe1         Code  Gb  stm8s_it.o [1]
_interrupt_20           0x009d4a         Code  Gb  stm8s_it.o [1]
_interrupt_21           0x009fef         Code  Gb  stm8s_it.o [1]
_interrupt_24           0x009ff0         Code  Gb  stm8s_it.o [1]
_interrupt_25           0x009c14         Code  Gb  stm8s_it.o [1]
_interrupt_26           0x009ff1         Code  Gb  stm8s_it.o [1]
_interrupt_3            0x009fe2         Code  Gb  stm8s_it.o [1]
_interrupt_4            0x009fe3         Code  Gb  stm8s_it.o [1]
_interrupt_5            0x009fe4         Code  Gb  stm8s_it.o [1]
_interrupt_6            0x009fe5         Code  Gb  stm8s_it.o [1]
_interrupt_7            0x009fe6         Code  Gb  stm8s_it.o [1]
_interrupt_8            0x009fe7         Code  Gb  stm8s_it.o [1]
_interrupt_9            0x009fe8         Code  Gb  stm8s_it.o [1]
adc_read_channel        0x0095ac   0x60  Code  Lc  heater_ctrl.o [1]
assert_failed           0x009fdc    0x2  Code  Gb  main.o [1]
board_input1_read       0x009df2   0x11  Code  Gb  ek_gpio.o [1]
board_input2_read       0x009e03   0x11  Code  Gb  ek_gpio.o [1]
board_outputs_all_off   0x009d1d   0x17  Code  Gb  ek_gpio.o [1]
ek_delay                0x009b82   0x21  Code  Gb  ek_tim.o [1]
ek_delay_counter        0x009c89   0x19  Code  Gb  ek_tim.o [1]
ek_delay_tick           0x0000c0    0x4  Data  Gb  ek_tim.o [1]
ek_gpio_init            0x009743   0x44  Code  Gb  ek_gpio.o [1]
ek_soft_timer           0x009661   0x50  Code  Gb  ek_tim.o [1]
ek_sys_clk_init         0x009f0a    0x8  Code  Gb  ek_clk.o [1]
ek_sys_tim_init         0x009b17   0x24  Code  Gb  ek_tim.o [1]
ek_uart_init            0x009b5f   0x23  Code  Gb  ek_uart.o [1]
ek_uart_read_byte       0x009a9d   0x2a  Code  Gb  ek_uart.o [1]
ek_uart_rx_isr          0x009b3b   0x24  Code  Gb  ek_uart.o [1]
ek_uart_send_bytes      0x009989   0x31  Code  Gb  ek_uart.o [1]
es1642_app_init         0x009e50    0xc  Code  Gb  es1642_port_stm8.o [1]
es1642_app_poll         0x009d05   0x18  Code  Gb  es1642_port_stm8.o [1]
es1642_calc_checksum    0x009803   0x3b  Code  Lc  es1642.o [1]
es1642_expect_normal_cmd
                        0x009c50   0x1d  Code  Lc  es1642.o [1]
es1642_get_le16         0x009da2   0x15  Code  Lc  es1642.o [1]
es1642_on_frame         0x00898e  0x137  Code  Gb  es1642_port_stm8.o [1]
es1642_put_le16         0x009f42    0x7  Code  Lc  es1642.o [1]
es1642_uart_rx_irq_handler
                        0x009fcd    0x3  Code  Gb  es1642_port_stm8.o [1]
exit                    0x009fd6    0x3  Code  Gb  exit.o [4]
g_es1642                0x000012   0x4b  Data  Lc  es1642_port_stm8.o [1]
g_input_vol             0x0000cc    0x2  Data  Gb  heater_ctrl.o [1]
g_master_cmd            0x000010    0x1  Data  Gb  heater_ctrl.o [1]
g_state                 0x000011    0x1  Data  Gb  heater_ctrl.o [1]
g_temperature           0x0000d2    0x1  Data  Gb  heater_ctrl.o [1]
heater_close            0x0087c8   0x45  Code  Gb  heater_ctrl.o [1]
heater_ctrl_init        0x009bd6   0x1f  Code  Gb  heater_ctrl.o [1]
heater_delay_seconds    0x0099ba   0x31  Code  Gb  heater_ctrl.o [1]
heater_get_input_vol    0x008737   0x3a  Code  Gb  heater_ctrl.o [1]
heater_get_relay_state  0x0086b5    0xc  Code  Gb  heater_ctrl.o [1]
heater_get_temperature  0x0086c1   0x76  Code  Gb  heater_ctrl.o [1]
heater_open             0x008771   0x57  Code  Gb  heater_ctrl.o [1]
heater_process          0x008ac5  0x130  Code  Gb  heater_ctrl.o [1]
mac_addr                0x0000ba    0x6  Data  Lc  es1642_port_stm8.o [1]
main                    0x0096b1   0x4a  Code  Gb  main.o [1]
memcpy                  0x009bf5   0x1f  Code  Gb  memcpy.o [4]
memset                  0x009d8c   0x16  Code  Gb  memset.o [4]
notify                  0x0000ae    0xc  Data  Lc  es1642_port_stm8.o [1]
recv_data               0x00009d   0x11  Data  Lc  es1642_port_stm8.o [1]
s_abnormal_flag         0x0000d3    0x1  Data  Lc  heater_ctrl.o [1]
s_normal_cnt            0x0000ce    0x2  Data  Lc  heater_ctrl.o [1]
s_rx_fifo               0x00005d   0x40  Data  Lc  ek_uart.o [1]
s_rx_r                  0x0000d1    0x1  Data  Lc  ek_uart.o [1]
s_rx_w                  0x0000d0    0x1  Data  Lc  ek_uart.o [1]
sec_time                0x0000c8    0x4  Data  Gb  ek_tim.o [1]
stm8_es1642_write       0x009ba3   0x21  Code  Gb  es1642_port_stm8.o [1]
tick_10ms               0x0000c4    0x4  Data  Gb  ek_tim.o [1]


[1] = F:\Cubemx_Project\STM8XB\stm8s003f3p6_template_led_and_printf\EWSTM8\STM8S003F3\Obj
[2] = command line
[3] = dbgstm8smd.a
[4] = dlstm8smn.a

  7 271 bytes of readonly  code memory
    908 bytes of readonly  data memory
    468 bytes of readwrite data memory

Errors: none
Warnings: none
