###############################################################################
#
# IAR ELF Linker V3.11.1.207 for STM8                     09/May/2026  14:09:09
# Copyright 2010-2019 IAR Systems AB.
#
#    Output file  =  
#        F:\Cubemx_Project\STM8XB\stm8s003f3p6_template_led_and_printf\EWSTM8\STM8S003F3\Exe\ek_stm8_template.out
#    Map file     =  
#        F:\Cubemx_Project\STM8XB\stm8s003f3p6_template_led_and_printf\EWSTM8\STM8S003F3\List\ek_stm8_template.map
#    Command line =  
#        -f C:\Users\AUSU\AppData\Local\Temp\EW89F5.tmp
#        (F:\Cubemx_Project\STM8XB\stm8s003f3p6_template_led_and_printf\EWSTM8\STM8S003F3\Obj\ek_clk.o
#        F:\Cubemx_Project\STM8XB\stm8s003f3p6_template_led_and_printf\EWSTM8\STM8S003F3\Obj\ek_gpio.o
#        F:\Cubemx_Project\STM8XB\stm8s003f3p6_template_led_and_printf\EWSTM8\STM8S003F3\Obj\ek_tim.o
#        F:\Cubemx_Project\STM8XB\stm8s003f3p6_template_led_and_printf\EWSTM8\STM8S003F3\Obj\ek_uart.o
#        F:\Cubemx_Project\STM8XB\stm8s003f3p6_template_led_and_printf\EWSTM8\STM8S003F3\Obj\es1642.o
#        F:\Cubemx_Project\STM8XB\stm8s003f3p6_template_led_and_printf\EWSTM8\STM8S003F3\Obj\es1642_port_stm8.o
#        F:\Cubemx_Project\STM8XB\stm8s003f3p6_template_led_and_printf\EWSTM8\STM8S003F3\Obj\heater_ctrl.o
#        F:\Cubemx_Project\STM8XB\stm8s003f3p6_template_led_and_printf\EWSTM8\STM8S003F3\Obj\main.o
#        F:\Cubemx_Project\STM8XB\stm8s003f3p6_template_led_and_printf\EWSTM8\STM8S003F3\Obj\stm8s_adc1.o
#        F:\Cubemx_Project\STM8XB\stm8s003f3p6_template_led_and_printf\EWSTM8\STM8S003F3\Obj\stm8s_clk.o
#        F:\Cubemx_Project\STM8XB\stm8s003f3p6_template_led_and_printf\EWSTM8\STM8S003F3\Obj\stm8s_gpio.o
#        F:\Cubemx_Project\STM8XB\stm8s003f3p6_template_led_and_printf\EWSTM8\STM8S003F3\Obj\stm8s_it.o
#        F:\Cubemx_Project\STM8XB\stm8s003f3p6_template_led_and_printf\EWSTM8\STM8S003F3\Obj\stm8s_itc.o
#        F:\Cubemx_Project\STM8XB\stm8s003f3p6_template_led_and_printf\EWSTM8\STM8S003F3\Obj\stm8s_iwdg.o
#        F:\Cubemx_Project\STM8XB\stm8s003f3p6_template_led_and_printf\EWSTM8\STM8S003F3\Obj\stm8s_tim4.o
#        F:\Cubemx_Project\STM8XB\stm8s003f3p6_template_led_and_printf\EWSTM8\STM8S003F3\Obj\stm8s_uart1.o
#        --redirect _Printf=_PrintfSmall --redirect _Scanf=_ScanfSmall
#        --no_out_extension -o
#        F:\Cubemx_Project\STM8XB\stm8s003f3p6_template_led_and_printf\EWSTM8\STM8S003F3\Exe\ek_stm8_template.out
#        --map
#        F:\Cubemx_Project\STM8XB\stm8s003f3p6_template_led_and_printf\EWSTM8\STM8S003F3\List\ek_stm8_template.map
#        --config E:\IARSTM8\stm8\config\lnkstm8s003f3.icf --config_def
#        _CSTACK_SIZE=0x100 --config_def _HEAP_SIZE=0x100 --entry
#        __iar_program_start --debug_lib)
#
###############################################################################

*******************************************************************************
*** RUNTIME MODEL ATTRIBUTES
***

__SystemLibrary            = DLib
__code_model               = small
__core                     = stm8
__data_model               = medium
__dlib_file_descriptor     = 0
__dlib_full_locale_support = 0
__rt_version               = 4


*******************************************************************************
*** PLACEMENT SUMMARY
***

"A0":  place at start of [0x000000-0x0000ff] { rw section .vregs };
"A1":  place at end of [0x000000-0x0003ff] { block CSTACK };
"P2":  place in [from 0x000000 to 0x0003ff] {
          block HEAP, rw section __DLIB_PERTHREAD, rw section .far.bss,
          rw section .far.data, rw section .far.noinit,
          rw section .far_func.textrw, rw section .huge.bss,
          rw section .huge.data, rw section .huge.noinit,
          rw section .huge_func.textrw, rw section .iar.dynexit,
          rw section .near.bss, rw section .near.data, rw section .near.noinit,
          rw section .near_func.textrw };
"A2":  place at start of [0x008000-0x009fff] { block INTVEC };
"P3":  place in [from 0x008000 to 0x009fff] {
          ro section __DLIB_PERTHREAD_init, ro section .far.data_init,
          ro section .far_func.textrw_init, ro section .huge.data_init,
          ro section .huge_func.textrw_init, ro section .iar.init_table,
          ro section .init_array, ro section .near.data_init,
          ro section .near.rodata, ro section .near_func.text,
          ro section .near_func.textrw_init, ro section .tiny.data_init,
          ro section .tiny.rodata_init };
"P4":  place in [from 0x008000 to 0x009fff] {
          ro section .far.rodata, ro section .far_func.text };
"P5":  place in [from 0x008000 to 0x009fff] {
          ro section .huge.rodata, ro section .huge_func.text };
do not initialize {
   rw section .eeprom.noinit, rw section .far.noinit, rw section .huge.noinit,
   rw section .near.noinit, rw section .tiny.noinit, rw section .vregs };
initialize by copy {
   rw section .far.bss, rw section .far.data, rw section .far_func.textrw,
   rw section .huge.bss, rw section .huge.data, rw section .huge_func.textrw,
   rw section .iar.dynexit, rw section .near.bss, rw section .near.data,
   rw section .near_func.textrw, rw section .tiny.bss, rw section .tiny.data,
   ro section .tiny.rodata };

No sections matched the following patterns:

  ro section .far.data_init          in "P3-P5"
  ro section .far.rodata             in "P3-P5"
  ro section .far_func.text          in "P3-P5"
  ro section .far_func.textrw_init   in "P3-P5"
  ro section .huge.data_init         in "P3-P5"
  ro section .huge.rodata            in "P3-P5"
  ro section .huge_func.text         in "P3-P5"
  ro section .huge_func.textrw_init  in "P3-P5"
  ro section .iar.init_table         in "P3-P5"
  ro section .init_array             in "P3-P5"
  ro section .near_func.textrw_init  in "P3-P5"
  ro section .tiny.data_init         in "P3-P5"
  ro section .tiny.rodata_init       in "P3-P5"
  ro section __DLIB_PERTHREAD_init   in "P3-P5"
  rw section .far.bss                in "P2"
  rw section .far.data               in "P2"
  rw section .far.noinit             in "P2"
  rw section .far_func.textrw        in "P2"
  rw section .huge.bss               in "P2"
  rw section .huge.data              in "P2"
  rw section .huge.noinit            in "P2"
  rw section .huge_func.textrw       in "P2"
  rw section .iar.dynexit            in "P2"
  rw section .near.noinit            in "P2"
  rw section .near_func.textrw       in "P2"
  rw section .tiny.bss               in "P1"
  rw section .tiny.data              in "P1"
  rw section .tiny.noinit            in "P1"
  rw section .tiny.rodata            in "P1"
  rw section __DLIB_PERTHREAD        in "P2"
  section .eeprom.data               in "P6-P8"
  section .eeprom.noinit             in "P6-P8"
  section .eeprom.rodata             in "P6-P8"


  Section            Kind      Address    Size  Object
  -------            ----      -------    ----  ------
"A0":                                     0x10
  .vregs             uninit   0x000000    0x10  vregs.o [4]
                            - 0x000010    0x10

"P2", part 1 of 2:                         0x2
  P2-1                        0x000010     0x2  <Init block>
    .near.data       inited   0x000010     0x2  heater_ctrl.o [1]
                            - 0x000012     0x2

"P2", part 2 of 2:                        0xc5
  .near.bss          zero     0x000012    0x4f  es1642_port_stm8.o [1]
  .near.bss          zero     0x000061    0x40  ek_uart.o [1]
  .near.bss          zero     0x0000a1    0x11  es1642_port_stm8.o [1]
  .near.bss          zero     0x0000b2     0xc  es1642_port_stm8.o [1]
  .near.bss          zero     0x0000be     0x6  es1642_port_stm8.o [1]
  .near.bss          zero     0x0000c4     0x4  ek_tim.o [1]
  .near.bss          zero     0x0000c8     0x2  heater_ctrl.o [1]
  .near.bss          zero     0x0000ca     0x2  heater_ctrl.o [1]
  .near.bss          zero     0x0000cc     0x1  ek_uart.o [1]
  .near.bss          zero     0x0000cd     0x1  ek_uart.o [1]
  .near.bss          zero     0x0000ce     0x1  heater_ctrl.o [1]
  .near.bss          zero     0x0000cf     0x1  heater_ctrl.o [1]
  .near.bss          zero     0x0000d0     0x1  heater_ctrl.o [1]
  .near.bss          zero     0x0000d1     0x1  heater_ctrl.o [1]
  .near.bss          zero     0x0000d2     0x1  heater_ctrl.o [1]
  .near.bss          zero     0x0000d3     0x1  heater_ctrl.o [1]
  .near.bss          zero     0x0000d4     0x1  heater_ctrl.o [1]
  .near.bss          zero     0x0000d5     0x1  heater_ctrl.o [1]
  .near.bss          zero     0x0000d6     0x1  heater_ctrl.o [1]
                            - 0x0000d7    0xc5

"A1":                                    0x100
  CSTACK                      0x000300   0x100  <Block>
    CSTACK           uninit   0x000300   0x100  <Block tail>
                            - 0x000400   0x100

"A2":                                     0x80
  INTVEC                      0x008000    0x80  <Block>
    .intvec          const    0x008000    0x80  interrupt.o [4]
                            - 0x008080    0x80

"P3-P5":                                0x1e94
  .near_func.text    ro code  0x008080   0x30f  es1642.o [1]
  .near_func.text    ro code  0x00838f   0x1e8  heater_ctrl.o [1]
  .near_func.text    ro code  0x008577   0x1b6  stm8s_uart1.o [1]
  .near_func.text    ro code  0x00872d   0x19e  long.o [4]
  .near_func.text    ro code  0x0088cb   0x15d  vreg_util.o [4]
  .near_func.text    ro code  0x008a28   0x137  es1642_port_stm8.o [1]
  .near_func.text    ro code  0x008b5f   0x124  stm8s_adc1.o [1]
  .near_func.text    ro code  0x008c83    0xd0  es1642.o [1]
  .near_func.text    ro code  0x008d53    0xba  heater_ctrl.o [1]
  .near_func.text    ro code  0x008e0d    0xb0  stm8s_adc1.o [1]
  .near_func.text    ro code  0x008ebd    0xad  stm8s_gpio.o [1]
  .near_func.text    ro code  0x008f6a    0x95  stm8s_uart1.o [1]
  .near_func.text    ro code  0x008fff    0x8a  stm8s_adc1.o [1]
  .near_func.text    ro code  0x009089    0x84  es1642.o [1]
  .near_func.text    ro code  0x00910d    0x74  es1642.o [1]
  .near_func.text    ro code  0x009181    0x74  stm8s_adc1.o [1]
  .near.rodata       const    0x0091f5    0x71  stm8s_uart1.o [1]
  .near.rodata       const    0x009266    0x70  stm8s_adc1.o [1]
  .near.rodata       const    0x0092d6    0x70  stm8s_gpio.o [1]
  .near.rodata       const    0x009346    0x70  stm8s_tim4.o [1]
  .near_func.text    ro code  0x0093b6    0x70  stm8s_adc1.o [1]
  .near.rodata       const    0x009426    0x6f  stm8s_clk.o [1]
  .near_func.text    ro code  0x009495    0x68  es1642.o [1]
  .near_func.text    ro code  0x0094fd    0x65  heater_ctrl.o [1]
  .near_func.text    ro code  0x009562    0x63  stm8s_uart1.o [1]
  .near_func.text    ro code  0x0095c5    0x55  long_util.o [4]
  .near.rodata       const    0x00961a    0x48  heater_ctrl.o [1]
  .near_func.text    ro code  0x009662    0x44  ek_gpio.o [1]
  .near_func.text    ro code  0x0096a6    0x3f  stm8s_adc1.o [1]
  .near_func.text    ro code  0x0096e5    0x3d  main.o [1]
  .near_func.text    ro code  0x009722    0x3d  stm8s_adc1.o [1]
  .near_func.text    ro code  0x00975f    0x3b  es1642.o [1]
  .near_func.text    ro code  0x00979a    0x3b  stm8s_clk.o [1]
  .near_func.text    ro code  0x0097d5    0x3a  stm8s_tim4.o [1]
  .near_func.text    ro code  0x00980f    0x3a  short.o [4]
  .near_func.text    ro code  0x009849    0x39  stm8s_adc1.o [1]
  .near_func.text    ro code  0x009882    0x36  stm8s_clk.o [1]
  .near_func.text    ro code  0x0098b8    0x34  heater_ctrl.o [1]
  .near_func.text    ro code  0x0098ec    0x34  stm8s_tim4.o [1]
  .near_func.text    ro code  0x009920    0x2c  ek_uart.o [1]
  .near_func.text    ro code  0x00994c    0x2c  es1642.o [1]
  .near_func.text    ro code  0x009978    0x2c  dc_util.o [4]
  .near_func.text    ro code  0x0099a4    0x2b  es1642_port_stm8.o [1]
  .near_func.text    ro code  0x0099cf    0x2b  stm8s_uart1.o [1]
  .near_func.text    ro code  0x0099fa    0x2a  ek_uart.o [1]
  .near_func.text    ro code  0x009a24    0x28  stm8s_clk.o [1]
  .near_func.text    ro code  0x009a4c    0x28  init_small.o [4]
  .near_func.text    ro code  0x009a74    0x24  ek_tim.o [1]
  .near_func.text    ro code  0x009a98    0x24  ek_uart.o [1]
  .near_func.text    ro code  0x009abc    0x23  ek_uart.o [1]
  .near_func.text    ro code  0x009adf    0x23  es1642.o [1]
  .near_func.text    ro code  0x009b02    0x21  es1642_port_stm8.o [1]
  .iar.init_table    const    0x009b23    0x12  - Linker created -
  .near_func.text    ro code  0x009b35    0x1f  heater_ctrl.o [1]
  .near_func.text    ro code  0x009b54    0x1f  memcpy.o [4]
  .near_func.text    ro code  0x009b73    0x1e  stm8s_it.o [1]
  .near_func.text    ro code  0x009b91    0x1e  init_small.o [4]
  .near_func.text    ro code  0x009baf    0x1d  es1642.o [1]
  .near_func.text    ro code  0x009bcc    0x19  ek_tim.o [1]
  .near_func.text    ro code  0x009be5    0x19  ek_tim.o [1]
  .near_func.text    ro code  0x009bfe    0x19  stm8s_tim4.o [1]
  .near_func.text    ro code  0x009c17    0x19  stm8s_tim4.o [1]
  .near_func.text    ro code  0x009c30    0x19  stm8s_tim4.o [1]
  .near_func.text    ro code  0x009c49    0x18  es1642.o [1]
  .near_func.text    ro code  0x009c61    0x18  es1642_port_stm8.o [1]
  .near_func.text    ro code  0x009c79    0x17  ek_gpio.o [1]
  .near_func.text    ro code  0x009c90    0x16  stm8s_adc1.o [1]
  .near_func.text    ro code  0x009ca6    0x16  stm8s_it.o [1]
  .near_func.text    ro code  0x009cbc    0x16  stm8s_tim4.o [1]
  .near_func.text    ro code  0x009cd2    0x16  stm8s_tim4.o [1]
  .near_func.text    ro code  0x009ce8    0x16  memset.o [4]
  .near_func.text    ro code  0x009cfe    0x15  es1642.o [1]
  .near_func.text    ro code  0x009d13    0x14  init.o [4]
  .near_func.text    ro code  0x009d27    0x14  __dbg_xxexit.o [3]
  .near_func.text    ro code  0x009d3b    0x13  cstartup.o [4]
  .near_func.text    ro code  0x009d4e    0x11  ek_gpio.o [1]
  .near_func.text    ro code  0x009d5f    0x11  ek_gpio.o [1]
  .near_func.text    ro code  0x009d70    0x10  heater_ctrl.o [1]
  .near_func.text    ro code  0x009d80     0xe  es1642_port_stm8.o [1]
  .near_func.text    ro code  0x009d8e     0xd  heater_ctrl.o [1]
  .near_func.text    ro code  0x009d9b     0xd  move.o [4]
  .near_func.text    ro code  0x009da8     0xb  es1642.o [1]
  .near_func.text    ro code  0x009db3     0xb  stm8s_adc1.o [1]
  .near_func.text    ro code  0x009dbe     0xb  stm8s_adc1.o [1]
  .near_func.text    ro code  0x009dc9     0xb  stm8s_adc1.o [1]
  .near_func.text    ro code  0x009dd4     0xb  stm8s_clk.o [1]
  .near_func.text    ro code  0x009ddf     0xb  stm8s_gpio.o [1]
  .near_func.text    ro code  0x009dea     0xb  stm8s_tim4.o [1]
  .near_func.text    ro code  0x009df5     0xb  stm8s_uart1.o [1]
  .near_func.text    ro code  0x009e00     0x9  ek_tim.o [1]
  .near_func.text    ro code  0x009e09     0x9  ek_uart.o [1]
  .near_func.text    ro code  0x009e12     0x9  stm8s_adc1.o [1]
  .near_func.text    ro code  0x009e1b     0x9  stm8s_adc1.o [1]
  .near_func.text    ro code  0x009e24     0x9  stm8s_adc1.o [1]
  .near_func.text    ro code  0x009e2d     0x9  stm8s_clk.o [1]
  .near_func.text    ro code  0x009e36     0x9  stm8s_uart1.o [1]
  .near_func.text    ro code  0x009e3f     0x8  ek_clk.o [1]
  .near_func.text    ro code  0x009e47     0x8  ek_gpio.o [1]
  .near_func.text    ro code  0x009e4f     0x8  heater_ctrl.o [1]
  .near_func.text    ro code  0x009e57     0x8  heater_ctrl.o [1]
  .near_func.text    ro code  0x009e5f     0x8  stm8s_adc1.o [1]
  .near_func.text    ro code  0x009e67     0x8  stm8s_uart1.o [1]
  .near_func.text    ro code  0x009e6f     0x8  stm8s_uart1.o [1]
  .near_func.text    ro code  0x009e77     0x7  es1642.o [1]
  .near_func.text    ro code  0x009e7e     0x7  es1642.o [1]
  .near_func.text    ro code  0x009e85     0x7  heater_ctrl.o [1]
  .near_func.text    ro code  0x009e8c     0x7  stm8s_adc1.o [1]
  .near_func.text    ro code  0x009e93     0x7  stm8s_adc1.o [1]
  .near_func.text    ro code  0x009e9a     0x7  stm8s_gpio.o [1]
  .near_func.text    ro code  0x009ea1     0x7  stm8s_gpio.o [1]
  .near_func.text    ro code  0x009ea8     0x6  ek_gpio.o [1]
  .near_func.text    ro code  0x009eae     0x6  ek_gpio.o [1]
  .near_func.text    ro code  0x009eb4     0x6  es1642.o [1]
  .near_func.text    ro code  0x009eba     0x6  heater_ctrl.o [1]
  .near_func.text    ro code  0x009ec0     0x6  heater_ctrl.o [1]
  .near_func.text    ro code  0x009ec6     0x6  stm8s_uart1.o [1]
  .near_func.text    ro code  0x009ecc     0x5  cexit.o [4]
  .near.rodata       const    0x009ed1     0x4  stm8s_clk.o [1]
  .near_func.text    ro code  0x009ed5     0x4  stm8s_gpio.o [1]
  .near_func.text    ro code  0x009ed9     0x4  stm8s_uart1.o [1]
  .near_func.text    ro code  0x009edd     0x4  stm8s_uart1.o [1]
  .near.rodata       const    0x009ee1     0x3  es1642_port_stm8.o [1]
  .near.rodata       const    0x009ee4     0x3  es1642_port_stm8.o [1]
  .near.rodata       const    0x009ee7     0x3  es1642_port_stm8.o [1]
  .near.rodata       const    0x009eea     0x3  es1642_port_stm8.o [1]
  .near_func.text    ro code  0x009eed     0x3  es1642_port_stm8.o [1]
  .near_func.text    ro code  0x009ef0     0x3  interrupt.o [4]
  .near_func.text    ro code  0x009ef3     0x3  low_level_init.o [4]
  .near_func.text    ro code  0x009ef6     0x3  exit.o [4]
  .near_func.text    ro code  0x009ef9     0x3  unhandled_exception.o [4]
  .near_func.text    ro code  0x009efc     0x2  main.o [1]
  Initializer bytes  const    0x009efe     0x2  <for P2-1>
  .near_func.text    ro code  0x009f00     0x1  ek_tim.o [1]
  .near_func.text    ro code  0x009f01     0x1  stm8s_it.o [1]
  .near_func.text    ro code  0x009f02     0x1  stm8s_it.o [1]
  .near_func.text    ro code  0x009f03     0x1  stm8s_it.o [1]
  .near_func.text    ro code  0x009f04     0x1  stm8s_it.o [1]
  .near_func.text    ro code  0x009f05     0x1  stm8s_it.o [1]
  .near_func.text    ro code  0x009f06     0x1  stm8s_it.o [1]
  .near_func.text    ro code  0x009f07     0x1  stm8s_it.o [1]
  .near_func.text    ro code  0x009f08     0x1  stm8s_it.o [1]
  .near_func.text    ro code  0x009f09     0x1  stm8s_it.o [1]
  .near_func.text    ro code  0x009f0a     0x1  stm8s_it.o [1]
  .near_func.text    ro code  0x009f0b     0x1  stm8s_it.o [1]
  .near_func.text    ro code  0x009f0c     0x1  stm8s_it.o [1]
  .near_func.text    ro code  0x009f0d     0x1  stm8s_it.o [1]
  .near_func.text    ro code  0x009f0e     0x1  stm8s_it.o [1]
  .near_func.text    ro code  0x009f0f     0x1  stm8s_it.o [1]
  .near_func.text    ro code  0x009f10     0x1  stm8s_it.o [1]
  .near_func.text    ro code  0x009f11     0x1  stm8s_it.o [1]
  .near_func.text    ro code  0x009f12     0x1  stm8s_it.o [1]
  .near_func.text    ro code  0x009f13     0x1  __dbg_break.o [3]
                            - 0x009f14  0x1e94


*******************************************************************************
*** INIT TABLE
***

          Address   Size
          -------   ----
Zero (__iar_zero_init2)
    1 destination range, total size 0xc5:
          0x000012  0xc5

Copy (__iar_copy_init2)
    1 source range, total size 0x2:
          0x009efe   0x2
    1 destination range, total size 0x2:
          0x000010   0x2



*******************************************************************************
*** MODULE SUMMARY
***

    Module                 ro code  ro data  rw data
    ------                 -------  -------  -------
F:\Cubemx_Project\STM8XB\stm8s003f3p6_template_led_and_printf\EWSTM8\STM8S003F3\Obj: [1]
    ek_clk.o                     8
    ek_gpio.o                  145
    ek_tim.o                    96                 4
    ek_uart.o                  166                66
    es1642.o                 1 586
    es1642_port_stm8.o         428       12      114
    heater_ctrl.o              922       74       15
    main.o                      63
    stm8s_adc1.o             1 119      112
    stm8s_clk.o                173      115
    stm8s_gpio.o               202      112
    stm8s_it.o                  70
    stm8s_tim4.o               240      112
    stm8s_uart1.o              779      113
    ------------------------------------------------
    Total:                   5 997      650      199

command line: [2]
    ------------------------------------------------
    Total:

dbgstm8smd.a: [3]
    __dbg_break.o                1
    __dbg_xxexit.o              20
    ------------------------------------------------
    Total:                      21

dlstm8smn.a: [4]
    cexit.o                      5
    cstartup.o                  19
    dc_util.o                   44
    exit.o                       3
    init.o                      20
    init_small.o                70
    interrupt.o                  3      128
    long.o                     414
    long_util.o                 85
    low_level_init.o             3
    memcpy.o                    31
    memset.o                    22
    move.o                      13
    short.o                     58
    unhandled_exception.o        3
    vreg_util.o                349
    vregs.o                                       16
    ------------------------------------------------
    Total:                   1 142      128       16

    Linker created                       18      256
----------------------------------------------------
    Grand Total:             7 160      796      471


*******************************************************************************
*** ENTRY LIST
***

Entry                    Address   Size  Type      Object
-----                    -------   ----  ----      ------
.iar.init_table$$Base   0x009b23          --   Gb  - Linker created -
.iar.init_table$$Limit  0x009b35          --   Gb  - Linker created -
?add32_l0_l0_0x         0x008749         Code  Gb  long.o [4]
?add32_l0_l0_l1         0x008746         Code  Gb  long.o [4]
?b0                     0x000000         Data  Gb  vregs.o [4]
?b1                     0x000001         Data  Gb  vregs.o [4]
?b10                    0x00000a         Data  Gb  vregs.o [4]
?b11                    0x00000b         Data  Gb  vregs.o [4]
?b12                    0x00000c         Data  Gb  vregs.o [4]
?b13                    0x00000d         Data  Gb  vregs.o [4]
?b14                    0x00000e         Data  Gb  vregs.o [4]
?b15                    0x00000f         Data  Gb  vregs.o [4]
?b2                     0x000002         Data  Gb  vregs.o [4]
?b3                     0x000003         Data  Gb  vregs.o [4]
?b4                     0x000004         Data  Gb  vregs.o [4]
?b5                     0x000005         Data  Gb  vregs.o [4]
?b6                     0x000006         Data  Gb  vregs.o [4]
?b7                     0x000007         Data  Gb  vregs.o [4]
?b8                     0x000008         Data  Gb  vregs.o [4]
?b9                     0x000009         Data  Gb  vregs.o [4]
?dc32_l0                0x00997f         Code  Gb  dc_util.o [4]
?dc32_l1                0x00998c         Code  Gb  dc_util.o [4]
?dc32_px                0x009999         Code  Gb  dc_util.o [4]
?dc8_px                 0x009978         Code  Gb  dc_util.o [4]
?dec32_0x_0x            0x008732         Code  Gb  long.o [4]
?dec32_l0_l0            0x00872d         Code  Gb  long.o [4]
?e0                     0x000001         Data  Gb  vregs.o [4]
?e1                     0x000005         Data  Gb  vregs.o [4]
?e2                     0x000009         Data  Gb  vregs.o [4]
?e3                     0x00000d         Data  Gb  vregs.o [4]
?epilogue_l2            0x00896b         Code  Gb  vreg_util.o [4]
?epilogue_l2_l3         0x008968         Code  Gb  vreg_util.o [4]
?epilogue_l2_w6         0x00896f         Code  Gb  vreg_util.o [4]
?epilogue_w4            0x008976         Code  Gb  vreg_util.o [4]
?l0                     0x000000         Data  Gb  vregs.o [4]
?l1                     0x000004         Data  Gb  vregs.o [4]
?l2                     0x000008         Data  Gb  vregs.o [4]
?l3                     0x00000c         Data  Gb  vregs.o [4]
?load32_0x_l0           0x0095fe         Code  Gb  long_util.o [4]
?load32_0x_l1           0x00960c         Code  Gb  long_util.o [4]
?load32_asp_l0          0x0095f2         Code  Gb  long_util.o [4]
?load32_dbsp_l0         0x0095ed         Code  Gb  long_util.o [4]
?load32_l0_0x           0x0095d5         Code  Gb  long_util.o [4]
?load32_l0_asp          0x0095ca         Code  Gb  long_util.o [4]
?load32_l0_dbsp         0x0095c5         Code  Gb  long_util.o [4]
?load32_l0_xsp          0x0095cc         Code  Gb  long_util.o [4]
?load32_l1_0x           0x0095e1         Code  Gb  long_util.o [4]
?load32_xsp_l0          0x0095f4         Code  Gb  long_util.o [4]
?mov_e0_e1              0x0089c3         Code  Gb  vreg_util.o [4]
?mov_e0_e2              0x0089d0         Code  Gb  vreg_util.o [4]
?mov_e0_e3              0x0089dd         Code  Gb  vreg_util.o [4]
?mov_e1_e0              0x0089ea         Code  Gb  vreg_util.o [4]
?mov_e1_e2              0x0089f7         Code  Gb  vreg_util.o [4]
?mov_e1_e3              0x008a04         Code  Gb  vreg_util.o [4]
?mov_e2_e0              0x008a11         Code  Gb  vreg_util.o [4]
?mov_e3_e0              0x008a1e         Code  Gb  vreg_util.o [4]
?mov_l0_l1              0x0089c0         Code  Gb  vreg_util.o [4]
?mov_l0_l2              0x0089cd         Code  Gb  vreg_util.o [4]
?mov_l0_l3              0x0089da         Code  Gb  vreg_util.o [4]
?mov_l1_l0              0x0089e7         Code  Gb  vreg_util.o [4]
?mov_l1_l2              0x0089f4         Code  Gb  vreg_util.o [4]
?mov_l1_l3              0x008a01         Code  Gb  vreg_util.o [4]
?mov_l2_l0              0x008a0e         Code  Gb  vreg_util.o [4]
?mov_l3_l0              0x008a1b         Code  Gb  vreg_util.o [4]
?mov_w0_w4              0x00897a         Code  Gb  vreg_util.o [4]
?mov_w0_w7              0x008981         Code  Gb  vreg_util.o [4]
?mov_w1_w3              0x0089c6         Code  Gb  vreg_util.o [4]
?mov_w1_w4              0x008988         Code  Gb  vreg_util.o [4]
?mov_w1_w5              0x0089d3         Code  Gb  vreg_util.o [4]
?mov_w1_w7              0x0089e0         Code  Gb  vreg_util.o [4]
?mov_w2_w1              0x00898f         Code  Gb  vreg_util.o [4]
?mov_w2_w6              0x008996         Code  Gb  vreg_util.o [4]
?mov_w3_w1              0x0089ed         Code  Gb  vreg_util.o [4]
?mov_w3_w5              0x0089fa         Code  Gb  vreg_util.o [4]
?mov_w3_w7              0x008a07         Code  Gb  vreg_util.o [4]
?mov_w4_w0              0x00899d         Code  Gb  vreg_util.o [4]
?mov_w4_w1              0x0089a4         Code  Gb  vreg_util.o [4]
?mov_w5_w1              0x008a14         Code  Gb  vreg_util.o [4]
?mov_w6_w0              0x0089ab         Code  Gb  vreg_util.o [4]
?mov_w6_w1              0x0089b2         Code  Gb  vreg_util.o [4]
?mov_w6_w5              0x0089b9         Code  Gb  vreg_util.o [4]
?mov_w7_w1              0x008a21         Code  Gb  vreg_util.o [4]
?move1616_v_x_y_a       0x009d9b         Code  Gb  move.o [4]
?mul32_l0_l0_0x         0x00877f         Code  Gb  long.o [4]
?mul32_l0_l0_dl         0x00877c         Code  Gb  long.o [4]
?mul32_l0_l0_l1         0x008788         Code  Gb  long.o [4]
?or32_l0_l0_0x          0x008889         Code  Gb  long.o [4]
?or32_l0_l0_l1          0x008886         Code  Gb  long.o [4]
?pop_l0                 0x008934         Code  Gb  vreg_util.o [4]
?pop_l1                 0x00893f         Code  Gb  vreg_util.o [4]
?pop_l2                 0x00894a         Code  Gb  vreg_util.o [4]
?pop_l3                 0x008955         Code  Gb  vreg_util.o [4]
?pop_w4                 0x0088ed         Code  Gb  vreg_util.o [4]
?pop_w6                 0x0088f4         Code  Gb  vreg_util.o [4]
?push_l0                0x008903         Code  Gb  vreg_util.o [4]
?push_l1                0x008908         Code  Gb  vreg_util.o [4]
?push_l2                0x00890d         Code  Gb  vreg_util.o [4]
?push_l3                0x008912         Code  Gb  vreg_util.o [4]
?push_w3                0x0088cb         Code  Gb  vreg_util.o [4]
?push_w4                0x0088d0         Code  Gb  vreg_util.o [4]
?push_w6                0x0088d5         Code  Gb  vreg_util.o [4]
?sdiv16_x_x_y           0x00980f         Code  Gb  short.o [4]
?sext16_x_a             0x009842         Code  Gb  short.o [4]
?sll16_x_x_10           0x009832         Code  Gb  short.o [4]
?sll16_x_x_11           0x009831         Code  Gb  short.o [4]
?sll16_x_x_12           0x009830         Code  Gb  short.o [4]
?sll16_x_x_4            0x009838         Code  Gb  short.o [4]
?sll16_x_x_5            0x009837         Code  Gb  short.o [4]
?sll16_x_x_6            0x009836         Code  Gb  short.o [4]
?sll16_x_x_7            0x009835         Code  Gb  short.o [4]
?sll16_x_x_8            0x009834         Code  Gb  short.o [4]
?sll16_x_x_9            0x009833         Code  Gb  short.o [4]
?sll16_x_x_a            0x009828         Code  Gb  short.o [4]
?sll32_0x_0x_a          0x0088a8         Code  Gb  long.o [4]
?sll32_l0_l0_a          0x0088a5         Code  Gb  long.o [4]
?sll32_l0_l0_db         0x0088a1         Code  Gb  long.o [4]
?srl16_x_x_4            0x00983d         Code  Gb  short.o [4]
?srl32_0x_0x_a          0x0088bd         Code  Gb  long.o [4]
?srl32_l0_l0_a          0x0088ba         Code  Gb  long.o [4]
?srl32_l0_l0_db         0x0088b6         Code  Gb  long.o [4]
?sub32_l0_l0_0x         0x008764         Code  Gb  long.o [4]
?sub32_l0_l0_l1         0x008761         Code  Gb  long.o [4]
?ucmp32_c_l0_l1         0x00887b         Code  Gb  long.o [4]
?udiv32_l0_dl_l1        0x008806         Code  Gb  long.o [4]
?udiv32_l0_l0_dl        0x00880b         Code  Gb  long.o [4]
?udiv32_l0_l0_l1        0x00880e         Code  Gb  long.o [4]
?umod32_l1_l0_l1        0x00880e         Code  Gb  long.o [4]
?w0                     0x000000         Data  Gb  vregs.o [4]
?w1                     0x000002         Data  Gb  vregs.o [4]
?w2                     0x000004         Data  Gb  vregs.o [4]
?w3                     0x000006         Data  Gb  vregs.o [4]
?w4                     0x000008         Data  Gb  vregs.o [4]
?w5                     0x00000a         Data  Gb  vregs.o [4]
?w6                     0x00000c         Data  Gb  vregs.o [4]
?w7                     0x00000e         Data  Gb  vregs.o [4]
ADC1_ClearFlag          0x009181   0x74  Code  Gb  stm8s_adc1.o [1]
ADC1_Cmd                0x009c90   0x16  Code  Gb  stm8s_adc1.o [1]
ADC1_ConversionConfig   0x008fff   0x8a  Code  Gb  stm8s_adc1.o [1]
ADC1_ExternalTriggerConfig
                        0x0096a6   0x3f  Code  Gb  stm8s_adc1.o [1]
ADC1_GetConversionValue
                        0x009849   0x39  Code  Gb  stm8s_adc1.o [1]
ADC1_GetFlagStatus      0x0093b6   0x70  Code  Gb  stm8s_adc1.o [1]
ADC1_IRQHandler         0x009f11    0x1  Code  Gb  stm8s_it.o [1]
ADC1_Init               0x008b5f  0x124  Code  Gb  stm8s_adc1.o [1]
ADC1_PrescalerConfig    0x009722   0x3d  Code  Gb  stm8s_adc1.o [1]
ADC1_SchmittTriggerConfig
                        0x008e0d   0xb0  Code  Gb  stm8s_adc1.o [1]
AWU_IRQHandler          0x009f03    0x1  Code  Gb  stm8s_it.o [1]
CLK_DeInit              0x009882   0x36  Code  Gb  stm8s_clk.o [1]
CLK_GetClockFreq        0x00979a   0x3b  Code  Gb  stm8s_clk.o [1]
CLK_HSIPrescalerConfig  0x009a24   0x28  Code  Gb  stm8s_clk.o [1]
CLK_IRQHandler          0x009f04    0x1  Code  Gb  stm8s_it.o [1]
CSTACK$$Base            0x000300          --   Gb  - Linker created -
CSTACK$$Limit           0x000400          --   Gb  - Linker created -
EEPROM_EEC_IRQHandler   0x009f12    0x1  Code  Gb  stm8s_it.o [1]
ES1642_BuildFrame       0x008094   0x93  Code  Gb  es1642.o [1]
ES1642_DecodeEmptyResponse
                        0x009c49   0x18  Code  Gb  es1642.o [1]
ES1642_DecodeMac        0x00994c   0x2c  Code  Gb  es1642.o [1]
ES1642_DecodeRecvData   0x008c83   0xd0  Code  Gb  es1642.o [1]
ES1642_DecodeSearchNotify
                        0x009089   0x84  Code  Gb  es1642.o [1]
ES1642_Init             0x009adf   0x23  Code  Gb  es1642.o [1]
ES1642_InputByte        0x0082aa   0xbf  Code  Gb  es1642.o [1]
ES1642_MakeSearchReplyCtrl
                        0x00808b    0x9  Code  Gb  es1642.o [1]
ES1642_ParseFrame       0x00818b  0x11f  Code  Gb  es1642.o [1]
ES1642_ReadMac          0x009d80    0xe  Code  Gb  es1642_port_stm8.o [1]
ES1642_ResetRx          0x008080    0xb  Code  Gb  es1642.o [1]
ES1642_SendData         0x009495   0x68  Code  Gb  es1642.o [1]
ES1642_SendFrame        0x008127   0x64  Code  Gb  es1642.o [1]
ES1642_SendReadMac      0x00836e    0xf  Code  Gb  es1642.o [1]
ES1642_SendSearchReply  0x00910d   0x74  Code  Gb  es1642.o [1]
ES1642_SendSetAddr      0x00837d   0x12  Code  Gb  es1642.o [1]
EXTI_PORTA_IRQHandler   0x009f05    0x1  Code  Gb  stm8s_it.o [1]
EXTI_PORTB_IRQHandler   0x009f06    0x1  Code  Gb  stm8s_it.o [1]
EXTI_PORTC_IRQHandler   0x009f07    0x1  Code  Gb  stm8s_it.o [1]
EXTI_PORTD_IRQHandler   0x009f08    0x1  Code  Gb  stm8s_it.o [1]
EXTI_PORTE_IRQHandler   0x009f09    0x1  Code  Gb  stm8s_it.o [1]
GPIO_Init               0x008ebd   0xad  Code  Gb  stm8s_gpio.o [1]
GPIO_ReadInputPin       0x009ea1    0x7  Code  Gb  stm8s_gpio.o [1]
GPIO_WriteHigh          0x009e9a    0x7  Code  Gb  stm8s_gpio.o [1]
GPIO_WriteLow           0x009ed5    0x4  Code  Gb  stm8s_gpio.o [1]
HSIDivFactor            0x009ed1    0x4  Data  Gb  stm8s_clk.o [1]
I2C_IRQHandler          0x009f10    0x1  Code  Gb  stm8s_it.o [1]
INTVEC$$Base            0x008000          --   Gb  - Linker created -
INTVEC$$Limit           0x008080          --   Gb  - Linker created -
Region$$Table$$Base     0x009b23          --   Gb  - Linker created -
Region$$Table$$Limit    0x009b35          --   Gb  - Linker created -
SPI_IRQHandler          0x009f0a    0x1  Code  Gb  stm8s_it.o [1]
TIM1_CAP_COM_IRQHandler
                        0x009f0c    0x1  Code  Gb  stm8s_it.o [1]
TIM1_UPD_OVF_TRG_BRK_IRQHandler
                        0x009f0b    0x1  Code  Gb  stm8s_it.o [1]
TIM2_CAP_COM_IRQHandler
                        0x009f0e    0x1  Code  Gb  stm8s_it.o [1]
TIM2_UPD_OVF_BRK_IRQHandler
                        0x009f0d    0x1  Code  Gb  stm8s_it.o [1]
TIM4_ARRPreloadConfig   0x009cd2   0x16  Code  Gb  stm8s_tim4.o [1]
TIM4_ClearFlag          0x009c17   0x19  Code  Gb  stm8s_tim4.o [1]
TIM4_ClearITPendingBit  0x009c30   0x19  Code  Gb  stm8s_tim4.o [1]
TIM4_Cmd                0x009cbc   0x16  Code  Gb  stm8s_tim4.o [1]
TIM4_DeInit             0x009bfe   0x19  Code  Gb  stm8s_tim4.o [1]
TIM4_ITConfig           0x0098ec   0x34  Code  Gb  stm8s_tim4.o [1]
TIM4_TimeBaseInit       0x0097d5   0x3a  Code  Gb  stm8s_tim4.o [1]
TIM4_UPD_OVF_IRQHandler
                        0x009b73   0x1e  Code  Gb  stm8s_it.o [1]
TLI_IRQHandler          0x009f02    0x1  Code  Gb  stm8s_it.o [1]
TRAP_IRQHandler         0x009f01    0x1  Code  Gb  stm8s_it.o [1]
TempTable               0x00961a   0x48  Data  Lc  heater_ctrl.o [1]
UART1_DeInit            0x0099cf   0x2b  Code  Gb  stm8s_uart1.o [1]
UART1_GetFlagStatus     0x009562   0x63  Code  Gb  stm8s_uart1.o [1]
UART1_ITConfig          0x008f6a   0x95  Code  Gb  stm8s_uart1.o [1]
UART1_Init              0x008577  0x1b6  Code  Gb  stm8s_uart1.o [1]
UART1_RX_IRQHandler     0x009ca6   0x16  Code  Gb  stm8s_it.o [1]
UART1_ReceiveData8      0x009ed9    0x4  Code  Gb  stm8s_uart1.o [1]
UART1_SendData8         0x009edd    0x4  Code  Gb  stm8s_uart1.o [1]
UART1_TX_IRQHandler     0x009f0f    0x1  Code  Gb  stm8s_it.o [1]
__DebugBreak            0x009f13    0x1  Code  Gb  __dbg_break.o [3]
__exit                  0x009d27   0x14  Code  Gb  __dbg_xxexit.o [3]
__iar_copy_init2        0x009a4c         Code  Gb  init_small.o [4]
__iar_data_init2        0x009d13   0x14  Code  Gb  init.o [4]
__iar_program_start     0x009d3b         Code  Gb  cstartup.o [4]
__iar_unhandled_exception
                        0x009ef9         Code  Gb  unhandled_exception.o [4]
__iar_zero_init2        0x009b91         Code  Gb  init_small.o [4]
__intvec                0x008000         Data  Gb  interrupt.o [4]
__low_level_init        0x009ef3    0x3  Code  Gb  low_level_init.o [4]
_exit                   0x009ecc         Code  Gb  cexit.o [4]
_interrupt_1            0x009f01         Code  Gb  stm8s_it.o [1]
_interrupt_12           0x009f0a         Code  Gb  stm8s_it.o [1]
_interrupt_13           0x009f0b         Code  Gb  stm8s_it.o [1]
_interrupt_14           0x009f0c         Code  Gb  stm8s_it.o [1]
_interrupt_15           0x009f0d         Code  Gb  stm8s_it.o [1]
_interrupt_16           0x009f0e         Code  Gb  stm8s_it.o [1]
_interrupt_19           0x009f0f         Code  Gb  stm8s_it.o [1]
_interrupt_2            0x009f02         Code  Gb  stm8s_it.o [1]
_interrupt_20           0x009ca6         Code  Gb  stm8s_it.o [1]
_interrupt_21           0x009f10         Code  Gb  stm8s_it.o [1]
_interrupt_24           0x009f11         Code  Gb  stm8s_it.o [1]
_interrupt_25           0x009b73         Code  Gb  stm8s_it.o [1]
_interrupt_26           0x009f12         Code  Gb  stm8s_it.o [1]
_interrupt_3            0x009f03         Code  Gb  stm8s_it.o [1]
_interrupt_4            0x009f04         Code  Gb  stm8s_it.o [1]
_interrupt_5            0x009f05         Code  Gb  stm8s_it.o [1]
_interrupt_6            0x009f06         Code  Gb  stm8s_it.o [1]
_interrupt_7            0x009f07         Code  Gb  stm8s_it.o [1]
_interrupt_8            0x009f08         Code  Gb  stm8s_it.o [1]
_interrupt_9            0x009f09         Code  Gb  stm8s_it.o [1]
adc_read_channel        0x0094fd   0x65  Code  Lc  heater_ctrl.o [1]
assert_failed           0x009efc    0x2  Code  Gb  main.o [1]
board_input1_read       0x009d4e   0x11  Code  Gb  ek_gpio.o [1]
board_input2_read       0x009d5f   0x11  Code  Gb  ek_gpio.o [1]
board_outputs_all_off   0x009c79   0x17  Code  Gb  ek_gpio.o [1]
ek_delay                0x009bcc   0x19  Code  Gb  ek_tim.o [1]
ek_delay_counter        0x009be5   0x19  Code  Gb  ek_tim.o [1]
ek_delay_tick           0x0000c4    0x4  Data  Gb  ek_tim.o [1]
ek_gpio_init            0x009662   0x44  Code  Gb  ek_gpio.o [1]
ek_soft_timer           0x009f00    0x1  Code  Gb  ek_tim.o [1]
ek_sys_clk_init         0x009e3f    0x8  Code  Gb  ek_clk.o [1]
ek_sys_tim_init         0x009a74   0x24  Code  Gb  ek_tim.o [1]
ek_uart_init            0x009abc   0x23  Code  Gb  ek_uart.o [1]
ek_uart_read_byte       0x0099fa   0x2a  Code  Gb  ek_uart.o [1]
ek_uart_rx_isr          0x009a98   0x24  Code  Gb  ek_uart.o [1]
ek_uart_send_bytes      0x009920   0x2c  Code  Gb  ek_uart.o [1]
es1642_app_init         0x0099a4   0x2b  Code  Gb  es1642_port_stm8.o [1]
es1642_app_poll         0x009c61   0x18  Code  Gb  es1642_port_stm8.o [1]
es1642_calc_checksum    0x00975f   0x3b  Code  Lc  es1642.o [1]
es1642_expect_normal_cmd
                        0x009baf   0x1d  Code  Lc  es1642.o [1]
es1642_get_le16         0x009cfe   0x15  Code  Lc  es1642.o [1]
es1642_on_frame         0x008a28  0x137  Code  Lc  es1642_port_stm8.o [1]
es1642_put_le16         0x009e77    0x7  Code  Lc  es1642.o [1]
es1642_uart_rx_irq_handler
                        0x009eed    0x3  Code  Gb  es1642_port_stm8.o [1]
exit                    0x009ef6    0x3  Code  Gb  exit.o [4]
g_es1642                0x000012   0x4f  Data  Lc  es1642_port_stm8.o [1]
g_input_vol             0x0000c8    0x2  Data  Gb  heater_ctrl.o [1]
g_master_cmd            0x0000cf    0x1  Data  Gb  heater_ctrl.o [1]
g_state                 0x0000d0    0x1  Data  Gb  heater_ctrl.o [1]
g_temperature           0x0000ce    0x1  Data  Gb  heater_ctrl.o [1]
heater_close            0x008513   0x46  Code  Gb  heater_ctrl.o [1]
heater_ctrl_init        0x009b35   0x1f  Code  Gb  heater_ctrl.o [1]
heater_delay_seconds    0x0098b8   0x34  Code  Gb  heater_ctrl.o [1]
heater_get_input_vol    0x008488   0x3a  Code  Gb  heater_ctrl.o [1]
heater_get_relay_state  0x00838f    0xd  Code  Gb  heater_ctrl.o [1]
heater_get_temperature  0x00839c   0xdb  Code  Gb  heater_ctrl.o [1]
heater_open             0x0084c2   0x51  Code  Gb  heater_ctrl.o [1]
heater_process          0x008d53   0xba  Code  Gb  heater_ctrl.o [1]
mac_addr                0x0000be    0x6  Data  Lc  es1642_port_stm8.o [1]
main                    0x0096e5   0x3d  Code  Gb  main.o [1]
memcpy                  0x009b54   0x1f  Code  Gb  memcpy.o [4]
memset                  0x009ce8   0x16  Code  Gb  memset.o [4]
notify                  0x0000b2    0xc  Data  Lc  es1642_port_stm8.o [1]
recv_data               0x0000a1   0x11  Data  Lc  es1642_port_stm8.o [1]
s_abnormal_flag         0x0000d5    0x1  Data  Lc  heater_ctrl.o [1]
s_err_over_cycle        0x0000d4    0x1  Data  Lc  heater_ctrl.o [1]
s_normal_cnt            0x0000ca    0x2  Data  Lc  heater_ctrl.o [1]
s_over_err_cnt          0x0000d3    0x1  Data  Lc  heater_ctrl.o [1]
s_rx_fifo               0x000061   0x40  Data  Lc  ek_uart.o [1]
s_rx_r                  0x0000cd    0x1  Data  Lc  ek_uart.o [1]
s_rx_w                  0x0000cc    0x1  Data  Lc  ek_uart.o [1]
s_temp_filter_cnt       0x0000d2    0x1  Data  Lc  heater_ctrl.o [1]
s_temp_last             0x0000d1    0x1  Data  Lc  heater_ctrl.o [1]
s_vol_start             0x000010    0x2  Data  Lc  heater_ctrl.o [1]
stm8_es1642_write       0x009b02   0x21  Code  Lc  es1642_port_stm8.o [1]
val                     0x0000d6    0x1  Data  Gb  heater_ctrl.o [1]


[1] = F:\Cubemx_Project\STM8XB\stm8s003f3p6_template_led_and_printf\EWSTM8\STM8S003F3\Obj
[2] = command line
[3] = dbgstm8smd.a
[4] = dlstm8smn.a

  7 160 bytes of readonly  code memory
    796 bytes of readonly  data memory
    471 bytes of readwrite data memory

Errors: none
Warnings: none
