###############################################################################
#
# IAR ELF Linker V3.11.1.207 for STM8                     21/Apr/2026  16:36:39
# Copyright 2010-2019 IAR Systems AB.
#
#    Output file  =  
#        F:\Cubemx_Project\STM8XB\stm8s003f3p6_template_led_and_printf\EWSTM8\STM8S003F3\Exe\ek_stm8_template.out
#    Map file     =  
#        F:\Cubemx_Project\STM8XB\stm8s003f3p6_template_led_and_printf\EWSTM8\STM8S003F3\List\ek_stm8_template.map
#    Command line =  
#        -f C:\Users\AUSU\AppData\Local\Temp\EW13F5.tmp
#        (F:\Cubemx_Project\STM8XB\stm8s003f3p6_template_led_and_printf\EWSTM8\STM8S003F3\Obj\ek_clk.o
#        F:\Cubemx_Project\STM8XB\stm8s003f3p6_template_led_and_printf\EWSTM8\STM8S003F3\Obj\ek_gpio.o
#        F:\Cubemx_Project\STM8XB\stm8s003f3p6_template_led_and_printf\EWSTM8\STM8S003F3\Obj\ek_tim.o
#        F:\Cubemx_Project\STM8XB\stm8s003f3p6_template_led_and_printf\EWSTM8\STM8S003F3\Obj\ek_uart.o
#        F:\Cubemx_Project\STM8XB\stm8s003f3p6_template_led_and_printf\EWSTM8\STM8S003F3\Obj\es1642.o
#        F:\Cubemx_Project\STM8XB\stm8s003f3p6_template_led_and_printf\EWSTM8\STM8S003F3\Obj\es1642_port_stm8.o
#        F:\Cubemx_Project\STM8XB\stm8s003f3p6_template_led_and_printf\EWSTM8\STM8S003F3\Obj\main.o
#        F:\Cubemx_Project\STM8XB\stm8s003f3p6_template_led_and_printf\EWSTM8\STM8S003F3\Obj\stm8s_adc1.o
#        F:\Cubemx_Project\STM8XB\stm8s003f3p6_template_led_and_printf\EWSTM8\STM8S003F3\Obj\stm8s_awu.o
#        F:\Cubemx_Project\STM8XB\stm8s003f3p6_template_led_and_printf\EWSTM8\STM8S003F3\Obj\stm8s_beep.o
#        F:\Cubemx_Project\STM8XB\stm8s003f3p6_template_led_and_printf\EWSTM8\STM8S003F3\Obj\stm8s_clk.o
#        F:\Cubemx_Project\STM8XB\stm8s003f3p6_template_led_and_printf\EWSTM8\STM8S003F3\Obj\stm8s_exti.o
#        F:\Cubemx_Project\STM8XB\stm8s003f3p6_template_led_and_printf\EWSTM8\STM8S003F3\Obj\stm8s_flash.o
#        F:\Cubemx_Project\STM8XB\stm8s003f3p6_template_led_and_printf\EWSTM8\STM8S003F3\Obj\stm8s_gpio.o
#        F:\Cubemx_Project\STM8XB\stm8s003f3p6_template_led_and_printf\EWSTM8\STM8S003F3\Obj\stm8s_i2c.o
#        F:\Cubemx_Project\STM8XB\stm8s003f3p6_template_led_and_printf\EWSTM8\STM8S003F3\Obj\stm8s_it.o
#        F:\Cubemx_Project\STM8XB\stm8s003f3p6_template_led_and_printf\EWSTM8\STM8S003F3\Obj\stm8s_itc.o
#        F:\Cubemx_Project\STM8XB\stm8s003f3p6_template_led_and_printf\EWSTM8\STM8S003F3\Obj\stm8s_iwdg.o
#        F:\Cubemx_Project\STM8XB\stm8s003f3p6_template_led_and_printf\EWSTM8\STM8S003F3\Obj\stm8s_rst.o
#        F:\Cubemx_Project\STM8XB\stm8s003f3p6_template_led_and_printf\EWSTM8\STM8S003F3\Obj\stm8s_spi.o
#        F:\Cubemx_Project\STM8XB\stm8s003f3p6_template_led_and_printf\EWSTM8\STM8S003F3\Obj\stm8s_tim1.o
#        F:\Cubemx_Project\STM8XB\stm8s003f3p6_template_led_and_printf\EWSTM8\STM8S003F3\Obj\stm8s_tim2.o
#        F:\Cubemx_Project\STM8XB\stm8s003f3p6_template_led_and_printf\EWSTM8\STM8S003F3\Obj\stm8s_tim4.o
#        F:\Cubemx_Project\STM8XB\stm8s003f3p6_template_led_and_printf\EWSTM8\STM8S003F3\Obj\stm8s_uart1.o
#        F:\Cubemx_Project\STM8XB\stm8s003f3p6_template_led_and_printf\EWSTM8\STM8S003F3\Obj\stm8s_wwdg.o
#        --redirect _Printf=_PrintfSmall --redirect _Scanf=_ScanfSmall
#        --no_out_extension -o
#        F:\Cubemx_Project\STM8XB\stm8s003f3p6_template_led_and_printf\EWSTM8\STM8S003F3\Exe\ek_stm8_template.out
#        --map
#        F:\Cubemx_Project\STM8XB\stm8s003f3p6_template_led_and_printf\EWSTM8\STM8S003F3\List\ek_stm8_template.map
#        --config E:\IARSTM8\stm8\config\lnkstm8s003f3.icf --config_def
#        _CSTACK_SIZE=0x100 --config_def _HEAP_SIZE=0x100 --entry
#        __iar_program_start --debug_lib)
#
###############################################################################

*******************************************************************************
*** RUNTIME MODEL ATTRIBUTES
***

__SystemLibrary            = DLib
__code_model               = small
__core                     = stm8
__data_model               = medium
__dlib_file_descriptor     = 0
__dlib_full_locale_support = 0
__rt_version               = 4


*******************************************************************************
*** PLACEMENT SUMMARY
***

"A0":  place at start of [0x000000-0x0000ff] { rw section .vregs };
"A1":  place at end of [0x000000-0x0003ff] { block CSTACK };
"P2":  place in [from 0x000000 to 0x0003ff] {
          block HEAP, rw section __DLIB_PERTHREAD, rw section .far.bss,
          rw section .far.data, rw section .far.noinit,
          rw section .far_func.textrw, rw section .huge.bss,
          rw section .huge.data, rw section .huge.noinit,
          rw section .huge_func.textrw, rw section .iar.dynexit,
          rw section .near.bss, rw section .near.data, rw section .near.noinit,
          rw section .near_func.textrw };
"A2":  place at start of [0x008000-0x009fff] { block INTVEC };
"P3":  place in [from 0x008000 to 0x009fff] {
          ro section __DLIB_PERTHREAD_init, ro section .far.data_init,
          ro section .far_func.textrw_init, ro section .huge.data_init,
          ro section .huge_func.textrw_init, ro section .iar.init_table,
          ro section .init_array, ro section .near.data_init,
          ro section .near.rodata, ro section .near_func.text,
          ro section .near_func.textrw_init, ro section .tiny.data_init,
          ro section .tiny.rodata_init };
"P4":  place in [from 0x008000 to 0x009fff] {
          ro section .far.rodata, ro section .far_func.text };
"P5":  place in [from 0x008000 to 0x009fff] {
          ro section .huge.rodata, ro section .huge_func.text };
do not initialize {
   rw section .eeprom.noinit, rw section .far.noinit, rw section .huge.noinit,
   rw section .near.noinit, rw section .tiny.noinit, rw section .vregs };

No sections matched the following patterns:

  ro section .far.data_init          in "P3-P5"
  ro section .far.rodata             in "P3-P5"
  ro section .far_func.text          in "P3-P5"
  ro section .far_func.textrw_init   in "P3-P5"
  ro section .huge.data_init         in "P3-P5"
  ro section .huge.rodata            in "P3-P5"
  ro section .huge_func.text         in "P3-P5"
  ro section .huge_func.textrw_init  in "P3-P5"
  ro section .iar.init_table         in "P3-P5"
  ro section .init_array             in "P3-P5"
  ro section .near.data_init         in "P3-P5"
  ro section .near_func.textrw_init  in "P3-P5"
  ro section .tiny.data_init         in "P3-P5"
  ro section .tiny.rodata_init       in "P3-P5"
  ro section __DLIB_PERTHREAD_init   in "P3-P5"
  rw section .far.bss                in "P2"
  rw section .far.data               in "P2"
  rw section .far.noinit             in "P2"
  rw section .far_func.textrw        in "P2"
  rw section .huge.bss               in "P2"
  rw section .huge.data              in "P2"
  rw section .huge.noinit            in "P2"
  rw section .huge_func.textrw       in "P2"
  rw section .iar.dynexit            in "P2"
  rw section .near.data              in "P2"
  rw section .near.noinit            in "P2"
  rw section .near_func.textrw       in "P2"
  rw section .tiny.bss               in "P1"
  rw section .tiny.data              in "P1"
  rw section .tiny.noinit            in "P1"
  rw section .tiny.rodata            in "P1"
  rw section __DLIB_PERTHREAD        in "P2"
  section .eeprom.data               in "P6-P8"
  section .eeprom.noinit             in "P6-P8"
  section .eeprom.rodata             in "P6-P8"


  Section          Kind      Address    Size  Object
  -------          ----      -------    ----  ------
"A0":                                   0x10
  .vregs           uninit   0x000000    0x10  vregs.o [4]
                          - 0x000010    0x10

"P2":                                   0x9f
  .near.bss        zero     0x000010    0x53  es1642_port_stm8.o [1]
  .near.bss        zero     0x000063    0x40  ek_uart.o [1]
  .near.bss        zero     0x0000a3     0x6  es1642_port_stm8.o [1]
  .near.bss        zero     0x0000a9     0x4  ek_tim.o [1]
  .near.bss        zero     0x0000ad     0x1  ek_uart.o [1]
  .near.bss        zero     0x0000ae     0x1  ek_uart.o [1]
                          - 0x0000af    0x9f

"A1":                                  0x100
  CSTACK                    0x000300   0x100  <Block>
    CSTACK         uninit   0x000300   0x100  <Block tail>
                          - 0x000400   0x100

"A2":                                   0x80
  INTVEC                    0x008000    0x80  <Block>
    .intvec        const    0x008000    0x80  interrupt.o [4]
                          - 0x008080    0x80

"P3-P5":                              0x1599
  .near_func.text  ro code  0x008080   0x476  es1642.o [1]
  .near_func.text  ro code  0x0084f6   0x1b7  stm8s_uart1.o [1]
  .near_func.text  ro code  0x0086ad   0x17b  long.o [4]
  .near_func.text  ro code  0x008828   0x144  vreg_util.o [4]
  .near_func.text  ro code  0x00896c    0xe6  es1642.o [1]
  .near_func.text  ro code  0x008a52    0xcc  es1642_port_stm8.o [1]
  .near_func.text  ro code  0x008b1e    0xb1  stm8s_gpio.o [1]
  .near_func.text  ro code  0x008bcf    0x95  stm8s_uart1.o [1]
  .near.rodata     const    0x008c64    0x71  stm8s_uart1.o [1]
  .near.rodata     const    0x008cd5    0x70  stm8s_gpio.o [1]
  .near.rodata     const    0x008d45    0x70  stm8s_tim4.o [1]
  .near.rodata     const    0x008db5    0x6f  stm8s_clk.o [1]
  .near_func.text  ro code  0x008e24    0x63  stm8s_uart1.o [1]
  .near_func.text  ro code  0x008e87    0x62  es1642.o [1]
  .near_func.text  ro code  0x008ee9    0x47  long_util.o [4]
  .near_func.text  ro code  0x008f30    0x42  ek_gpio.o [1]
  .near_func.text  ro code  0x008f72    0x3b  es1642.o [1]
  .near_func.text  ro code  0x008fad    0x3b  stm8s_clk.o [1]
  .near_func.text  ro code  0x008fe8    0x3a  stm8s_tim4.o [1]
  .near_func.text  ro code  0x009022    0x37  es1642.o [1]
  .near_func.text  ro code  0x009059    0x36  stm8s_clk.o [1]
  .near_func.text  ro code  0x00908f    0x34  stm8s_tim4.o [1]
  .near_func.text  ro code  0x0090c3    0x33  es1642_port_stm8.o [1]
  .near_func.text  ro code  0x0090f6    0x2b  stm8s_uart1.o [1]
  .near_func.text  ro code  0x009121    0x2a  ek_uart.o [1]
  .near_func.text  ro code  0x00914b    0x2a  es1642.o [1]
  .near_func.text  ro code  0x009175    0x2a  es1642.o [1]
  .near_func.text  ro code  0x00919f    0x28  stm8s_clk.o [1]
  .near_func.text  ro code  0x0091c7    0x26  ek_uart.o [1]
  .near_func.text  ro code  0x0091ed    0x25  dc_util.o [4]
  .near_func.text  ro code  0x009212    0x24  ek_tim.o [1]
  .near_func.text  ro code  0x009236    0x24  ek_uart.o [1]
  .near_func.text  ro code  0x00925a    0x23  ek_uart.o [1]
  .near_func.text  ro code  0x00927d    0x23  main.o [1]
  .near_func.text  ro code  0x0092a0    0x21  es1642_port_stm8.o [1]
  .iar.init_table  const    0x0092c1     0x8  - Linker created -
  .near_func.text  ro code  0x0092c9    0x1f  memcpy.o [4]
  .near_func.text  ro code  0x0092e8    0x1e  stm8s_it.o [1]
  .near_func.text  ro code  0x009306    0x1e  init_small.o [4]
  .near_func.text  ro code  0x009324    0x19  ek_tim.o [1]
  .near_func.text  ro code  0x00933d    0x19  ek_tim.o [1]
  .near_func.text  ro code  0x009356    0x19  stm8s_tim4.o [1]
  .near_func.text  ro code  0x00936f    0x19  stm8s_tim4.o [1]
  .near_func.text  ro code  0x009388    0x19  stm8s_tim4.o [1]
  .near_func.text  ro code  0x0093a1    0x18  es1642.o [1]
  .near_func.text  ro code  0x0093b9    0x18  es1642_port_stm8.o [1]
  .near_func.text  ro code  0x0093d1    0x17  es1642.o [1]
  .near_func.text  ro code  0x0093e8    0x16  ek_gpio.o [1]
  .near_func.text  ro code  0x0093fe    0x16  stm8s_it.o [1]
  .near_func.text  ro code  0x009414    0x16  stm8s_tim4.o [1]
  .near_func.text  ro code  0x00942a    0x16  stm8s_tim4.o [1]
  .near_func.text  ro code  0x009440    0x16  memset.o [4]
  .near_func.text  ro code  0x009456    0x14  init.o [4]
  .near_func.text  ro code  0x00946a    0x14  __dbg_xxexit.o [3]
  .near_func.text  ro code  0x00947e    0x13  cstartup.o [4]
  .near_func.text  ro code  0x009491    0x12  es1642.o [1]
  .near_func.text  ro code  0x0094a3     0xf  es1642.o [1]
  .near_func.text  ro code  0x0094b2     0xe  es1642.o [1]
  .near_func.text  ro code  0x0094c0     0xe  es1642_port_stm8.o [1]
  .near_func.text  ro code  0x0094ce     0xd  move.o [4]
  .near_func.text  ro code  0x0094db     0xd  short.o [4]
  .near_func.text  ro code  0x0094e8     0xb  es1642.o [1]
  .near_func.text  ro code  0x0094f3     0xb  es1642.o [1]
  .near_func.text  ro code  0x0094fe     0xb  stm8s_clk.o [1]
  .near_func.text  ro code  0x009509     0xb  stm8s_gpio.o [1]
  .near_func.text  ro code  0x009514     0xb  stm8s_tim4.o [1]
  .near_func.text  ro code  0x00951f     0xb  stm8s_uart1.o [1]
  .near_func.text  ro code  0x00952a     0xa  es1642.o [1]
  .near_func.text  ro code  0x009534     0x9  ek_tim.o [1]
  .near_func.text  ro code  0x00953d     0x9  ek_uart.o [1]
  .near_func.text  ro code  0x009546     0x9  es1642.o [1]
  .near_func.text  ro code  0x00954f     0x9  stm8s_clk.o [1]
  .near_func.text  ro code  0x009558     0x9  stm8s_uart1.o [1]
  .near_func.text  ro code  0x009561     0x8  ek_clk.o [1]
  .near_func.text  ro code  0x009569     0x8  ek_gpio.o [1]
  .near_func.text  ro code  0x009571     0x8  es1642.o [1]
  .near_func.text  ro code  0x009579     0x8  stm8s_uart1.o [1]
  .near_func.text  ro code  0x009581     0x8  stm8s_uart1.o [1]
  .near_func.text  ro code  0x009589     0x7  es1642.o [1]
  .near_func.text  ro code  0x009590     0x7  es1642.o [1]
  .near_func.text  ro code  0x009597     0x7  es1642.o [1]
  .near.rodata     const    0x00959e     0x6  es1642_port_stm8.o [1]
  .near_func.text  ro code  0x0095a4     0x6  ek_gpio.o [1]
  .near_func.text  ro code  0x0095aa     0x6  es1642.o [1]
  .near_func.text  ro code  0x0095b0     0x6  es1642.o [1]
  .near_func.text  ro code  0x0095b6     0x6  es1642.o [1]
  .near_func.text  ro code  0x0095bc     0x6  es1642.o [1]
  .near_func.text  ro code  0x0095c2     0x6  stm8s_uart1.o [1]
  .near_func.text  ro code  0x0095c8     0x5  es1642.o [1]
  .near_func.text  ro code  0x0095cd     0x5  es1642.o [1]
  .near_func.text  ro code  0x0095d2     0x5  cexit.o [4]
  .near.rodata     const    0x0095d7     0x4  es1642_port_stm8.o [1]
  .near.rodata     const    0x0095db     0x4  es1642_port_stm8.o [1]
  .near.rodata     const    0x0095df     0x4  stm8s_clk.o [1]
  .near_func.text  ro code  0x0095e3     0x4  es1642.o [1]
  .near_func.text  ro code  0x0095e7     0x4  stm8s_gpio.o [1]
  .near_func.text  ro code  0x0095eb     0x4  stm8s_uart1.o [1]
  .near_func.text  ro code  0x0095ef     0x4  stm8s_uart1.o [1]
  .near_func.text  ro code  0x0095f3     0x3  es1642_port_stm8.o [1]
  .near_func.text  ro code  0x0095f6     0x3  interrupt.o [4]
  .near_func.text  ro code  0x0095f9     0x3  low_level_init.o [4]
  .near_func.text  ro code  0x0095fc     0x3  exit.o [4]
  .near_func.text  ro code  0x0095ff     0x3  unhandled_exception.o [4]
  .near_func.text  ro code  0x009602     0x2  main.o [1]
  .near_func.text  ro code  0x009604     0x1  ek_tim.o [1]
  .near_func.text  ro code  0x009605     0x1  es1642_port_stm8.o [1]
  .near_func.text  ro code  0x009606     0x1  stm8s_it.o [1]
  .near_func.text  ro code  0x009607     0x1  stm8s_it.o [1]
  .near_func.text  ro code  0x009608     0x1  stm8s_it.o [1]
  .near_func.text  ro code  0x009609     0x1  stm8s_it.o [1]
  .near_func.text  ro code  0x00960a     0x1  stm8s_it.o [1]
  .near_func.text  ro code  0x00960b     0x1  stm8s_it.o [1]
  .near_func.text  ro code  0x00960c     0x1  stm8s_it.o [1]
  .near_func.text  ro code  0x00960d     0x1  stm8s_it.o [1]
  .near_func.text  ro code  0x00960e     0x1  stm8s_it.o [1]
  .near_func.text  ro code  0x00960f     0x1  stm8s_it.o [1]
  .near_func.text  ro code  0x009610     0x1  stm8s_it.o [1]
  .near_func.text  ro code  0x009611     0x1  stm8s_it.o [1]
  .near_func.text  ro code  0x009612     0x1  stm8s_it.o [1]
  .near_func.text  ro code  0x009613     0x1  stm8s_it.o [1]
  .near_func.text  ro code  0x009614     0x1  stm8s_it.o [1]
  .near_func.text  ro code  0x009615     0x1  stm8s_it.o [1]
  .near_func.text  ro code  0x009616     0x1  stm8s_it.o [1]
  .near_func.text  ro code  0x009617     0x1  stm8s_it.o [1]
  .near_func.text  ro code  0x009618     0x1  __dbg_break.o [3]
                          - 0x009619  0x1599


*******************************************************************************
*** INIT TABLE
***

          Address   Size
          -------   ----
Zero (__iar_zero_init2)
    1 destination range, total size 0x9f:
          0x000010  0x9f



*******************************************************************************
*** MODULE SUMMARY
***

    Module                 ro code  ro data  rw data
    ------                 -------  -------  -------
F:\Cubemx_Project\STM8XB\stm8s003f3p6_template_led_and_printf\EWSTM8\STM8S003F3\Obj: [1]
    ek_clk.o                     8
    ek_gpio.o                  102
    ek_tim.o                    96                 4
    ek_uart.o                  160                66
    es1642.o                 1 870
    es1642_port_stm8.o         330       14       89
    main.o                      37
    stm8s_clk.o                173      115
    stm8s_gpio.o               192      112
    stm8s_it.o                  70
    stm8s_tim4.o               240      112
    stm8s_uart1.o              780      113
    ------------------------------------------------
    Total:                   4 058      466      159

command line: [2]
    ------------------------------------------------
    Total:

dbgstm8smd.a: [3]
    __dbg_break.o                1
    __dbg_xxexit.o              20
    ------------------------------------------------
    Total:                      21

dlstm8smn.a: [4]
    cexit.o                      5
    cstartup.o                  19
    dc_util.o                   37
    exit.o                       3
    init.o                      20
    init_small.o                30
    interrupt.o                  3      128
    long.o                     379
    long_util.o                 71
    low_level_init.o             3
    memcpy.o                    31
    memset.o                    22
    move.o                      13
    short.o                     13
    unhandled_exception.o        3
    vreg_util.o                324
    vregs.o                                       16
    ------------------------------------------------
    Total:                     976      128       16

    Linker created                        8      256
----------------------------------------------------
    Grand Total:             5 055      602      431


*******************************************************************************
*** ENTRY LIST
***

Entry                    Address   Size  Type      Object
-----                    -------   ----  ----      ------
.iar.init_table$$Base   0x0092c1          --   Gb  - Linker created -
.iar.init_table$$Limit  0x0092c9          --   Gb  - Linker created -
?b0                     0x000000         Data  Gb  vregs.o [4]
?b1                     0x000001         Data  Gb  vregs.o [4]
?b10                    0x00000a         Data  Gb  vregs.o [4]
?b11                    0x00000b         Data  Gb  vregs.o [4]
?b12                    0x00000c         Data  Gb  vregs.o [4]
?b13                    0x00000d         Data  Gb  vregs.o [4]
?b14                    0x00000e         Data  Gb  vregs.o [4]
?b15                    0x00000f         Data  Gb  vregs.o [4]
?b2                     0x000002         Data  Gb  vregs.o [4]
?b3                     0x000003         Data  Gb  vregs.o [4]
?b4                     0x000004         Data  Gb  vregs.o [4]
?b5                     0x000005         Data  Gb  vregs.o [4]
?b6                     0x000006         Data  Gb  vregs.o [4]
?b7                     0x000007         Data  Gb  vregs.o [4]
?b8                     0x000008         Data  Gb  vregs.o [4]
?b9                     0x000009         Data  Gb  vregs.o [4]
?dc32_l0                0x0091ed         Code  Gb  dc_util.o [4]
?dc32_l1                0x0091fa         Code  Gb  dc_util.o [4]
?dc32_px                0x009207         Code  Gb  dc_util.o [4]
?dec32_0x_0x            0x0086b2         Code  Gb  long.o [4]
?dec32_l0_l0            0x0086ad         Code  Gb  long.o [4]
?e0                     0x000001         Data  Gb  vregs.o [4]
?e1                     0x000005         Data  Gb  vregs.o [4]
?e2                     0x000009         Data  Gb  vregs.o [4]
?e3                     0x00000d         Data  Gb  vregs.o [4]
?epilogue_l2            0x0088c3         Code  Gb  vreg_util.o [4]
?epilogue_l2_l3         0x0088c0         Code  Gb  vreg_util.o [4]
?epilogue_l2_w6         0x0088c7         Code  Gb  vreg_util.o [4]
?epilogue_w4            0x0088ce         Code  Gb  vreg_util.o [4]
?l0                     0x000000         Data  Gb  vregs.o [4]
?l1                     0x000004         Data  Gb  vregs.o [4]
?l2                     0x000008         Data  Gb  vregs.o [4]
?l3                     0x00000c         Data  Gb  vregs.o [4]
?load32_0x_l0           0x008f22         Code  Gb  long_util.o [4]
?load32_asp_l0          0x008f16         Code  Gb  long_util.o [4]
?load32_dbsp_l0         0x008f11         Code  Gb  long_util.o [4]
?load32_l0_0x           0x008ef9         Code  Gb  long_util.o [4]
?load32_l0_asp          0x008eee         Code  Gb  long_util.o [4]
?load32_l0_dbsp         0x008ee9         Code  Gb  long_util.o [4]
?load32_l0_xsp          0x008ef0         Code  Gb  long_util.o [4]
?load32_l1_0x           0x008f05         Code  Gb  long_util.o [4]
?load32_xsp_l0          0x008f18         Code  Gb  long_util.o [4]
?mov_e0_e2              0x008914         Code  Gb  vreg_util.o [4]
?mov_e0_e3              0x008921         Code  Gb  vreg_util.o [4]
?mov_e1_e0              0x00892e         Code  Gb  vreg_util.o [4]
?mov_e1_e2              0x00893b         Code  Gb  vreg_util.o [4]
?mov_e1_e3              0x008948         Code  Gb  vreg_util.o [4]
?mov_e2_e0              0x008955         Code  Gb  vreg_util.o [4]
?mov_e3_e0              0x008962         Code  Gb  vreg_util.o [4]
?mov_l0_l2              0x008911         Code  Gb  vreg_util.o [4]
?mov_l0_l3              0x00891e         Code  Gb  vreg_util.o [4]
?mov_l1_l0              0x00892b         Code  Gb  vreg_util.o [4]
?mov_l1_l2              0x008938         Code  Gb  vreg_util.o [4]
?mov_l1_l3              0x008945         Code  Gb  vreg_util.o [4]
?mov_l2_l0              0x008952         Code  Gb  vreg_util.o [4]
?mov_l3_l0              0x00895f         Code  Gb  vreg_util.o [4]
?mov_w0_w4              0x0088d2         Code  Gb  vreg_util.o [4]
?mov_w0_w7              0x0088d9         Code  Gb  vreg_util.o [4]
?mov_w1_w5              0x008917         Code  Gb  vreg_util.o [4]
?mov_w1_w6              0x0088e0         Code  Gb  vreg_util.o [4]
?mov_w1_w7              0x008924         Code  Gb  vreg_util.o [4]
?mov_w2_w1              0x0088e7         Code  Gb  vreg_util.o [4]
?mov_w2_w6              0x0088ee         Code  Gb  vreg_util.o [4]
?mov_w3_w1              0x008931         Code  Gb  vreg_util.o [4]
?mov_w3_w5              0x00893e         Code  Gb  vreg_util.o [4]
?mov_w3_w7              0x00894b         Code  Gb  vreg_util.o [4]
?mov_w4_w0              0x0088f5         Code  Gb  vreg_util.o [4]
?mov_w4_w1              0x0088fc         Code  Gb  vreg_util.o [4]
?mov_w5_w1              0x008958         Code  Gb  vreg_util.o [4]
?mov_w7_w0              0x008903         Code  Gb  vreg_util.o [4]
?mov_w7_w1              0x008965         Code  Gb  vreg_util.o [4]
?mov_w7_w6              0x00890a         Code  Gb  vreg_util.o [4]
?move1616_v_x_y_a       0x0094ce         Code  Gb  move.o [4]
?mul32_l0_l0_0x         0x0086e4         Code  Gb  long.o [4]
?mul32_l0_l0_dl         0x0086e1         Code  Gb  long.o [4]
?mul32_l0_l0_l1         0x0086ed         Code  Gb  long.o [4]
?or32_l0_l0_0x          0x0087ee         Code  Gb  long.o [4]
?or32_l0_l0_l1          0x0087eb         Code  Gb  long.o [4]
?pop_l0                 0x00888c         Code  Gb  vreg_util.o [4]
?pop_l1                 0x008897         Code  Gb  vreg_util.o [4]
?pop_l2                 0x0088a2         Code  Gb  vreg_util.o [4]
?pop_l3                 0x0088ad         Code  Gb  vreg_util.o [4]
?pop_w4                 0x008845         Code  Gb  vreg_util.o [4]
?pop_w6                 0x00884c         Code  Gb  vreg_util.o [4]
?push_l0                0x00885b         Code  Gb  vreg_util.o [4]
?push_l1                0x008860         Code  Gb  vreg_util.o [4]
?push_l2                0x008865         Code  Gb  vreg_util.o [4]
?push_l3                0x00886a         Code  Gb  vreg_util.o [4]
?push_w4                0x008828         Code  Gb  vreg_util.o [4]
?push_w6                0x00882d         Code  Gb  vreg_util.o [4]
?sll16_x_x_a            0x0094db         Code  Gb  short.o [4]
?sll32_0x_0x_a          0x008809         Code  Gb  long.o [4]
?sll32_l0_l0_a          0x008806         Code  Gb  long.o [4]
?srl16_x_x_4            0x0094e3         Code  Gb  short.o [4]
?srl32_0x_0x_a          0x00881a         Code  Gb  long.o [4]
?srl32_l0_l0_a          0x008817         Code  Gb  long.o [4]
?sub32_l0_l0_0x         0x0086c9         Code  Gb  long.o [4]
?sub32_l0_l0_l1         0x0086c6         Code  Gb  long.o [4]
?ucmp32_c_l0_l1         0x0087e0         Code  Gb  long.o [4]
?udiv32_l0_dl_l1        0x00876b         Code  Gb  long.o [4]
?udiv32_l0_l0_dl        0x008770         Code  Gb  long.o [4]
?udiv32_l0_l0_l1        0x008773         Code  Gb  long.o [4]
?umod32_l1_l0_l1        0x008773         Code  Gb  long.o [4]
?w0                     0x000000         Data  Gb  vregs.o [4]
?w1                     0x000002         Data  Gb  vregs.o [4]
?w2                     0x000004         Data  Gb  vregs.o [4]
?w3                     0x000006         Data  Gb  vregs.o [4]
?w4                     0x000008         Data  Gb  vregs.o [4]
?w5                     0x00000a         Data  Gb  vregs.o [4]
?w6                     0x00000c         Data  Gb  vregs.o [4]
?w7                     0x00000e         Data  Gb  vregs.o [4]
ADC1_IRQHandler         0x009616    0x1  Code  Gb  stm8s_it.o [1]
AWU_IRQHandler          0x009608    0x1  Code  Gb  stm8s_it.o [1]
CLK_DeInit              0x009059   0x36  Code  Gb  stm8s_clk.o [1]
CLK_GetClockFreq        0x008fad   0x3b  Code  Gb  stm8s_clk.o [1]
CLK_HSIPrescalerConfig  0x00919f   0x28  Code  Gb  stm8s_clk.o [1]
CLK_IRQHandler          0x009609    0x1  Code  Gb  stm8s_it.o [1]
CSTACK$$Base            0x000300          --   Gb  - Linker created -
CSTACK$$Limit           0x000400          --   Gb  - Linker created -
EEPROM_EEC_IRQHandler   0x009617    0x1  Code  Gb  stm8s_it.o [1]
ES1642_DecodeEmptyResponse
                        0x009175   0x2a  Code  Gb  es1642.o [1]
ES1642_DecodeMac        0x009022   0x37  Code  Gb  es1642.o [1]
ES1642_DecodeRecvData   0x00896c   0xe6  Code  Gb  es1642.o [1]
ES1642_DecodeSearchNotify
                        0x008e87   0x62  Code  Gb  es1642.o [1]
ES1642_Init             0x00914b   0x2a  Code  Gb  es1642.o [1]
ES1642_InputByte        0x008285  0x105  Code  Gb  es1642.o [1]
ES1642_ParseFrame       0x008145  0x135  Code  Gb  es1642.o [1]
ES1642_ReadMac          0x0094c0    0xe  Code  Gb  es1642_port_stm8.o [1]
ES1642_ResetRx          0x0094b2    0xe  Code  Gb  es1642.o [1]
ES1642_SendData         0x0083de   0x85  Code  Gb  es1642.o [1]
ES1642_SendFrame        0x008080   0xb8  Code  Gb  es1642.o [1]
ES1642_SendReadMac      0x0083b1    0xc  Code  Gb  es1642.o [1]
ES1642_SendSearchReply  0x008469   0x81  Code  Gb  es1642.o [1]
ES1642_SendSetAddr      0x0083c4   0x1a  Code  Gb  es1642.o [1]
EXTI_PORTA_IRQHandler   0x00960a    0x1  Code  Gb  stm8s_it.o [1]
EXTI_PORTB_IRQHandler   0x00960b    0x1  Code  Gb  stm8s_it.o [1]
EXTI_PORTC_IRQHandler   0x00960c    0x1  Code  Gb  stm8s_it.o [1]
EXTI_PORTD_IRQHandler   0x00960d    0x1  Code  Gb  stm8s_it.o [1]
EXTI_PORTE_IRQHandler   0x00960e    0x1  Code  Gb  stm8s_it.o [1]
GPIO_Init               0x008b1e   0xb1  Code  Gb  stm8s_gpio.o [1]
GPIO_WriteLow           0x0095e7    0x4  Code  Gb  stm8s_gpio.o [1]
HSIDivFactor            0x0095df    0x4  Data  Gb  stm8s_clk.o [1]
I2C_IRQHandler          0x009615    0x1  Code  Gb  stm8s_it.o [1]
INTVEC$$Base            0x008000          --   Gb  - Linker created -
INTVEC$$Limit           0x008080          --   Gb  - Linker created -
Region$$Table$$Base     0x0092c1          --   Gb  - Linker created -
Region$$Table$$Limit    0x0092c9          --   Gb  - Linker created -
SPI_IRQHandler          0x00960f    0x1  Code  Gb  stm8s_it.o [1]
TIM1_CAP_COM_IRQHandler
                        0x009611    0x1  Code  Gb  stm8s_it.o [1]
TIM1_UPD_OVF_TRG_BRK_IRQHandler
                        0x009610    0x1  Code  Gb  stm8s_it.o [1]
TIM2_CAP_COM_IRQHandler
                        0x009613    0x1  Code  Gb  stm8s_it.o [1]
TIM2_UPD_OVF_BRK_IRQHandler
                        0x009612    0x1  Code  Gb  stm8s_it.o [1]
TIM4_ARRPreloadConfig   0x00942a   0x16  Code  Gb  stm8s_tim4.o [1]
TIM4_ClearFlag          0x00936f   0x19  Code  Gb  stm8s_tim4.o [1]
TIM4_ClearITPendingBit  0x009388   0x19  Code  Gb  stm8s_tim4.o [1]
TIM4_Cmd                0x009414   0x16  Code  Gb  stm8s_tim4.o [1]
TIM4_DeInit             0x009356   0x19  Code  Gb  stm8s_tim4.o [1]
TIM4_ITConfig           0x00908f   0x34  Code  Gb  stm8s_tim4.o [1]
TIM4_TimeBaseInit       0x008fe8   0x3a  Code  Gb  stm8s_tim4.o [1]
TIM4_UPD_OVF_IRQHandler
                        0x0092e8   0x1e  Code  Gb  stm8s_it.o [1]
TLI_IRQHandler          0x009607    0x1  Code  Gb  stm8s_it.o [1]
TRAP_IRQHandler         0x009606    0x1  Code  Gb  stm8s_it.o [1]
UART1_DeInit            0x0090f6   0x2b  Code  Gb  stm8s_uart1.o [1]
UART1_GetFlagStatus     0x008e24   0x63  Code  Gb  stm8s_uart1.o [1]
UART1_ITConfig          0x008bcf   0x95  Code  Gb  stm8s_uart1.o [1]
UART1_Init              0x0084f6  0x1b7  Code  Gb  stm8s_uart1.o [1]
UART1_RX_IRQHandler     0x0093fe   0x16  Code  Gb  stm8s_it.o [1]
UART1_ReceiveData8      0x0095eb    0x4  Code  Gb  stm8s_uart1.o [1]
UART1_SendData8         0x0095ef    0x4  Code  Gb  stm8s_uart1.o [1]
UART1_TX_IRQHandler     0x009614    0x1  Code  Gb  stm8s_it.o [1]
__DebugBreak            0x009618    0x1  Code  Gb  __dbg_break.o [3]
__exit                  0x00946a   0x14  Code  Gb  __dbg_xxexit.o [3]
__iar_data_init2        0x009456   0x14  Code  Gb  init.o [4]
__iar_program_start     0x00947e         Code  Gb  cstartup.o [4]
__iar_unhandled_exception
                        0x0095ff         Code  Gb  unhandled_exception.o [4]
__iar_zero_init2        0x009306         Code  Gb  init_small.o [4]
__intvec                0x008000         Data  Gb  interrupt.o [4]
__low_level_init        0x0095f9    0x3  Code  Gb  low_level_init.o [4]
_exit                   0x0095d2         Code  Gb  cexit.o [4]
_interrupt_1            0x009606         Code  Gb  stm8s_it.o [1]
_interrupt_12           0x00960f         Code  Gb  stm8s_it.o [1]
_interrupt_13           0x009610         Code  Gb  stm8s_it.o [1]
_interrupt_14           0x009611         Code  Gb  stm8s_it.o [1]
_interrupt_15           0x009612         Code  Gb  stm8s_it.o [1]
_interrupt_16           0x009613         Code  Gb  stm8s_it.o [1]
_interrupt_19           0x009614         Code  Gb  stm8s_it.o [1]
_interrupt_2            0x009607         Code  Gb  stm8s_it.o [1]
_interrupt_20           0x0093fe         Code  Gb  stm8s_it.o [1]
_interrupt_21           0x009615         Code  Gb  stm8s_it.o [1]
_interrupt_24           0x009616         Code  Gb  stm8s_it.o [1]
_interrupt_25           0x0092e8         Code  Gb  stm8s_it.o [1]
_interrupt_26           0x009617         Code  Gb  stm8s_it.o [1]
_interrupt_3            0x009608         Code  Gb  stm8s_it.o [1]
_interrupt_4            0x009609         Code  Gb  stm8s_it.o [1]
_interrupt_5            0x00960a         Code  Gb  stm8s_it.o [1]
_interrupt_6            0x00960b         Code  Gb  stm8s_it.o [1]
_interrupt_7            0x00960c         Code  Gb  stm8s_it.o [1]
_interrupt_8            0x00960d         Code  Gb  stm8s_it.o [1]
_interrupt_9            0x00960e         Code  Gb  stm8s_it.o [1]
assert_failed           0x009602    0x2  Code  Gb  main.o [1]
ek_delay                0x009324   0x19  Code  Gb  ek_tim.o [1]
ek_delay_counter        0x00933d   0x19  Code  Gb  ek_tim.o [1]
ek_delay_tick           0x0000a9    0x4  Data  Gb  ek_tim.o [1]
ek_gpio_init            0x008f30   0x42  Code  Gb  ek_gpio.o [1]
ek_soft_timer           0x009604    0x1  Code  Gb  ek_tim.o [1]
ek_sys_clk_init         0x009561    0x8  Code  Gb  ek_clk.o [1]
ek_sys_tim_init         0x009212   0x24  Code  Gb  ek_tim.o [1]
ek_uart_init            0x00925a   0x23  Code  Gb  ek_uart.o [1]
ek_uart_read_byte       0x009121   0x2a  Code  Gb  ek_uart.o [1]
ek_uart_rx_isr          0x009236   0x24  Code  Gb  ek_uart.o [1]
ek_uart_send_bytes      0x0091c7   0x26  Code  Gb  ek_uart.o [1]
es1642_app_init         0x0090c3   0x33  Code  Gb  es1642_port_stm8.o [1]
es1642_app_poll         0x0093b9   0x18  Code  Gb  es1642_port_stm8.o [1]
es1642_calc_checksum    0x008f72   0x3b  Code  Lc  es1642.o [1]
es1642_on_error         0x009605    0x1  Code  Lc  es1642_port_stm8.o [1]
es1642_on_frame         0x008a52   0xcc  Code  Lc  es1642_port_stm8.o [1]
es1642_uart_rx_irq_handler
                        0x0095f3    0x3  Code  Gb  es1642_port_stm8.o [1]
exit                    0x0095fc    0x3  Code  Gb  exit.o [4]
g_es1642                0x000010   0x53  Data  Lc  es1642_port_stm8.o [1]
mac_addr                0x0000a3    0x6  Data  Lc  es1642_port_stm8.o [1]
main                    0x00927d   0x23  Code  Gb  main.o [1]
memcpy                  0x0092c9   0x1f  Code  Gb  memcpy.o [4]
memset                  0x009440   0x16  Code  Gb  memset.o [4]
s_rx_fifo               0x000063   0x40  Data  Lc  ek_uart.o [1]
s_rx_r                  0x0000ae    0x1  Data  Lc  ek_uart.o [1]
s_rx_w                  0x0000ad    0x1  Data  Lc  ek_uart.o [1]
stm8_es1642_write       0x0092a0   0x21  Code  Lc  es1642_port_stm8.o [1]


[1] = F:\Cubemx_Project\STM8XB\stm8s003f3p6_template_led_and_printf\EWSTM8\STM8S003F3\Obj
[2] = command line
[3] = dbgstm8smd.a
[4] = dlstm8smn.a

  5 055 bytes of readonly  code memory
    602 bytes of readonly  data memory
    431 bytes of readwrite data memory

Errors: none
Warnings: none
